Component: ARM Compiler 5.06 (build 20) Tool: armlink [4d35a3]

==============================================================================

Section Cross References

    port.o(.emb_text) refers to tasks.o(i.vTaskSwitchContext) for vTaskSwitchContext
    port.o(.emb_text) refers to tasks.o(.data) for pxCurrentTCB
    port.o(i.prvTaskExitError) refers to port.o(.data) for uxCriticalNesting
    port.o(i.pxPortInitialiseStack) refers to port.o(i.prvTaskExitError) for prvTaskExitError
    port.o(i.vPortEndScheduler) refers to port.o(.data) for uxCriticalNesting
    port.o(i.vPortEnterCritical) refers to port.o(.data) for uxCriticalNesting
    port.o(i.vPortExitCritical) refers to port.o(.data) for uxCriticalNesting
    port.o(i.vPortSetupTimerInterrupt) refers to system_stm32l4xx_1.o(.data) for SystemCoreClock
    port.o(i.vPortValidateInterruptPriority) refers to port.o(.emb_text) for vPortGetIPSR
    port.o(i.vPortValidateInterruptPriority) refers to port.o(.data) for ucMaxSysCallPriority
    port.o(i.xPortStartScheduler) refers to port.o(i.vPortSetupTimerInterrupt) for vPortSetupTimerInterrupt
    port.o(i.xPortStartScheduler) refers to port.o(.emb_text) for __asm___6_port_c_39a90d8d__prvEnableVFP
    port.o(i.xPortStartScheduler) refers to port.o(.data) for ucMaxSysCallPriority
    port.o(i.xPortSysTickHandler) refers to tasks.o(i.xTaskIncrementTick) for xTaskIncrementTick
    timers.o(i.prvCheckForValidListAndQueue) refers to port.o(i.vPortEnterCritical) for vPortEnterCritical
    timers.o(i.prvCheckForValidListAndQueue) refers to list.o(i.vListInitialise) for vListInitialise
    timers.o(i.prvCheckForValidListAndQueue) refers to queue.o(i.xQueueGenericCreate) for xQueueGenericCreate
    timers.o(i.prvCheckForValidListAndQueue) refers to queue.o(i.vQueueAddToRegistry) for vQueueAddToRegistry
    timers.o(i.prvCheckForValidListAndQueue) refers to port.o(i.vPortExitCritical) for vPortExitCritical
    timers.o(i.prvCheckForValidListAndQueue) refers to timers.o(.data) for xTimerQueue
    timers.o(i.prvCheckForValidListAndQueue) refers to timers.o(.bss) for xActiveTimerList1
    timers.o(i.prvGetNextExpireTime) refers to timers.o(.data) for pxCurrentTimerList
    timers.o(i.prvInsertTimerInActiveList) refers to list.o(i.vListInsert) for vListInsert
    timers.o(i.prvInsertTimerInActiveList) refers to timers.o(.data) for pxOverflowTimerList
    timers.o(i.prvProcessExpiredTimer) refers to list.o(i.uxListRemove) for uxListRemove
    timers.o(i.prvProcessExpiredTimer) refers to timers.o(i.prvInsertTimerInActiveList) for prvInsertTimerInActiveList
    timers.o(i.prvProcessExpiredTimer) refers to timers.o(i.xTimerGenericCommand) for xTimerGenericCommand
    timers.o(i.prvProcessExpiredTimer) refers to timers.o(.data) for pxCurrentTimerList
    timers.o(i.prvProcessReceivedCommands) refers to list.o(i.uxListRemove) for uxListRemove
    timers.o(i.prvProcessReceivedCommands) refers to timers.o(i.prvSampleTimeNow) for prvSampleTimeNow
    timers.o(i.prvProcessReceivedCommands) refers to timers.o(i.prvInsertTimerInActiveList) for prvInsertTimerInActiveList
    timers.o(i.prvProcessReceivedCommands) refers to timers.o(i.xTimerGenericCommand) for xTimerGenericCommand
    timers.o(i.prvProcessReceivedCommands) refers to heap_1.o(i.vPortFree) for vPortFree
    timers.o(i.prvProcessReceivedCommands) refers to queue.o(i.xQueueGenericReceive) for xQueueGenericReceive
    timers.o(i.prvProcessReceivedCommands) refers to timers.o(.data) for xTimerQueue
    timers.o(i.prvProcessTimerOrBlockTask) refers to tasks.o(i.vTaskSuspendAll) for vTaskSuspendAll
    timers.o(i.prvProcessTimerOrBlockTask) refers to timers.o(i.prvSampleTimeNow) for prvSampleTimeNow
    timers.o(i.prvProcessTimerOrBlockTask) refers to tasks.o(i.xTaskResumeAll) for xTaskResumeAll
    timers.o(i.prvProcessTimerOrBlockTask) refers to timers.o(i.prvProcessExpiredTimer) for prvProcessExpiredTimer
    timers.o(i.prvProcessTimerOrBlockTask) refers to queue.o(i.vQueueWaitForMessageRestricted) for vQueueWaitForMessageRestricted
    timers.o(i.prvProcessTimerOrBlockTask) refers to timers.o(.data) for pxOverflowTimerList
    timers.o(i.prvSampleTimeNow) refers to tasks.o(i.xTaskGetTickCount) for xTaskGetTickCount
    timers.o(i.prvSampleTimeNow) refers to timers.o(i.prvSwitchTimerLists) for prvSwitchTimerLists
    timers.o(i.prvSampleTimeNow) refers to timers.o(.data) for xLastTime
    timers.o(i.prvSwitchTimerLists) refers to list.o(i.uxListRemove) for uxListRemove
    timers.o(i.prvSwitchTimerLists) refers to list.o(i.vListInsert) for vListInsert
    timers.o(i.prvSwitchTimerLists) refers to timers.o(i.xTimerGenericCommand) for xTimerGenericCommand
    timers.o(i.prvSwitchTimerLists) refers to timers.o(.data) for pxCurrentTimerList
    timers.o(i.prvTimerTask) refers to timers.o(i.prvGetNextExpireTime) for prvGetNextExpireTime
    timers.o(i.prvTimerTask) refers to timers.o(i.prvProcessTimerOrBlockTask) for prvProcessTimerOrBlockTask
[...]
    i.prvIsQueueFull                         0x080079ca   Section        0  queue.o(i.prvIsQueueFull)
    prvIsQueueFull                           0x080079cb   Thumb Code    30  queue.o(i.prvIsQueueFull)
    i.prvProcessExpiredTimer                 0x080079e8   Section        0  timers.o(i.prvProcessExpiredTimer)
    prvProcessExpiredTimer                   0x080079e9   Thumb Code    96  timers.o(i.prvProcessExpiredTimer)
    i.prvProcessReceivedCommands             0x08007a4c   Section        0  timers.o(i.prvProcessReceivedCommands)
    prvProcessReceivedCommands               0x08007a4d   Thumb Code   244  timers.o(i.prvProcessReceivedCommands)
    i.prvProcessTimerOrBlockTask             0x08007b44   Section        0  timers.o(i.prvProcessTimerOrBlockTask)
    prvProcessTimerOrBlockTask               0x08007b45   Thumb Code   102  timers.o(i.prvProcessTimerOrBlockTask)
    i.prvResetNextTaskUnblockTime            0x08007bb8   Section        0  tasks.o(i.prvResetNextTaskUnblockTime)
    prvResetNextTaskUnblockTime              0x08007bb9   Thumb Code    42  tasks.o(i.prvResetNextTaskUnblockTime)
    i.prvSampleTimeNow                       0x08007bec   Section        0  timers.o(i.prvSampleTimeNow)
    prvSampleTimeNow                         0x08007bed   Thumb Code    40  timers.o(i.prvSampleTimeNow)
    i.prvSwitchTimerLists                    0x08007c18   Section        0  timers.o(i.prvSwitchTimerLists)
    prvSwitchTimerLists                      0x08007c19   Thumb Code   150  timers.o(i.prvSwitchTimerLists)
    i.prvTaskExitError                       0x08007cb8   Section        0  port.o(i.prvTaskExitError)
    prvTaskExitError                         0x08007cb9   Thumb Code    60  port.o(i.prvTaskExitError)
    i.prvTimerTask                           0x08007cf8   Section        0  timers.o(i.prvTimerTask)
    prvTimerTask                             0x08007cf9   Thumb Code    26  timers.o(i.prvTimerTask)
    i.prvUnlockQueue                         0x08007d12   Section        0  queue.o(i.prvUnlockQueue)
    prvUnlockQueue                           0x08007d13   Thumb Code   126  queue.o(i.prvUnlockQueue)
    i.pump_switch                            0x08007d90   Section        0  water_pump.o(i.pump_switch)
    i.pvPortMalloc                           0x08007db4   Section        0  heap_1.o(i.pvPortMalloc)
    i.pvTaskIncrementMutexHeldCount          0x08007e24   Section        0  tasks.o(i.pvTaskIncrementMutexHeldCount)
    i.pxPortInitialiseStack                  0x08007e44   Section        0  port.o(i.pxPortInitialiseStack)
    i.read_data_am2302                       0x08007e6c   Section        0  am2302.o(i.read_data_am2302)
    i.read_flow_rate                         0x0800802c   Section        0  water_flow.o(i.read_flow_rate)
    i.read_garden_tank_level                 0x08008060   Section        0  garden_tasks.o(i.read_garden_tank_level)
    i.read_soil_moisture                     0x0800824c   Section        0  soil_moisture.o(i.read_soil_moisture)
    i.read_temp_humid                        0x080082a8   Section        0  garden_tasks.o(i.read_temp_humid)
    i.set_RTC_alarm                          0x0800855c   Section        0  util_func.o(i.set_RTC_alarm)
    i.start_flow_rate                        0x0800862c   Section        0  water_flow.o(i.start_flow_rate)
    i.status_led_task                        0x08008664   Section        0  util_func.o(i.status_led_task)
    i.timer_delay_uS                         0x080086b0   Section        0  util_func.o(i.timer_delay_uS)
    i.timer_uS_start                         0x080086e4   Section        0  util_func.o(i.timer_uS_start)
    i.timer_uS_stop                          0x0800870c   Section        0  util_func.o(i.timer_uS_stop)
    i.uxListRemove                           0x0800871c   Section        0  list.o(i.uxListRemove)
    i.vListInitialise                        0x08008744   Section        0  list.o(i.vListInitialise)
    i.vListInitialiseItem                    0x0800875e   Section        0  list.o(i.vListInitialiseItem)
    i.vListInsert                            0x08008764   Section        0  list.o(i.vListInsert)
    i.vListInsertEnd                         0x08008798   Section        0  list.o(i.vListInsertEnd)
    i.vPortEnterCritical                     0x080087b0   Section        0  port.o(i.vPortEnterCritical)
    i.vPortExitCritical                      0x08008804   Section        0  port.o(i.vPortExitCritical)
    i.vPortFree                              0x08008840   Section        0  heap_1.o(i.vPortFree)
    i.vPortSetupTimerInterrupt               0x08008864   Section        0  port.o(i.vPortSetupTimerInterrupt)
    i.vPortValidateInterruptPriority         0x08008884   Section        0  port.o(i.vPortValidateInterruptPriority)
    i.vQueueAddToRegistry                    0x080088fc   Section        0  queue.o(i.vQueueAddToRegistry)
    i.vQueueWaitForMessageRestricted         0x08008928   Section        0  queue.o(i.vQueueWaitForMessageRestricted)
    i.vTaskDelay                             0x0800896c   Section        0  tasks.o(i.vTaskDelay)
    i.vTaskMissedYield                       0x080089f8   Section        0  tasks.o(i.vTaskMissedYield)
    i.vTaskPlaceOnEventList                  0x08008a04   Section        0  tasks.o(i.vTaskPlaceOnEventList)
    i.vTaskPlaceOnEventListRestricted        0x08008a80   Section        0  tasks.o(i.vTaskPlaceOnEventListRestricted)
    i.vTaskPriorityInherit                   0x08008b04   Section        0  tasks.o(i.vTaskPriorityInherit)
    i.vTaskSetTimeOutState                   0x08008bb4   Section        0  tasks.o(i.vTaskSetTimeOutState)
    i.vTaskStartScheduler                    0x08008be4   Section        0  tasks.o(i.vTaskStartScheduler)
    i.vTaskSuspendAll                        0x08008c6c   Section        0  tasks.o(i.vTaskSuspendAll)
    i.vTaskSwitchContext                     0x08008c7c   Section        0  tasks.o(i.vTaskSwitchContext)
    i.water_garden                           0x08008d08   Section        0  garden_tasks.o(i.water_garden)
    i.water_towers                           0x080090a4   Section        0  aqua_tasks.o(i.water_towers)
    i.xPortStartScheduler                    0x08009490   Section        0  port.o(i.xPortStartScheduler)
    i.xPortSysTickHandler                    0x080095cc   Section        0  port.o(i.xPortSysTickHandler)
    i.xQueueCreateMutex                      0x08009600   Section        0  queue.o(i.xQueueCreateMutex)
    i.xQueueGenericCreate                    0x0800964c   Section        0  queue.o(i.xQueueGenericCreate)
    i.xQueueGenericReceive                   0x080096d4   Section        0  queue.o(i.xQueueGenericReceive)
    i.xQueueGenericReset                     0x08009880   Section        0  queue.o(i.xQueueGenericReset)
    i.xQueueGenericSend                      0x08009914   Section        0  queue.o(i.xQueueGenericSend)
    i.xQueueGenericSendFromISR               0x08009ab4   Section        0  queue.o(i.xQueueGenericSendFromISR)
    i.xTaskCheckForTimeOut                   0x08009ba4   Section        0  tasks.o(i.xTaskCheckForTimeOut)
    i.xTaskGenericCreate                     0x08009c30   Section        0  tasks.o(i.xTaskGenericCreate)
    i.xTaskGetSchedulerState                 0x08009da8   Section        0  tasks.o(i.xTaskGetSchedulerState)
    i.xTaskGetTickCount                      0x08009dc8   Section        0  tasks.o(i.xTaskGetTickCount)
    i.xTaskIncrementTick                     0x08009dd4   Section        0  tasks.o(i.xTaskIncrementTick)
    i.xTaskPriorityDisinherit                0x08009f20   Section        0  tasks.o(i.xTaskPriorityDisinherit)
    i.xTaskRemoveFromEventList               0x08009fe8   Section        0  tasks.o(i.xTaskRemoveFromEventList)
    i.xTaskResumeAll                         0x0800a080   Section        0  tasks.o(i.xTaskResumeAll)
    i.xTimerCreateTimerTask                  0x0800a184   Section        0  timers.o(i.xTimerCreateTimerTask)
    i.xTimerGenericCommand                   0x0800a1dc   Section        0  timers.o(i.xTimerGenericCommand)
    i.xbee_rx_task                           0x0800a268   Section        0  xbee_test.o(i.xbee_rx_task)
    i.xbee_send_timestamp                    0x0800a484   Section        0  xbee_test.o(i.xbee_send_timestamp)
    i.xbee_tx                                0x0800a544   Section        0  xbee_test.o(i.xbee_tx)
    i.xbee_tx_packet_create                  0x0800a634   Section        0  xbee_test.o(i.xbee_tx_packet_create)
    i.xbee_tx_packet_send                    0x0800a680   Section        0  xbee_test.o(i.xbee_tx_packet_send)
    i.xbee_tx_packet_update                  0x0800a6e0   Section        0  xbee_test.o(i.xbee_tx_packet_update)
    .constdata                               0x0800a718   Section       72  system_stm32l4xx_1.o(.constdata)
    .constdata                               0x0800a760   Section       20  main.o(.constdata)
    .conststring                             0x0800a774   Section       12  main.o(.conststring)
    .conststring                             0x0800a780   Section       85  garden_tasks.o(.conststring)
    .data                                    0x20000000   Section       12  port.o(.data)
    uxCriticalNesting                        0x20000000   Data           4  port.o(.data)
    ucMaxSysCallPriority                     0x20000004   Data           1  port.o(.data)
    ulMaxPRIGROUPValue                       0x20000008   Data           4  port.o(.data)
    .data                                    0x2000000c   Section       16  timers.o(.data)
    pxCurrentTimerList                       0x2000000c   Data           4  timers.o(.data)
    pxOverflowTimerList                      0x20000010   Data           4  timers.o(.data)
    xTimerQueue                              0x20000014   Data           4  timers.o(.data)
    xLastTime                                0x20000018   Data           4  timers.o(.data)
    .data                                    0x2000001c   Section       56  tasks.o(.data)
    pxDelayedTaskList                        0x20000020   Data           4  tasks.o(.data)
    pxOverflowDelayedTaskList                0x20000024   Data           4  tasks.o(.data)
    uxTasksDeleted                           0x20000028   Data           4  tasks.o(.data)
    uxCurrentNumberOfTasks                   0x2000002c   Data           4  tasks.o(.data)
    xTickCount                               0x20000030   Data           4  tasks.o(.data)
    uxTopReadyPriority                       0x20000034   Data           4  tasks.o(.data)
    xSchedulerRunning                        0x20000038   Data           4  tasks.o(.data)
    uxPendedTicks                            0x2000003c   Data           4  tasks.o(.data)
    xYieldPending                            0x20000040   Data           4  tasks.o(.data)
    xNumOfOverflows                          0x20000044   Data           4  tasks.o(.data)
    uxTaskNumber                             0x20000048   Data           4  tasks.o(.data)
    xNextTaskUnblockTime                     0x2000004c   Data           4  tasks.o(.data)
    uxSchedulerSuspended                     0x20000050   Data           4  tasks.o(.data)
    .data                                    0x20000054   Section        8  heap_1.o(.data)
    xNextFreeByte                            0x20000054   Data           4  heap_1.o(.data)
    pucAlignedHeap                           0x20000058   Data           4  heap_1.o(.data)
    .data                                    0x2000005c   Section        4  stm32l4xx_hal.o(.data)
    .data                                    0x20000060   Section        4  system_stm32l4xx_1.o(.data)
    .data                                    0x20000064   Section        4  stm32l4xx_it.o(.data)
    .data                                    0x20000068   Section        4  stm32l4xx_hal_msp.o(.data)
    HAL_RCC_ADC_CLK_ENABLED                  0x20000068   Data           4  stm32l4xx_hal_msp.o(.data)
    .data                                    0x2000006c   Section      160  main.o(.data)
    .bss                                     0x2000010c   Section       40  timers.o(.bss)
    xActiveTimerList1                        0x2000010c   Data          20  timers.o(.bss)
    xActiveTimerList2                        0x20000120   Data          20  timers.o(.bss)
    .bss                                     0x20000134   Section       64  queue.o(.bss)
    .bss                                     0x20000174   Section      240  tasks.o(.bss)
    pxReadyTasksLists                        0x20000174   Data         140  tasks.o(.bss)
    xDelayedTaskList1                        0x20000200   Data          20  tasks.o(.bss)
    xDelayedTaskList2                        0x20000214   Data          20  tasks.o(.bss)
    xPendingReadyList                        0x20000228   Data          20  tasks.o(.bss)
    xTasksWaitingTermination                 0x2000023c   Data          20  tasks.o(.bss)
    xSuspendedTaskList                       0x20000250   Data          20  tasks.o(.bss)
    .bss                                     0x20000264   Section    32000  heap_1.o(.bss)
    ucHeap                                   0x20000264   Data       32000  heap_1.o(.bss)
    .bss                                     0x20007f64   Section       60  stm32l4xx_hal_timebase_tim.o(.bss)
    .bss                                     0x20007fa0   Section     1074  main.o(.bss)
    .bss                                     0x200083d4   Section       20  am2302.o(.bss)
    STACK                                    0x200083e8   Section     1024  startup_stm32l476xx.o(STACK)

    Global Symbols

    Symbol Name                              Value     Ov Type        Size  Object(Section)

    BuildAttributes$$THM_ISAv4$E$P$D$K$B$S$7EM$VFPi3$EXTD16$VFPS$VFMA$PE$A:L22UL41UL21$X:L11$S22US41US21$IEEE1$IW$USESV6$~STKCKD$USESV7$~SHL$OSPACE$ROPI$EBA8$MICROLIB$REQ8$PRES8$EABIv2 0x00000000   Number         0  anon$$obj.o ABSOLUTE
    __ARM_use_no_argv                        0x00000000   Number         0  main.o ABSOLUTE
    _printf_a                                0x00000000   Number         0  stubs.o ABSOLUTE
    _printf_c                                0x00000000   Number         0  stubs.o ABSOLUTE
    _printf_charcount                        0x00000000   Number         0  stubs.o ABSOLUTE
    _printf_d                                0x00000000   Number         0  stubs.o ABSOLUTE
    _printf_e                                0x00000000   Number         0  stubs.o ABSOLUTE
    _printf_f                                0x00000000   Number         0  stubs.o ABSOLUTE
    _printf_flags                            0x00000000   Number         0  stubs.o ABSOLUTE
    _printf_fp_dec                           0x00000000   Number         0  stubs.o ABSOLUTE
    _printf_fp_hex                           0x00000000   Number         0  stubs.o ABSOLUTE
    _printf_g                                0x00000000   Number         0  stubs.o ABSOLUTE
    _printf_i                                0x00000000   Number         0  stubs.o ABSOLUTE
    _printf_int_dec                          0x00000000   Number         0  stubs.o ABSOLUTE
    _printf_l                                0x00000000   Number         0  stubs.o ABSOLUTE
    _printf_lc                               0x00000000   Number         0  stubs.o ABSOLUTE
    _printf_ll                               0x00000000   Number         0  stubs.o ABSOLUTE
    _printf_lld                              0x00000000   Number         0  stubs.o ABSOLUTE
    _printf_lli                              0x00000000   Number         0  stubs.o ABSOLUTE
    _printf_llo                              0x00000000   Number         0  stubs.o ABSOLUTE
    _printf_llu                              0x00000000   Number         0  stubs.o ABSOLUTE
    _printf_llx                              0x00000000   Number         0  stubs.o ABSOLUTE
    _printf_longlong_dec                     0x00000000   Number         0  stubs.o ABSOLUTE
    _printf_longlong_hex                     0x00000000   Number         0  stubs.o ABSOLUTE
    _printf_longlong_oct                     0x00000000   Number         0  stubs.o ABSOLUTE
    _printf_ls                               0x00000000   Number         0  stubs.o ABSOLUTE
    _printf_mbtowc                           0x00000000   Number         0  stubs.o ABSOLUTE
    _printf_n                                0x00000000   Number         0  stubs.o ABSOLUTE
    _printf_o                                0x00000000   Number         0  stubs.o ABSOLUTE
    _printf_p                                0x00000000   Number         0  stubs.o ABSOLUTE
    _printf_percent                          0x00000000   Number         0  stubs.o ABSOLUTE
    _printf_pre_padding                      0x00000000   Number         0  stubs.o ABSOLUTE
    _printf_return_value                     0x00000000   Number         0  stubs.o ABSOLUTE
    _printf_s                                0x00000000   Number         0  stubs.o ABSOLUTE
    _printf_sizespec                         0x00000000   Number         0  stubs.o ABSOLUTE
    _printf_str                              0x00000000   Number         0  stubs.o ABSOLUTE
    _printf_truncate_signed                  0x00000000   Number         0  stubs.o ABSOLUTE
    _printf_truncate_unsigned                0x00000000   Number         0  stubs.o ABSOLUTE
    _printf_u                                0x00000000   Number         0  stubs.o ABSOLUTE
    _printf_wc                               0x00000000   Number         0  stubs.o ABSOLUTE
    _printf_wctomb                           0x00000000   Number         0  stubs.o ABSOLUTE
    _printf_widthprec                        0x00000000   Number         0  stubs.o ABSOLUTE
    _printf_x                                0x00000000   Number         0  stubs.o ABSOLUTE
    __cpp_initialize__aeabi_                  - Undefined Weak Reference
    __cxa_finalize                            - Undefined Weak Reference
    __decompress                              - Undefined Weak Reference
    _clock_init                               - Undefined Weak Reference
    _microlib_exit                            - Undefined Weak Reference
    __Vectors_Size                           0x00000188   Number         0  startup_stm32l476xx.o ABSOLUTE
    __Vectors                                0x08000000   Data           4  startup_stm32l476xx.o(RESET)
    __Vectors_End                            0x08000188   Data           0  startup_stm32l476xx.o(RESET)
    __main                                   0x08000189   Thumb Code     0  entry.o(.ARM.Collect$$$$00000000)
    _main_stk                                0x08000189   Thumb Code     0  entry2.o(.ARM.Collect$$$$00000001)
    _main_scatterload                        0x0800018d   Thumb Code     0  entry5.o(.ARM.Collect$$$$00000004)
    __main_after_scatterload                 0x08000191   Thumb Code     0  entry5.o(.ARM.Collect$$$$00000004)
    _main_clock                              0x08000191   Thumb Code     0  entry7b.o(.ARM.Collect$$$$00000008)
    _main_cpp_init                           0x08000191   Thumb Code     0  entry8b.o(.ARM.Collect$$$$0000000A)
    _main_init                               0x08000191   Thumb Code     0  entry9a.o(.ARM.Collect$$$$0000000B)
    __rt_final_cpp                           0x08000199   Thumb Code     0  entry10a.o(.ARM.Collect$$$$0000000D)
    __rt_final_exit                          0x08000199   Thumb Code     0  entry11a.o(.ARM.Collect$$$$0000000F)
    SVC_Handler                              0x0800019d   Thumb Code    28  port.o(.emb_text)
    __asm___6_port_c_39a90d8d__prvStartFirstTask 0x080001bd   Thumb Code    28  port.o(.emb_text)
    __asm___6_port_c_39a90d8d__prvEnableVFP  0x080001dd   Thumb Code    16  port.o(.emb_text)
    PendSV_Handler                           0x080001f1   Thumb Code    92  port.o(.emb_text)
    vPortGetIPSR                             0x08000251   Thumb Code     6  port.o(.emb_text)
    Reset_Handler                            0x08000279   Thumb Code     8  startup_stm32l476xx.o(.text)
    NMI_Handler                              0x08000281   Thumb Code     2  startup_stm32l476xx.o(.text)
    HardFault_Handler                        0x08000283   Thumb Code     2  startup_stm32l476xx.o(.text)
    MemManage_Handler                        0x08000285   Thumb Code     2  startup_stm32l476xx.o(.text)
    BusFault_Handler                         0x08000287   Thumb Code     2  startup_stm32l476xx.o(.text)
    UsageFault_Handler                       0x08000289   Thumb Code     2  startup_stm32l476xx.o(.text)
    DebugMon_Handler                         0x0800028d   Thumb Code     2  startup_stm32l476xx.o(.text)
    ADC1_2_IRQHandler                        0x08000293   Thumb Code     0  startup_stm32l476xx.o(.text)
    ADC3_IRQHandler                          0x08000293   Thumb Code     0  startup_stm32l476xx.o(.text)
    CAN1_RX0_IRQHandler                      0x08000293   Thumb Code     0  startup_stm32l476xx.o(.text)
    CAN1_RX1_IRQHandler                      0x08000293   Thumb Code     0  startup_stm32l476xx.o(.text)
    CAN1_SCE_IRQHandler                      0x08000293   Thumb Code     0  startup_stm32l476xx.o(.text)
    CAN1_TX_IRQHandler                       0x08000293   Thumb Code     0  startup_stm32l476xx.o(.text)
    COMP_IRQHandler                          0x08000293   Thumb Code     0  startup_stm32l476xx.o(.text)
    DFSDM1_FLT0_IRQHandler                   0x08000293   Thumb Code     0  startup_stm32l476xx.o(.text)
    DFSDM1_FLT1_IRQHandler                   0x08000293   Thumb Code     0  startup_stm32l476xx.o(.text)
    DFSDM1_FLT2_IRQHandler                   0x08000293   Thumb Code     0  startup_stm32l476xx.o(.text)
    DFSDM1_FLT3_IRQHandler                   0x08000293   Thumb Code     0  startup_stm32l476xx.o(.text)
    DMA1_Channel1_IRQHandler                 0x08000293   Thumb Code     0  startup_stm32l476xx.o(.text)
    DMA1_Channel2_IRQHandler                 0x08000293   Thumb Code     0  startup_stm32l476xx.o(.text)
    DMA1_Channel3_IRQHandler                 0x08000293   Thumb Code     0  startup_stm32l476xx.o(.text)
    DMA1_Channel4_IRQHandler                 0x08000293   Thumb Code     0  startup_stm32l476xx.o(.text)
    DMA1_Channel5_IRQHandler                 0x08000293   Thumb Code     0  startup_stm32l476xx.o(.text)
    DMA1_Channel6_IRQHandler                 0x08000293   Thumb Code     0  startup_stm32l476xx.o(.text)
    DMA1_Channel7_IRQHandler                 0x08000293   Thumb Code     0  startup_stm32l476xx.o(.text)
    DMA2_Channel1_IRQHandler                 0x08000293   Thumb Code     0  startup_stm32l476xx.o(.text)
    DMA2_Channel2_IRQHandler                 0x08000293   Thumb Code     0  startup_stm32l476xx.o(.text)
    DMA2_Channel3_IRQHandler                 0x08000293   Thumb Code     0  startup_stm32l476xx.o(.text)
    DMA2_Channel4_IRQHandler                 0x08000293   Thumb Code     0  startup_stm32l476xx.o(.text)
    DMA2_Channel5_IRQHandler                 0x08000293   Thumb Code     0  startup_stm32l476xx.o(.text)
    DMA2_Channel6_IRQHandler                 0x08000293   Thumb Code     0  startup_stm32l476xx.o(.text)
    DMA2_Channel7_IRQHandler                 0x08000293   Thumb Code     0  startup_stm32l476xx.o(.text)
    EXTI0_IRQHandler                         0x08000293   Thumb Code     0  startup_stm32l476xx.o(.text)
    EXTI1_IRQHandler                         0x08000293   Thumb Code     0  startup_stm32l476xx.o(.text)
    EXTI2_IRQHandler                         0x08000293   Thumb Code     0  startup_stm32l476xx.o(.text)
    EXTI3_IRQHandler                         0x08000293   Thumb Code     0  startup_stm32l476xx.o(.text)
    EXTI4_IRQHandler                         0x08000293   Thumb Code     0  startup_stm32l476xx.o(.text)
    FLASH_IRQHandler                         0x08000293   Thumb Code     0  startup_stm32l476xx.o(.text)
    FMC_IRQHandler                           0x08000293   Thumb Code     0  startup_stm32l476xx.o(.text)
    FPU_IRQHandler                           0x08000293   Thumb Code     0  startup_stm32l476xx.o(.text)
    I2C1_ER_IRQHandler                       0x08000293   Thumb Code     0  startup_stm32l476xx.o(.text)
    I2C1_EV_IRQHandler                       0x08000293   Thumb Code     0  startup_stm32l476xx.o(.text)
    I2C2_ER_IRQHandler                       0x08000293   Thumb Code     0  startup_stm32l476xx.o(.text)
    I2C2_EV_IRQHandler                       0x08000293   Thumb Code     0  startup_stm32l476xx.o(.text)
    I2C3_ER_IRQHandler                       0x08000293   Thumb Code     0  startup_stm32l476xx.o(.text)
    I2C3_EV_IRQHandler                       0x08000293   Thumb Code     0  startup_stm32l476xx.o(.text)
    LCD_IRQHandler                           0x08000293   Thumb Code     0  startup_stm32l476xx.o(.text)
    LPTIM1_IRQHandler                        0x08000293   Thumb Code     0  startup_stm32l476xx.o(.text)
    LPTIM2_IRQHandler                        0x08000293   Thumb Code     0  startup_stm32l476xx.o(.text)
    LPUART1_IRQHandler                       0x08000293   Thumb Code     0  startup_stm32l476xx.o(.text)
    OTG_FS_IRQHandler                        0x08000293   Thumb Code     0  startup_stm32l476xx.o(.text)
    PVD_PVM_IRQHandler                       0x08000293   Thumb Code     0  startup_stm32l476xx.o(.text)
    QUADSPI_IRQHandler                       0x08000293   Thumb Code     0  startup_stm32l476xx.o(.text)
    RCC_IRQHandler                           0x08000293   Thumb Code     0  startup_stm32l476xx.o(.text)
    RNG_IRQHandler                           0x08000293   Thumb Code     0  startup_stm32l476xx.o(.text)
    RTC_WKUP_IRQHandler                      0x08000293   Thumb Code     0  startup_stm32l476xx.o(.text)
    SAI1_IRQHandler                          0x08000293   Thumb Code     0  startup_stm32l476xx.o(.text)
    SAI2_IRQHandler                          0x08000293   Thumb Code     0  startup_stm32l476xx.o(.text)
    SDMMC1_IRQHandler                        0x08000293   Thumb Code     0  startup_stm32l476xx.o(.text)
    SPI2_IRQHandler                          0x08000293   Thumb Code     0  startup_stm32l476xx.o(.text)
    SPI3_IRQHandler                          0x08000293   Thumb Code     0  startup_stm32l476xx.o(.text)
    SWPMI1_IRQHandler                        0x08000293   Thumb Code     0  startup_stm32l476xx.o(.text)
    TAMP_STAMP_IRQHandler                    0x08000293   Thumb Code     0  startup_stm32l476xx.o(.text)
    TIM1_BRK_TIM15_IRQHandler                0x08000293   Thumb Code     0  startup_stm32l476xx.o(.text)
    TIM1_CC_IRQHandler                       0x08000293   Thumb Code     0  startup_stm32l476xx.o(.text)
    TIM1_TRG_COM_TIM17_IRQHandler            0x08000293   Thumb Code     0  startup_stm32l476xx.o(.text)
    TIM2_IRQHandler                          0x08000293   Thumb Code     0  startup_stm32l476xx.o(.text)
    TIM3_IRQHandler                          0x08000293   Thumb Code     0  startup_stm32l476xx.o(.text)
    TIM4_IRQHandler                          0x08000293   Thumb Code     0  startup_stm32l476xx.o(.text)
    TIM5_IRQHandler                          0x08000293   Thumb Code     0  startup_stm32l476xx.o(.text)
    TIM6_DAC_IRQHandler                      0x08000293   Thumb Code     0  startup_stm32l476xx.o(.text)
    TIM7_IRQHandler                          0x08000293   Thumb Code     0  startup_stm32l476xx.o(.text)
    TIM8_BRK_IRQHandler                      0x08000293   Thumb Code     0  startup_stm32l476xx.o(.text)
    TIM8_CC_IRQHandler                       0x08000293   Thumb Code     0  startup_stm32l476xx.o(.text)
    TIM8_TRG_COM_IRQHandler                  0x08000293   Thumb Code     0  startup_stm32l476xx.o(.text)
    TIM8_UP_IRQHandler                       0x08000293   Thumb Code     0  startup_stm32l476xx.o(.text)
    TSC_IRQHandler                           0x08000293   Thumb Code     0  startup_stm32l476xx.o(.text)
    UART4_IRQHandler                         0x08000293   Thumb Code     0  startup_stm32l476xx.o(.text)
    USART1_IRQHandler                        0x08000293   Thumb Code     0  startup_stm32l476xx.o(.text)
    USART3_IRQHandler                        0x08000293   Thumb Code     0  startup_stm32l476xx.o(.text)
    WWDG_IRQHandler                          0x08000293   Thumb Code     0  startup_stm32l476xx.o(.text)
    __aeabi_uldivmod                         0x0800029d   Thumb Code    98  uldiv.o(.text)
    __aeabi_memcpy                           0x08000305   Thumb Code    36  memcpya.o(.text)
    __aeabi_memcpy4                          0x08000305   Thumb Code     0  memcpya.o(.text)
    __aeabi_memcpy8                          0x08000305   Thumb Code     0  memcpya.o(.text)
    __aeabi_memset                           0x08000329   Thumb Code    14  memseta.o(.text)
    __aeabi_memset4                          0x08000329   Thumb Code     0  memseta.o(.text)
    __aeabi_memset8                          0x08000329   Thumb Code     0  memseta.o(.text)
    __aeabi_memclr                           0x08000337   Thumb Code     4  memseta.o(.text)
    __aeabi_memclr4                          0x08000337   Thumb Code     0  memseta.o(.text)
    __aeabi_memclr8                          0x08000337   Thumb Code     0  memseta.o(.text)
    _memset$wrapper                          0x0800033b   Thumb Code    18  memseta.o(.text)
    __aeabi_llsl                             0x0800034d   Thumb Code    30  llshl.o(.text)
    _ll_shift_l                              0x0800034d   Thumb Code     0  llshl.o(.text)
    __aeabi_llsr                             0x0800036b   Thumb Code    32  llushr.o(.text)
    _ll_ushift_r                             0x0800036b   Thumb Code     0  llushr.o(.text)
    __scatterload                            0x0800038d   Thumb Code    28  init.o(.text)
    __scatterload_rt2                        0x0800038d   Thumb Code     0  init.o(.text)
    ADC_ConversionStop                       0x080003b1   Thumb Code   264  stm32l4xx_hal_adc.o(i.ADC_ConversionStop)
    ADC_Disable                              0x080004bd   Thumb Code   152  stm32l4xx_hal_adc.o(i.ADC_Disable)
    ADC_Enable                               0x08000555   Thumb Code   154  stm32l4xx_hal_adc.o(i.ADC_Enable)
    EXTI15_10_IRQHandler                     0x080005f5   Thumb Code    28  stm32l4xx_it.o(i.EXTI15_10_IRQHandler)
    EXTI9_5_IRQHandler                       0x08000611   Thumb Code    84  stm32l4xx_it.o(i.EXTI9_5_IRQHandler)
    Error_Handler                            0x08000675   Thumb Code     4  main.o(i.Error_Handler)
    HAL_ADCEx_MultiModeConfigChannel         0x08000679   Thumb Code   332  stm32l4xx_hal_adc_ex.o(i.HAL_ADCEx_MultiModeConfigChannel)
    HAL_ADC_ConfigChannel                    0x080007d1   Thumb Code  1516  stm32l4xx_hal_adc.o(i.HAL_ADC_ConfigChannel)
    HAL_ADC_GetValue                         0x08000dbd   Thumb Code     8  stm32l4xx_hal_adc.o(i.HAL_ADC_GetValue)
    HAL_ADC_Init                             0x08000dc5   Thumb Code   776  stm32l4xx_hal_adc.o(i.HAL_ADC_Init)
    HAL_ADC_MspInit                          0x080010e5   Thumb Code   182  stm32l4xx_hal_msp.o(i.HAL_ADC_MspInit)
    HAL_ADC_PollForConversion                0x080011b1   Thumb Code   408  stm32l4xx_hal_adc.o(i.HAL_ADC_PollForConversion)
    HAL_ADC_Start                            0x08001359   Thumb Code   334  stm32l4xx_hal_adc.o(i.HAL_ADC_Start)
    HAL_ADC_Stop                             0x080014b5   Thumb Code    76  stm32l4xx_hal_adc.o(i.HAL_ADC_Stop)
    HAL_DMA_Abort_IT                         0x08001501   Thumb Code    88  stm32l4xx_hal_dma.o(i.HAL_DMA_Abort_IT)
    HAL_Delay                                0x08001559   Thumb Code    26  stm32l4xx_hal.o(i.HAL_Delay)
    HAL_GPIO_EXTI_Callback                   0x08001573   Thumb Code     2  stm32l4xx_hal_gpio.o(i.HAL_GPIO_EXTI_Callback)
    HAL_GPIO_EXTI_IRQHandler                 0x08001575   Thumb Code    24  stm32l4xx_hal_gpio.o(i.HAL_GPIO_EXTI_IRQHandler)
    HAL_GPIO_Init                            0x08001591   Thumb Code   484  stm32l4xx_hal_gpio.o(i.HAL_GPIO_Init)
    HAL_GPIO_ReadPin                         0x08001799   Thumb Code    16  stm32l4xx_hal_gpio.o(i.HAL_GPIO_ReadPin)
    HAL_GPIO_TogglePin                       0x080017a9   Thumb Code     8  stm32l4xx_hal_gpio.o(i.HAL_GPIO_TogglePin)
    HAL_GPIO_WritePin                        0x080017b1   Thumb Code    10  stm32l4xx_hal_gpio.o(i.HAL_GPIO_WritePin)
    HAL_GetTick                              0x080017bd   Thumb Code     6  stm32l4xx_hal.o(i.HAL_GetTick)
    HAL_I2CEx_ConfigAnalogFilter             0x080017c9   Thumb Code   106  stm32l4xx_hal_i2c_ex.o(i.HAL_I2CEx_ConfigAnalogFilter)
    HAL_I2C_Init                             0x08001835   Thumb Code   192  stm32l4xx_hal_i2c.o(i.HAL_I2C_Init)
    HAL_I2C_MspInit                          0x080018f9   Thumb Code    74  stm32l4xx_hal_msp.o(i.HAL_I2C_MspInit)
    HAL_IncTick                              0x08001951   Thumb Code    12  stm32l4xx_hal.o(i.HAL_IncTick)
    HAL_Init                                 0x08001961   Thumb Code    34  stm32l4xx_hal.o(i.HAL_Init)
    HAL_InitTick                             0x08001989   Thumb Code   118  stm32l4xx_hal_timebase_tim.o(i.HAL_InitTick)
    HAL_MspInit                              0x08001a11   Thumb Code   140  stm32l4xx_hal_msp.o(i.HAL_MspInit)
    HAL_NVIC_EnableIRQ                       0x08001aa1   Thumb Code    26  stm32l4xx_hal_cortex.o(i.HAL_NVIC_EnableIRQ)
    HAL_NVIC_SetPriority                     0x08001abb   Thumb Code   124  stm32l4xx_hal_cortex.o(i.HAL_NVIC_SetPriority)
    HAL_NVIC_SetPriorityGrouping             0x08001b3d   Thumb Code    32  stm32l4xx_hal_cortex.o(i.HAL_NVIC_SetPriorityGrouping)
    HAL_PWREx_ControlVoltageScaling          0x08001b65   Thumb Code   128  stm32l4xx_hal_pwr_ex.o(i.HAL_PWREx_ControlVoltageScaling)
    HAL_PWREx_GetVoltageRange                0x08001bf1   Thumb Code    10  stm32l4xx_hal_pwr_ex.o(i.HAL_PWREx_GetVoltageRange)
    HAL_RCCEx_PeriphCLKConfig                0x08001c01   Thumb Code  1230  stm32l4xx_hal_rcc_ex.o(i.HAL_RCCEx_PeriphCLKConfig)
    HAL_RCC_ClockConfig                      0x080020d5   Thumb Code   470  stm32l4xx_hal_rcc.o(i.HAL_RCC_ClockConfig)
    HAL_RCC_GetClockConfig                   0x080022bd   Thumb Code    58  stm32l4xx_hal_rcc.o(i.HAL_RCC_GetClockConfig)
    HAL_RCC_GetHCLKFreq                      0x08002301   Thumb Code     6  stm32l4xx_hal_rcc.o(i.HAL_RCC_GetHCLKFreq)
    HAL_RCC_GetPCLK1Freq                     0x0800230d   Thumb Code    36  stm32l4xx_hal_rcc.o(i.HAL_RCC_GetPCLK1Freq)
    HAL_RCC_GetPCLK2Freq                     0x08002339   Thumb Code    36  stm32l4xx_hal_rcc.o(i.HAL_RCC_GetPCLK2Freq)
    HAL_RCC_GetSysClockFreq                  0x08002365   Thumb Code   356  stm32l4xx_hal_rcc.o(i.HAL_RCC_GetSysClockFreq)
    HAL_RCC_OscConfig                        0x080024d9   Thumb Code  1598  stm32l4xx_hal_rcc.o(i.HAL_RCC_OscConfig)
    HAL_RTCEx_AlarmBEventCallback            0x08002b25   Thumb Code     2  stm32l4xx_hal_rtc_ex.o(i.HAL_RTCEx_AlarmBEventCallback)
    HAL_RTC_AlarmAEventCallback              0x08002b27   Thumb Code     2  stm32l4xx_hal_rtc.o(i.HAL_RTC_AlarmAEventCallback)
    HAL_RTC_AlarmIRQHandler                  0x08002b29   Thumb Code   104  stm32l4xx_hal_rtc.o(i.HAL_RTC_AlarmIRQHandler)
    HAL_RTC_GetDate                          0x08002b95   Thumb Code    72  stm32l4xx_hal_rtc.o(i.HAL_RTC_GetDate)
    HAL_RTC_GetTime                          0x08002be1   Thumb Code    92  stm32l4xx_hal_rtc.o(i.HAL_RTC_GetTime)
    HAL_RTC_Init                             0x08002c41   Thumb Code   190  stm32l4xx_hal_rtc.o(i.HAL_RTC_Init)
    HAL_RTC_MspInit                          0x08002d05   Thumb Code    46  stm32l4xx_hal_msp.o(i.HAL_RTC_MspInit)
    HAL_RTC_SetAlarm_IT                      0x08002d3d   Thumb Code   566  stm32l4xx_hal_rtc.o(i.HAL_RTC_SetAlarm_IT)
    HAL_RTC_SetDate                          0x08002f79   Thumb Code   288  stm32l4xx_hal_rtc.o(i.HAL_RTC_SetDate)
    HAL_RTC_SetTime                          0x0800309d   Thumb Code   306  stm32l4xx_hal_rtc.o(i.HAL_RTC_SetTime)
    HAL_RTC_WaitForSynchro                   0x080031d5   Thumb Code    58  stm32l4xx_hal_rtc.o(i.HAL_RTC_WaitForSynchro)
    HAL_SPI_ErrorCallback                    0x0800320f   Thumb Code     2  stm32l4xx_hal_spi.o(i.HAL_SPI_ErrorCallback)
    HAL_SPI_IRQHandler                       0x08003211   Thumb Code   310  stm32l4xx_hal_spi.o(i.HAL_SPI_IRQHandler)
    HAL_SPI_Init                             0x0800334d   Thumb Code   192  stm32l4xx_hal_spi.o(i.HAL_SPI_Init)
    HAL_SPI_MspInit                          0x0800340d   Thumb Code   120  stm32l4xx_hal_msp.o(i.HAL_SPI_MspInit)
    HAL_SYSTICK_CLKSourceConfig              0x08003491   Thumb Code    40  stm32l4xx_hal_cortex.o(i.HAL_SYSTICK_CLKSourceConfig)
    HAL_SYSTICK_Config                       0x080034b9   Thumb Code    52  stm32l4xx_hal_cortex.o(i.HAL_SYSTICK_Config)
    HAL_TIMEx_BreakCallback                  0x080034ed   Thumb Code     2  stm32l4xx_hal_tim_ex.o(i.HAL_TIMEx_BreakCallback)
    HAL_TIMEx_CommutationCallback            0x080034ef   Thumb Code     2  stm32l4xx_hal_tim_ex.o(i.HAL_TIMEx_CommutationCallback)
    HAL_TIMEx_MasterConfigSynchronization    0x080034f1   Thumb Code    98  stm32l4xx_hal_tim_ex.o(i.HAL_TIMEx_MasterConfigSynchronization)
    HAL_TIM_Base_Init                        0x0800355d   Thumb Code    52  stm32l4xx_hal_tim.o(i.HAL_TIM_Base_Init)
    HAL_TIM_Base_MspInit                     0x08003591   Thumb Code    40  stm32l4xx_hal_msp.o(i.HAL_TIM_Base_MspInit)
    HAL_TIM_Base_Start                       0x080035bd   Thumb Code    30  stm32l4xx_hal_tim.o(i.HAL_TIM_Base_Start)
    HAL_TIM_Base_Start_IT                    0x080035db   Thumb Code    30  stm32l4xx_hal_tim.o(i.HAL_TIM_Base_Start_IT)
    HAL_TIM_Base_Stop                        0x080035f9   Thumb Code    56  stm32l4xx_hal_tim.o(i.HAL_TIM_Base_Stop)
    HAL_TIM_Base_Stop_IT                     0x08003631   Thumb Code    56  stm32l4xx_hal_tim.o(i.HAL_TIM_Base_Stop_IT)
    HAL_TIM_ConfigClockSource                0x08003669   Thumb Code   308  stm32l4xx_hal_tim.o(i.HAL_TIM_ConfigClockSource)
    HAL_TIM_IC_CaptureCallback               0x080037a1   Thumb Code     2  stm32l4xx_hal_tim.o(i.HAL_TIM_IC_CaptureCallback)
    HAL_TIM_IRQHandler                       0x080037a3   Thumb Code   406  stm32l4xx_hal_tim.o(i.HAL_TIM_IRQHandler)
    HAL_TIM_MspPostInit                      0x08003939   Thumb Code    44  stm32l4xx_hal_msp.o(i.HAL_TIM_MspPostInit)
    HAL_TIM_OC_DelayElapsedCallback          0x0800396d   Thumb Code     2  stm32l4xx_hal_tim.o(i.HAL_TIM_OC_DelayElapsedCallback)
    HAL_TIM_PWM_ConfigChannel                0x0800396f   Thumb Code   372  stm32l4xx_hal_tim.o(i.HAL_TIM_PWM_ConfigChannel)
    HAL_TIM_PWM_Init                         0x08003ae3   Thumb Code    52  stm32l4xx_hal_tim.o(i.HAL_TIM_PWM_Init)
    HAL_TIM_PWM_MspInit                      0x08003b19   Thumb Code    40  stm32l4xx_hal_msp.o(i.HAL_TIM_PWM_MspInit)
    HAL_TIM_PWM_PulseFinishedCallback        0x08003b49   Thumb Code     2  stm32l4xx_hal_tim.o(i.HAL_TIM_PWM_PulseFinishedCallback)
    HAL_TIM_PWM_Start                        0x08003b4d   Thumb Code    92  stm32l4xx_hal_tim.o(i.HAL_TIM_PWM_Start)
    HAL_TIM_PWM_Stop                         0x08003bbd   Thumb Code   150  stm32l4xx_hal_tim.o(i.HAL_TIM_PWM_Stop)
    HAL_TIM_PeriodElapsedCallback            0x08003c69   Thumb Code    18  main.o(i.HAL_TIM_PeriodElapsedCallback)
    HAL_TIM_TriggerCallback                  0x08003c81   Thumb Code     2  stm32l4xx_hal_tim.o(i.HAL_TIM_TriggerCallback)
    HAL_UARTEx_WakeupCallback                0x08003c83   Thumb Code     2  stm32l4xx_hal_uart_ex.o(i.HAL_UARTEx_WakeupCallback)
    HAL_UART_ErrorCallback                   0x08003c85   Thumb Code     2  stm32l4xx_hal_uart.o(i.HAL_UART_ErrorCallback)
    HAL_UART_IRQHandler                      0x08003c89   Thumb Code   394  stm32l4xx_hal_uart.o(i.HAL_UART_IRQHandler)
    HAL_UART_Init                            0x08003e19   Thumb Code   120  stm32l4xx_hal_uart.o(i.HAL_UART_Init)
    HAL_UART_MspInit                         0x08003e91   Thumb Code   202  stm32l4xx_hal_msp.o(i.HAL_UART_MspInit)
    HAL_UART_Receive                         0x08003f71   Thumb Code   274  stm32l4xx_hal_uart.o(i.HAL_UART_Receive)
    HAL_UART_RxCpltCallback                  0x08004089   Thumb Code     2  stm32l4xx_hal_uart.o(i.HAL_UART_RxCpltCallback)
    HAL_UART_Transmit                        0x0800408b   Thumb Code   198  stm32l4xx_hal_uart.o(i.HAL_UART_Transmit)
    HAL_UART_TxCpltCallback                  0x08004151   Thumb Code     2  stm32l4xx_hal_uart.o(i.HAL_UART_TxCpltCallback)
    MX_RTC_Init                              0x0800442d   Thumb Code    44  main.o(i.MX_RTC_Init)
    RTC_Alarm_IRQHandler                     0x08004a69   Thumb Code    28  stm32l4xx_it.o(i.RTC_Alarm_IRQHandler)
    RTC_Bcd2ToByte                           0x08004a8d   Thumb Code    22  stm32l4xx_hal_rtc.o(i.RTC_Bcd2ToByte)
    RTC_ByteToBcd2                           0x08004aa3   Thumb Code    26  stm32l4xx_hal_rtc.o(i.RTC_ByteToBcd2)
    RTC_EnterInitMode                        0x08004abd   Thumb Code    62  stm32l4xx_hal_rtc.o(i.RTC_EnterInitMode)
    Reinit_SW_Pin                            0x08004afd   Thumb Code    60  am2302.o(i.Reinit_SW_Pin)
    SPI1_IRQHandler                          0x08004b3d   Thumb Code    10  stm32l4xx_it.o(i.SPI1_IRQHandler)
    StartDefaultTask                         0x08004b63   Thumb Code    10  main.o(i.StartDefaultTask)
    SysTick_Handler                          0x08004b6d   Thumb Code     8  stm32l4xx_it.o(i.SysTick_Handler)
    SystemClock_Config                       0x08004b75   Thumb Code   200  main.o(i.SystemClock_Config)
    SystemInit                               0x08004c41   Thumb Code    68  system_stm32l4xx_1.o(i.SystemInit)
    TIM1_UP_TIM16_IRQHandler                 0x08004c91   Thumb Code    10  stm32l4xx_it.o(i.TIM1_UP_TIM16_IRQHandler)
    TIM_Base_SetConfig                       0x08004ca1   Thumb Code   160  stm32l4xx_hal_tim.o(i.TIM_Base_SetConfig)
    TIM_CCxChannelCmd                        0x08004d61   Thumb Code    28  stm32l4xx_hal_tim.o(i.TIM_CCxChannelCmd)
    TIM_ETR_SetConfig                        0x08004d7d   Thumb Code    24  stm32l4xx_hal_tim.o(i.TIM_ETR_SetConfig)
    TIM_OC2_SetConfig                        0x08004e59   Thumb Code   162  stm32l4xx_hal_tim.o(i.TIM_OC2_SetConfig)
    UART5_IRQHandler                         0x0800518d   Thumb Code   128  stm32l4xx_it.o(i.UART5_IRQHandler)
    UART_AdvFeatureConfig                    0x0800521d   Thumb Code   248  stm32l4xx_hal_uart.o(i.UART_AdvFeatureConfig)
    UART_CheckIdleState                      0x08005315   Thumb Code   116  stm32l4xx_hal_uart.o(i.UART_CheckIdleState)
    UART_SetConfig                           0x0800546d   Thumb Code  1156  stm32l4xx_hal_uart.o(i.UART_SetConfig)
    UART_WaitOnFlagUntilTimeout              0x08005965   Thumb Code   108  stm32l4xx_hal_uart.o(i.UART_WaitOnFlagUntilTimeout)
    USART2_IRQHandler                        0x080059d1   Thumb Code   108  stm32l4xx_it.o(i.USART2_IRQHandler)
    __0printf$8                              0x08005a4d   Thumb Code    22  printf8.o(i.__0printf$8)
    __1printf$8                              0x08005a4d   Thumb Code     0  printf8.o(i.__0printf$8)
    __2printf                                0x08005a4d   Thumb Code     0  printf8.o(i.__0printf$8)
    __scatterload_copy                       0x08005a6d   Thumb Code    14  handlers.o(i.__scatterload_copy)
    __scatterload_null                       0x08005a7b   Thumb Code     2  handlers.o(i.__scatterload_null)
    __scatterload_zeroinit                   0x08005a7d   Thumb Code    14  handlers.o(i.__scatterload_zeroinit)
    check_fish_food                          0x08005ef5   Thumb Code   302  aqua_tasks.o(i.check_fish_food)
    check_fish_tank_level                    0x080060cd   Thumb Code   302  aqua_tasks.o(i.check_fish_tank_level)
    check_flow_meters                        0x080062a1   Thumb Code   470  garden_tasks.o(i.check_flow_meters)
    convert_to_ascii                         0x0800656d   Thumb Code    70  util_func.o(i.convert_to_ascii)
    correct_rtc_values                       0x080065b3   Thumb Code   320  util_func.o(i.correct_rtc_values)
    debug_parse_data_rx                      0x080066f5   Thumb Code   450  util_func.o(i.debug_parse_data_rx)
    feed_fish                                0x08006975   Thumb Code   288  aqua_tasks.o(i.feed_fish)
    fputc                                    0x08006ae1   Thumb Code    34  main.o(i.fputc)
    get_soil_moisture                        0x08006b09   Thumb Code   336  garden_tasks.o(i.get_soil_moisture)
    initialize_system                        0x08006ccd   Thumb Code    40  task_manager.o(i.initialize_system)
    main                                     0x08006cfd   Thumb Code   798  main.o(i.main)
    manage_garden                            0x080071e1   Thumb Code   562  task_manager.o(i.manage_garden)
    measure_distance                         0x08007461   Thumb Code   160  ultrasonic.o(i.measure_distance)
    osDelay                                  0x08007505   Thumb Code    24  cmsis_os.o(i.osDelay)
    osKernelStart                            0x0800751d   Thumb Code    10  cmsis_os.o(i.osKernelStart)
    osSystickHandler                         0x08007527   Thumb Code    16  cmsis_os.o(i.osSystickHandler)
    osThreadCreate                           0x08007537   Thumb Code    58  cmsis_os.o(i.osThreadCreate)
    print_timestamp                          0x08007571   Thumb Code   100  util_func.o(i.print_timestamp)
    pump_switch                              0x08007d91   Thumb Code    34  water_pump.o(i.pump_switch)
    pvPortMalloc                             0x08007db5   Thumb Code    98  heap_1.o(i.pvPortMalloc)
    pvTaskIncrementMutexHeldCount            0x08007e25   Thumb Code    26  tasks.o(i.pvTaskIncrementMutexHeldCount)
    pxPortInitialiseStack                    0x08007e45   Thumb Code    34  port.o(i.pxPortInitialiseStack)
    read_data_am2302                         0x08007e6d   Thumb Code   444  am2302.o(i.read_data_am2302)
    read_flow_rate                           0x0800802d   Thumb Code    40  water_flow.o(i.read_flow_rate)
    read_garden_tank_level                   0x08008061   Thumb Code   300  garden_tasks.o(i.read_garden_tank_level)
    read_soil_moisture                       0x0800824d   Thumb Code    90  soil_moisture.o(i.read_soil_moisture)
    read_temp_humid                          0x080082a9   Thumb Code   540  garden_tasks.o(i.read_temp_humid)
    set_RTC_alarm                            0x0800855d   Thumb Code   170  util_func.o(i.set_RTC_alarm)
    start_flow_rate                          0x0800862d   Thumb Code    44  water_flow.o(i.start_flow_rate)
    status_led_task                          0x08008665   Thumb Code    68  util_func.o(i.status_led_task)
    timer_delay_uS                           0x080086b1   Thumb Code    46  util_func.o(i.timer_delay_uS)
    timer_uS_start                           0x080086e5   Thumb Code    36  util_func.o(i.timer_uS_start)
    timer_uS_stop                            0x0800870d   Thumb Code    10  util_func.o(i.timer_uS_stop)
    uxListRemove                             0x0800871d   Thumb Code    40  list.o(i.uxListRemove)
    vListInitialise                          0x08008745   Thumb Code    26  list.o(i.vListInitialise)
    vListInitialiseItem                      0x0800875f   Thumb Code     6  list.o(i.vListInitialiseItem)
    vListInsert                              0x08008765   Thumb Code    52  list.o(i.vListInsert)
    vListInsertEnd                           0x08008799   Thumb Code    24  list.o(i.vListInsertEnd)
    vPortEnterCritical                       0x080087b1   Thumb Code    76  port.o(i.vPortEnterCritical)
    vPortExitCritical                        0x08008805   Thumb Code    56  port.o(i.vPortExitCritical)
    vPortFree                                0x08008841   Thumb Code    34  heap_1.o(i.vPortFree)
    vPortSetupTimerInterrupt                 0x08008865   Thumb Code    26  port.o(i.vPortSetupTimerInterrupt)
    vPortValidateInterruptPriority           0x08008885   Thumb Code   106  port.o(i.vPortValidateInterruptPriority)
    vQueueAddToRegistry                      0x080088fd   Thumb Code    38  queue.o(i.vQueueAddToRegistry)
    vQueueWaitForMessageRestricted           0x08008929   Thumb Code    66  queue.o(i.vQueueWaitForMessageRestricted)
    vTaskDelay                               0x0800896d   Thumb Code   120  tasks.o(i.vTaskDelay)
    vTaskMissedYield                         0x080089f9   Thumb Code     8  tasks.o(i.vTaskMissedYield)
    vTaskPlaceOnEventList                    0x08008a05   Thumb Code   108  tasks.o(i.vTaskPlaceOnEventList)
    vTaskPlaceOnEventListRestricted          0x08008a81   Thumb Code   114  tasks.o(i.vTaskPlaceOnEventListRestricted)
    vTaskPriorityInherit                     0x08008b05   Thumb Code   164  tasks.o(i.vTaskPriorityInherit)
    vTaskSetTimeOutState                     0x08008bb5   Thumb Code    38  tasks.o(i.vTaskSetTimeOutState)
    vTaskStartScheduler                      0x08008be5   Thumb Code   110  tasks.o(i.vTaskStartScheduler)
    vTaskSuspendAll                          0x08008c6d   Thumb Code    12  tasks.o(i.vTaskSuspendAll)
    vTaskSwitchContext                       0x08008c7d   Thumb Code   118  tasks.o(i.vTaskSwitchContext)
    water_garden                             0x08008d09   Thumb Code   676  garden_tasks.o(i.water_garden)
    water_towers                             0x080090a5   Thumb Code   682  aqua_tasks.o(i.water_towers)
    xPortStartScheduler                      0x08009491   Thumb Code   288  port.o(i.xPortStartScheduler)
    xPortSysTickHandler                      0x080095cd   Thumb Code    48  port.o(i.xPortSysTickHandler)
    xQueueCreateMutex                        0x08009601   Thumb Code    76  queue.o(i.xQueueCreateMutex)
    xQueueGenericCreate                      0x0800964d   Thumb Code   134  queue.o(i.xQueueGenericCreate)
    xQueueGenericReceive                     0x080096d5   Thumb Code   424  queue.o(i.xQueueGenericReceive)
    xQueueGenericReset                       0x08009881   Thumb Code   144  queue.o(i.xQueueGenericReset)
    xQueueGenericSend                        0x08009915   Thumb Code   412  queue.o(i.xQueueGenericSend)
    xQueueGenericSendFromISR                 0x08009ab5   Thumb Code   240  queue.o(i.xQueueGenericSendFromISR)
    xTaskCheckForTimeOut                     0x08009ba5   Thumb Code   132  tasks.o(i.xTaskCheckForTimeOut)
    xTaskGenericCreate                       0x08009c31   Thumb Code   340  tasks.o(i.xTaskGenericCreate)
    xTaskGetSchedulerState                   0x08009da9   Thumb Code    24  tasks.o(i.xTaskGetSchedulerState)
    xTaskGetTickCount                        0x08009dc9   Thumb Code     6  tasks.o(i.xTaskGetTickCount)
    xTaskIncrementTick                       0x08009dd5   Thumb Code   286  tasks.o(i.xTaskIncrementTick)
    xTaskPriorityDisinherit                  0x08009f21   Thumb Code   188  tasks.o(i.xTaskPriorityDisinherit)
    xTaskRemoveFromEventList                 0x08009fe9   Thumb Code   128  tasks.o(i.xTaskRemoveFromEventList)
    xTaskResumeAll                           0x0800a081   Thumb Code   224  tasks.o(i.xTaskResumeAll)
    xTimerCreateTimerTask                    0x0800a185   Thumb Code    72  timers.o(i.xTimerCreateTimerTask)
    xTimerGenericCommand                     0x0800a1dd   Thumb Code   126  timers.o(i.xTimerGenericCommand)
    xbee_rx_task                             0x0800a269   Thumb Code   376  xbee_test.o(i.xbee_rx_task)
    xbee_send_timestamp                      0x0800a485   Thumb Code   162  xbee_test.o(i.xbee_send_timestamp)
    xbee_tx                                  0x0800a545   Thumb Code   228  xbee_test.o(i.xbee_tx)
    xbee_tx_packet_create                    0x0800a635   Thumb Code    66  xbee_test.o(i.xbee_tx_packet_create)
    xbee_tx_packet_send                      0x0800a681   Thumb Code    88  xbee_test.o(i.xbee_tx_packet_send)
    xbee_tx_packet_update                    0x0800a6e1   Thumb Code    46  xbee_test.o(i.xbee_tx_packet_update)
    AHBPrescTable                            0x0800a718   Data          16  system_stm32l4xx_1.o(.constdata)
    APBPrescTable                            0x0800a728   Data           8  system_stm32l4xx_1.o(.constdata)
    MSIRangeTable                            0x0800a730   Data          48  system_stm32l4xx_1.o(.constdata)
    Region$$Table$$Base                      0x0800a7d8   Number         0  anon$$obj.o(Region$$Table)
    Region$$Table$$Limit                     0x0800a7f8   Number         0  anon$$obj.o(Region$$Table)
    pxCurrentTCB                             0x2000001c   Data           4  tasks.o(.data)
    uwTick                                   0x2000005c   Data           4  stm32l4xx_hal.o(.data)
    SystemCoreClock                          0x20000060   Data           4  system_stm32l4xx_1.o(.data)
    xHigherPriorityTaskWoken                 0x20000064   Data           4  stm32l4xx_it.o(.data)
    defaultTaskHandle                        0x2000006c   Data           4  main.o(.data)
    __stdout                                 0x20000070   Data           4  main.o(.data)
    date                                     0x20000074   Data           4  main.o(.data)
    sys_stat                                 0x20000078   Data           4  main.o(.data)
    GARDEN_PUMP_FLOW_METER_count             0x2000007c   Data           4  main.o(.data)
    AQUA_PUMP_FISH_TANK_FLOW_METER_count     0x20000080   Data           4  main.o(.data)
    AQUA_PUMP_TOWER_FLOW_METER_count         0x20000084   Data           4  main.o(.data)
    xbee_tx_buff_offset                      0x20000088   Data           1  main.o(.data)
    xbee_flag                                0x20000089   Data           1  main.o(.data)
    debug_rx_buf_idx                         0x2000008a   Data           1  main.o(.data)
    base_stn_dest_addr                       0x2000008b   Data           8  main.o(.data)
    ret_val                                  0x20000094   Data           4  main.o(.data)
    debug_parse_data_rx_handle               0x20000098   Data           4  main.o(.data)
    manage_garden_handle                     0x2000009c   Data           4  main.o(.data)
    water_garden_handle                      0x200000a0   Data           4  main.o(.data)
    check_flow_meters_handle                 0x200000a4   Data           4  main.o(.data)
    read_temp_humid_handle                   0x200000a8   Data           4  main.o(.data)
    read_soil_moisture_handle                0x200000ac   Data           4  main.o(.data)
    read_garden_tank_level_handle            0x200000b0   Data           4  main.o(.data)
    xbee_rx_task_handle                      0x200000b4   Data           4  main.o(.data)
    status_led_handle                        0x200000b8   Data           4  main.o(.data)
    water_towers_handle                      0x200000bc   Data           4  main.o(.data)
    check_fish_food_handle                   0x200000c0   Data           4  main.o(.data)
    check_fish_tank_level_handle             0x200000c4   Data           4  main.o(.data)
    test_task_handle                         0x200000c8   Data           4  main.o(.data)
    feed_fish_handle                         0x200000cc   Data           4  main.o(.data)
    xQueue_debug_parse_data_rx               0x200000d0   Data           4  main.o(.data)
    xQueue_rtc_alarm                         0x200000d4   Data           4  main.o(.data)
    xQueue_water_garden                      0x200000d8   Data           4  main.o(.data)
    xQueue_check_flow_meters                 0x200000dc   Data           4  main.o(.data)
    xQueue_read_temp_humid                   0x200000e0   Data           4  main.o(.data)
    xQueue_read_soil_moisture                0x200000e4   Data           4  main.o(.data)
    xQueue_parse_xbee_rx                     0x200000e8   Data           4  main.o(.data)
    xQueue_read_garden_tank_level            0x200000ec   Data           4  main.o(.data)
    xQueue_water_towers                      0x200000f0   Data           4  main.o(.data)
    xQueue_check_fish_food                   0x200000f4   Data           4  main.o(.data)
    xQueue_check_fish_tank_level             0x200000f8   Data           4  main.o(.data)
    xQueue_test_task                         0x200000fc   Data           4  main.o(.data)
    xQueue_feed_fish                         0x20000100   Data           4  main.o(.data)
    xSemaphore_send_log                      0x20000104   Data           4  main.o(.data)
    xSemaphore_timer2                        0x20000108   Data           4  main.o(.data)
    xQueueRegistry                           0x20000134   Data          64  queue.o(.bss)
    htim1                                    0x20007f64   Data          60  stm32l4xx_hal_timebase_tim.o(.bss)
    hadc1                                    0x20007fa0   Data         104  main.o(.bss)
    hadc3                                    0x20008008   Data         104  main.o(.bss)
    hi2c3                                    0x20008070   Data          76  main.o(.bss)
    hrtc                                     0x200080bc   Data          36  main.o(.bss)
    hspi1                                    0x200080e0   Data         100  main.o(.bss)
    htim2                                    0x20008144   Data          60  main.o(.bss)
    htim4                                    0x20008180   Data          60  main.o(.bss)
    huart5                                   0x200081bc   Data         112  main.o(.bss)
    huart2                                   0x2000822c   Data         112  main.o(.bss)
    time                                     0x2000829c   Data          20  main.o(.bss)
    first_alarm                              0x200082b0   Data          40  main.o(.bss)
    debug_rx_buf                             0x200082d8   Data          50  main.o(.bss)
    xbee_rx_buff                             0x2000830a   Data         100  main.o(.bss)
    xbee_tx_buff                             0x2000836e   Data         100  main.o(.bss)
    GPIO_InitStruct                          0x200083d4   Data          20  am2302.o(.bss)
    __initial_sp                             0x200087e8   Data           0  startup_stm32l476xx.o(STACK)



==============================================================================

Memory Map of the image

  Image Entry point : 0x08000189

  Load Region LR_IROM1 (Base: 0x08000000, Size: 0x0000a904, Max: 0x00100000, ABSOLUTE)

    Execution Region ER_IROM1 (Base: 0x08000000, Size: 0x0000a7f8, Max: 0x00100000, ABSOLUTE)

    Base Addr    Size         Type   Attr      Idx    E Section Name        Object

    0x08000000   0x00000188   Data   RO         1216    RESET               startup_stm32l476xx.o
    0x08000188   0x00000000   Code   RO         6465  * .ARM.Collect$$$$00000000  mc_w.l(entry.o)
    0x08000188   0x00000004   Code   RO         6737    .ARM.Collect$$$$00000001  mc_w.l(entry2.o)
    0x0800018c   0x00000004   Code   RO         6740    .ARM.Collect$$$$00000004  mc_w.l(entry5.o)
    0x08000190   0x00000000   Code   RO         6742    .ARM.Collect$$$$00000008  mc_w.l(entry7b.o)
    0x08000190   0x00000000   Code   RO         6744    .ARM.Collect$$$$0000000A  mc_w.l(entry8b.o)
    0x08000190   0x00000008   Code   RO         6745    .ARM.Collect$$$$0000000B  mc_w.l(entry9a.o)
    0x08000198   0x00000000   Code   RO         6747    .ARM.Collect$$$$0000000D  mc_w.l(entry10a.o)
    0x08000198   0x00000000   Code   RO         6749    .ARM.Collect$$$$0000000F  mc_w.l(entry11a.o)
    0x08000198   0x00000004   Code   RO         6738    .ARM.Collect$$$$00002712  mc_w.l(entry2.o)
    0x0800019c   0x000000da   Code   RO            1    .emb_text           port.o
    0x08000276   0x00000002   PAD
    0x08000278   0x00000024   Code   RO         1217    .text               startup_stm32l476xx.o
    0x0800029c   0x00000068   Code   RO         6468    .text               mc_w.l(uldiv.o)
    0x08000304   0x00000024   Code   RO         6470    .text               mc_w.l(memcpya.o)
    0x08000328   0x00000024   Code   RO         6472    .text               mc_w.l(memseta.o)
    0x0800034c   0x0000001e   Code   RO         6753    .text               mc_w.l(llshl.o)
    0x0800036a   0x00000020   Code   RO         6755    .text               mc_w.l(llushr.o)
    0x0800038a   0x00000002   PAD
    0x0800038c   0x00000024   Code   RO         6768    .text               mc_w.l(init.o)
    0x080003b0   0x0000010c   Code   RO         2395    i.ADC_ConversionStop  stm32l4xx_hal_adc.o
    0x080004bc   0x00000098   Code   RO         2399    i.ADC_Disable       stm32l4xx_hal_adc.o
    0x08000554   0x000000a0   Code   RO         2400    i.ADC_Enable        stm32l4xx_hal_adc.o
    0x080005f4   0x0000001c   Code   RO         5624    i.EXTI15_10_IRQHandler  stm32l4xx_it.o
    0x08000610   0x00000064   Code   RO         5625    i.EXTI9_5_IRQHandler  stm32l4xx_it.o
    0x08000674   0x00000004   Code   RO         5863    i.Error_Handler     main.o
    0x08000678   0x00000158   Code   RO         1243    i.HAL_ADCEx_MultiModeConfigChannel  stm32l4xx_hal_adc_ex.o
    0x080007d0   0x000005ec   Code   RO         2402    i.HAL_ADC_ConfigChannel  stm32l4xx_hal_adc.o
    0x08000dbc   0x00000008   Code   RO         2409    i.HAL_ADC_GetValue  stm32l4xx_hal_adc.o
    0x08000dc4   0x00000320   Code   RO         2411    i.HAL_ADC_Init      stm32l4xx_hal_adc.o
    0x080010e4   0x000000cc   Code   RO         5721    i.HAL_ADC_MspInit   stm32l4xx_hal_msp.o
    0x080011b0   0x000001a8   Code   RO         2415    i.HAL_ADC_PollForConversion  stm32l4xx_hal_adc.o
    0x08001358   0x0000015c   Code   RO         2417    i.HAL_ADC_Start     stm32l4xx_hal_adc.o
    0x080014b4   0x0000004c   Code   RO         2420    i.HAL_ADC_Stop      stm32l4xx_hal_adc.o
    0x08001500   0x00000058   Code   RO         3515    i.HAL_DMA_Abort_IT  stm32l4xx_hal_dma.o
    0x08001558   0x0000001a   Code   RO         5353    i.HAL_Delay         stm32l4xx_hal.o
    0x08001572   0x00000002   Code   RO         3312    i.HAL_GPIO_EXTI_Callback  stm32l4xx_hal_gpio.o
    0x08001574   0x0000001c   Code   RO         3313    i.HAL_GPIO_EXTI_IRQHandler  stm32l4xx_hal_gpio.o
    0x08001590   0x00000208   Code   RO         3314    i.HAL_GPIO_Init     stm32l4xx_hal_gpio.o
    0x08001798   0x00000010   Code   RO         3316    i.HAL_GPIO_ReadPin  stm32l4xx_hal_gpio.o
    0x080017a8   0x00000008   Code   RO         3317    i.HAL_GPIO_TogglePin  stm32l4xx_hal_gpio.o
    0x080017b0   0x0000000a   Code   RO         3318    i.HAL_GPIO_WritePin  stm32l4xx_hal_gpio.o
    0x080017ba   0x00000002   PAD
    0x080017bc   0x0000000c   Code   RO         5357    i.HAL_GetTick       stm32l4xx_hal.o
    0x080017c8   0x0000006a   Code   RO         4601    i.HAL_I2CEx_ConfigAnalogFilter  stm32l4xx_hal_i2c_ex.o
    0x08001832   0x00000002   PAD
    0x08001834   0x000000c4   Code   RO         1624    i.HAL_I2C_Init      stm32l4xx_hal_i2c.o
    0x080018f8   0x00000058   Code   RO         5723    i.HAL_I2C_MspInit   stm32l4xx_hal_msp.o
    0x08001950   0x00000010   Code   RO         5358    i.HAL_IncTick       stm32l4xx_hal.o
    0x08001960   0x00000028   Code   RO         5359    i.HAL_Init          stm32l4xx_hal.o
    0x08001988   0x00000088   Code   RO         5578    i.HAL_InitTick      stm32l4xx_hal_timebase_tim.o
    0x08001a10   0x00000090   Code   RO         5724    i.HAL_MspInit       stm32l4xx_hal_msp.o
    0x08001aa0   0x0000001a   Code   RO         2584    i.HAL_NVIC_EnableIRQ  stm32l4xx_hal_cortex.o
    0x08001aba   0x00000082   Code   RO         2590    i.HAL_NVIC_SetPriority  stm32l4xx_hal_cortex.o
    0x08001b3c   0x00000028   Code   RO         2591    i.HAL_NVIC_SetPriorityGrouping  stm32l4xx_hal_cortex.o
    0x08001b64   0x0000008c   Code   RO         2150    i.HAL_PWREx_ControlVoltageScaling  stm32l4xx_hal_pwr_ex.o
    0x08001bf0   0x00000010   Code   RO         2181    i.HAL_PWREx_GetVoltageRange  stm32l4xx_hal_pwr_ex.o
    0x08001c00   0x000004d4   Code   RO         3392    i.HAL_RCCEx_PeriphCLKConfig  stm32l4xx_hal_rcc_ex.o
    0x080020d4   0x000001e8   Code   RO         1513    i.HAL_RCC_ClockConfig  stm32l4xx_hal_rcc.o
    0x080022bc   0x00000044   Code   RO         1516    i.HAL_RCC_GetClockConfig  stm32l4xx_hal_rcc.o
    0x08002300   0x0000000c   Code   RO         1517    i.HAL_RCC_GetHCLKFreq  stm32l4xx_hal_rcc.o
    0x0800230c   0x0000002c   Code   RO         1519    i.HAL_RCC_GetPCLK1Freq  stm32l4xx_hal_rcc.o
    0x08002338   0x0000002c   Code   RO         1520    i.HAL_RCC_GetPCLK2Freq  stm32l4xx_hal_rcc.o
    0x08002364   0x00000174   Code   RO         1521    i.HAL_RCC_GetSysClockFreq  stm32l4xx_hal_rcc.o
    0x080024d8   0x0000064c   Code   RO         1524    i.HAL_RCC_OscConfig  stm32l4xx_hal_rcc.o
    0x08002b24   0x00000002   Code   RO         4655    i.HAL_RTCEx_AlarmBEventCallback  stm32l4xx_hal_rtc_ex.o
    0x08002b26   0x00000002   Code   RO         4404    i.HAL_RTC_AlarmAEventCallback  stm32l4xx_hal_rtc.o
    0x08002b28   0x0000006c   Code   RO         4405    i.HAL_RTC_AlarmIRQHandler  stm32l4xx_hal_rtc.o
    0x08002b94   0x0000004c   Code   RO         4409    i.HAL_RTC_GetDate   stm32l4xx_hal_rtc.o
    0x08002be0   0x00000060   Code   RO         4411    i.HAL_RTC_GetTime   stm32l4xx_hal_rtc.o
    0x08002c40   0x000000c4   Code   RO         4412    i.HAL_RTC_Init      stm32l4xx_hal_rtc.o
    0x08002d04   0x00000038   Code   RO         5726    i.HAL_RTC_MspInit   stm32l4xx_hal_msp.o
    0x08002d3c   0x0000023c   Code   RO         4417    i.HAL_RTC_SetAlarm_IT  stm32l4xx_hal_rtc.o
    0x08002f78   0x00000124   Code   RO         4418    i.HAL_RTC_SetDate   stm32l4xx_hal_rtc.o
    0x0800309c   0x00000138   Code   RO         4419    i.HAL_RTC_SetTime   stm32l4xx_hal_rtc.o
    0x080031d4   0x0000003a   Code   RO         4420    i.HAL_RTC_WaitForSynchro  stm32l4xx_hal_rtc.o
    0x0800320e   0x00000002   Code   RO         2716    i.HAL_SPI_ErrorCallback  stm32l4xx_hal_spi.o
    0x08003210   0x0000013c   Code   RO         2719    i.HAL_SPI_IRQHandler  stm32l4xx_hal_spi.o
    0x0800334c   0x000000c0   Code   RO         2720    i.HAL_SPI_Init      stm32l4xx_hal_spi.o
    0x0800340c   0x00000084   Code   RO         5728    i.HAL_SPI_MspInit   stm32l4xx_hal_msp.o
    0x08003490   0x00000028   Code   RO         2593    i.HAL_SYSTICK_CLKSourceConfig  stm32l4xx_hal_cortex.o
    0x080034b8   0x00000034   Code   RO         2595    i.HAL_SYSTICK_Config  stm32l4xx_hal_cortex.o
    0x080034ec   0x00000002   Code   RO         3060    i.HAL_TIMEx_BreakCallback  stm32l4xx_hal_tim_ex.o
    0x080034ee   0x00000002   Code   RO         3061    i.HAL_TIMEx_CommutationCallback  stm32l4xx_hal_tim_ex.o
    0x080034f0   0x0000006c   Code   RO         3079    i.HAL_TIMEx_MasterConfigSynchronization  stm32l4xx_hal_tim_ex.o
    0x0800355c   0x00000034   Code   RO         3610    i.HAL_TIM_Base_Init  stm32l4xx_hal_tim.o
    0x08003590   0x0000002c   Code   RO         5730    i.HAL_TIM_Base_MspInit  stm32l4xx_hal_msp.o
    0x080035bc   0x0000001e   Code   RO         3613    i.HAL_TIM_Base_Start  stm32l4xx_hal_tim.o
    0x080035da   0x0000001e   Code   RO         3615    i.HAL_TIM_Base_Start_IT  stm32l4xx_hal_tim.o
    0x080035f8   0x00000038   Code   RO         3616    i.HAL_TIM_Base_Stop  stm32l4xx_hal_tim.o
    0x08003630   0x00000038   Code   RO         3618    i.HAL_TIM_Base_Stop_IT  stm32l4xx_hal_tim.o
    0x08003668   0x00000138   Code   RO         3619    i.HAL_TIM_ConfigClockSource  stm32l4xx_hal_tim.o
    0x080037a0   0x00000002   Code   RO         3639    i.HAL_TIM_IC_CaptureCallback  stm32l4xx_hal_tim.o
    0x080037a2   0x00000196   Code   RO         3652    i.HAL_TIM_IRQHandler  stm32l4xx_hal_tim.o
    0x08003938   0x00000034   Code   RO         5731    i.HAL_TIM_MspPostInit  stm32l4xx_hal_msp.o
    0x0800396c   0x00000002   Code   RO         3655    i.HAL_TIM_OC_DelayElapsedCallback  stm32l4xx_hal_tim.o
    0x0800396e   0x00000174   Code   RO         3676    i.HAL_TIM_PWM_ConfigChannel  stm32l4xx_hal_tim.o
    0x08003ae2   0x00000034   Code   RO         3679    i.HAL_TIM_PWM_Init  stm32l4xx_hal_tim.o
    0x08003b16   0x00000002   PAD
    0x08003b18   0x00000030   Code   RO         5733    i.HAL_TIM_PWM_MspInit  stm32l4xx_hal_msp.o
    0x08003b48   0x00000002   Code   RO         3682    i.HAL_TIM_PWM_PulseFinishedCallback  stm32l4xx_hal_tim.o
    0x08003b4a   0x00000002   PAD
    0x08003b4c   0x00000070   Code   RO         3683    i.HAL_TIM_PWM_Start  stm32l4xx_hal_tim.o
    0x08003bbc   0x000000ac   Code   RO         3686    i.HAL_TIM_PWM_Stop  stm32l4xx_hal_tim.o
    0x08003c68   0x00000018   Code   RO         5864    i.HAL_TIM_PeriodElapsedCallback  main.o
    0x08003c80   0x00000002   Code   RO         3693    i.HAL_TIM_TriggerCallback  stm32l4xx_hal_tim.o
    0x08003c82   0x00000002   Code   RO         4547    i.HAL_UARTEx_WakeupCallback  stm32l4xx_hal_uart_ex.o
    0x08003c84   0x00000002   Code   RO         4917    i.HAL_UART_ErrorCallback  stm32l4xx_hal_uart.o
    0x08003c86   0x00000002   PAD
    0x08003c88   0x00000190   Code   RO         4920    i.HAL_UART_IRQHandler  stm32l4xx_hal_uart.o
    0x08003e18   0x00000078   Code   RO         4921    i.HAL_UART_Init     stm32l4xx_hal_uart.o
    0x08003e90   0x000000e0   Code   RO         5735    i.HAL_UART_MspInit  stm32l4xx_hal_msp.o
    0x08003f70   0x00000118   Code   RO         4924    i.HAL_UART_Receive  stm32l4xx_hal_uart.o
    0x08004088   0x00000002   Code   RO         4927    i.HAL_UART_RxCpltCallback  stm32l4xx_hal_uart.o
    0x0800408a   0x000000c6   Code   RO         4929    i.HAL_UART_Transmit  stm32l4xx_hal_uart.o
    0x08004150   0x00000002   Code   RO         4932    i.HAL_UART_TxCpltCallback  stm32l4xx_hal_uart.o
    0x08004152   0x00000002   PAD
    0x08004154   0x00000094   Code   RO         5865    i.MX_ADC1_Init      main.o
    0x080041e8   0x00000070   Code   RO         5866    i.MX_ADC3_Init      main.o
    0x08004258   0x0000018c   Code   RO         5867    i.MX_GPIO_Init      main.o
    0x080043e4   0x00000048   Code   RO         5868    i.MX_I2C3_Init      main.o
    0x0800442c   0x00000034   Code   RO         5869    i.MX_RTC_Init       main.o
    0x08004460   0x00000050   Code   RO         5870    i.MX_SPI1_Init      main.o
    0x080044b0   0x00000058   Code   RO         5871    i.MX_TIM2_Init      main.o
    0x08004508   0x00000070   Code   RO         5872    i.MX_TIM4_Init      main.o
    0x08004578   0x00000040   Code   RO         5873    i.MX_UART5_Init     main.o
    0x080045b8   0x00000040   Code   RO         5874    i.MX_USART2_UART_Init  main.o
    0x080045f8   0x00000010   Code   RO         2597    i.NVIC_GetPriorityGrouping  stm32l4xx_hal_cortex.o
    0x08004608   0x00000028   Code   RO         2598    i.NVIC_SetPriority  stm32l4xx_hal_cortex.o
    0x08004630   0x000001ec   Code   RO         3395    i.RCCEx_PLLSAI1_Config  stm32l4xx_hal_rcc_ex.o
    0x0800481c   0x000001ac   Code   RO         3396    i.RCCEx_PLLSAI2_Config  stm32l4xx_hal_rcc_ex.o
    0x080049c8   0x000000a0   Code   RO         1525    i.RCC_SetFlashLatencyFromMSIRange  stm32l4xx_hal_rcc.o
    0x08004a68   0x00000024   Code   RO         5626    i.RTC_Alarm_IRQHandler  stm32l4xx_it.o
    0x08004a8c   0x00000016   Code   RO         4421    i.RTC_Bcd2ToByte    stm32l4xx_hal_rtc.o
    0x08004aa2   0x0000001a   Code   RO         4422    i.RTC_ByteToBcd2    stm32l4xx_hal_rtc.o
    0x08004abc   0x0000003e   Code   RO         4423    i.RTC_EnterInitMode  stm32l4xx_hal_rtc.o
    0x08004afa   0x00000002   PAD
    0x08004afc   0x00000040   Code   RO         6355    i.Reinit_SW_Pin     am2302.o
    0x08004b3c   0x00000010   Code   RO         5627    i.SPI1_IRQHandler   stm32l4xx_it.o
    0x08004b4c   0x00000016   Code   RO         2747    i.SPI_DMAAbortOnError  stm32l4xx_hal_spi.o
    0x08004b62   0x0000000a   Code   RO         5875    i.StartDefaultTask  main.o
    0x08004b6c   0x00000008   Code   RO         5628    i.SysTick_Handler   stm32l4xx_it.o
    0x08004b74   0x000000cc   Code   RO         5876    i.SystemClock_Config  main.o
    0x08004c40   0x00000050   Code   RO         5542    i.SystemInit        system_stm32l4xx_1.o
    0x08004c90   0x00000010   Code   RO         5629    i.TIM1_UP_TIM16_IRQHandler  stm32l4xx_it.o
    0x08004ca0   0x000000c0   Code   RO         3694    i.TIM_Base_SetConfig  stm32l4xx_hal_tim.o
    0x08004d60   0x0000001c   Code   RO         3695    i.TIM_CCxChannelCmd  stm32l4xx_hal_tim.o
    0x08004d7c   0x00000018   Code   RO         3701    i.TIM_ETR_SetConfig  stm32l4xx_hal_tim.o
    0x08004d94   0x00000014   Code   RO         3702    i.TIM_ITRx_SetConfig  stm32l4xx_hal_tim.o
    0x08004da8   0x000000b0   Code   RO         3703    i.TIM_OC1_SetConfig  stm32l4xx_hal_tim.o
    0x08004e58   0x000000bc   Code   RO         3704    i.TIM_OC2_SetConfig  stm32l4xx_hal_tim.o
    0x08004f14   0x000000b8   Code   RO         3705    i.TIM_OC3_SetConfig  stm32l4xx_hal_tim.o
    0x08004fcc   0x0000007c   Code   RO         3706    i.TIM_OC4_SetConfig  stm32l4xx_hal_tim.o
    0x08005048   0x00000074   Code   RO         3707    i.TIM_OC5_SetConfig  stm32l4xx_hal_tim.o
    0x080050bc   0x00000078   Code   RO         3708    i.TIM_OC6_SetConfig  stm32l4xx_hal_tim.o
    0x08005134   0x0000002a   Code   RO         3710    i.TIM_TI1_ConfigInputStage  stm32l4xx_hal_tim.o
    0x0800515e   0x0000002c   Code   RO         3712    i.TIM_TI2_ConfigInputStage  stm32l4xx_hal_tim.o
    0x0800518a   0x00000002   PAD
    0x0800518c   0x00000090   Code   RO         5630    i.UART5_IRQHandler  stm32l4xx_it.o
    0x0800521c   0x000000f8   Code   RO         4934    i.UART_AdvFeatureConfig  stm32l4xx_hal_uart.o
    0x08005314   0x00000074   Code   RO         4935    i.UART_CheckIdleState  stm32l4xx_hal_uart.o
    0x08005388   0x00000018   Code   RO         4936    i.UART_DMAAbortOnError  stm32l4xx_hal_uart.o
    0x080053a0   0x00000020   Code   RO         4946    i.UART_EndRxTransfer  stm32l4xx_hal_uart.o
    0x080053c0   0x00000020   Code   RO         4947    i.UART_EndTransmit_IT  stm32l4xx_hal_uart.o
    0x080053e0   0x0000008a   Code   RO         4949    i.UART_Receive_IT   stm32l4xx_hal_uart.o
    0x0800546a   0x00000002   PAD
    0x0800546c   0x0000048e   Code   RO         4950    i.UART_SetConfig    stm32l4xx_hal_uart.o
    0x080058fa   0x0000006a   Code   RO         4951    i.UART_Transmit_IT  stm32l4xx_hal_uart.o
    0x08005964   0x0000006c   Code   RO         4952    i.UART_WaitOnFlagUntilTimeout  stm32l4xx_hal_uart.o
    0x080059d0   0x0000007c   Code   RO         5631    i.USART2_IRQHandler  stm32l4xx_it.o
    0x08005a4c   0x00000020   Code   RO         6683    i.__0printf$8       mc_w.l(printf8.o)
    0x08005a6c   0x0000000e   Code   RO         6776    i.__scatterload_copy  mc_w.l(handlers.o)
    0x08005a7a   0x00000002   Code   RO         6777    i.__scatterload_null  mc_w.l(handlers.o)
    0x08005a7c   0x0000000e   Code   RO         6778    i.__scatterload_zeroinit  mc_w.l(handlers.o)
    0x08005a8a   0x00000002   PAD
    0x08005a8c   0x00000416   Code   RO         6690    i._printf_core      mc_w.l(printf8.o)
    0x08005ea2   0x00000024   Code   RO         6691    i._printf_post_padding  mc_w.l(printf8.o)
    0x08005ec6   0x0000002e   Code   RO         6692    i._printf_pre_padding  mc_w.l(printf8.o)
    0x08005ef4   0x000001d8   Code   RO         6008    i.check_fish_food   aqua_tasks.o
    0x080060cc   0x000001d4   Code   RO         6009    i.check_fish_tank_level  aqua_tasks.o
    0x080062a0   0x000002cc   Code   RO         6211    i.check_flow_meters  garden_tasks.o
    0x0800656c   0x00000046   Code   RO         6077    i.convert_to_ascii  util_func.o
    0x080065b2   0x00000140   Code   RO         6078    i.correct_rtc_values  util_func.o
    0x080066f2   0x00000002   PAD
    0x080066f4   0x00000280   Code   RO         6079    i.debug_parse_data_rx  util_func.o
    0x08006974   0x0000016c   Code   RO         6010    i.feed_fish         aqua_tasks.o
    0x08006ae0   0x00000028   Code   RO         5877    i.fputc             main.o
    0x08006b08   0x000001c4   Code   RO         6212    i.get_soil_moisture  garden_tasks.o
    0x08006ccc   0x00000030   Code   RO         6159    i.initialize_system  task_manager.o
    0x08006cfc   0x000004d4   Code   RO         5878    i.main              main.o
    0x080071d0   0x0000000e   Code   RO          823    i.makeFreeRtosPriority  cmsis_os.o
    0x080071de   0x00000002   PAD
    0x080071e0   0x00000280   Code   RO         6160    i.manage_garden     task_manager.o
    0x08007460   0x000000a4   Code   RO         6413    i.measure_distance  ultrasonic.o
    0x08007504   0x00000018   Code   RO          824    i.osDelay           cmsis_os.o
    0x0800751c   0x0000000a   Code   RO          827    i.osKernelStart     cmsis_os.o
    0x08007526   0x00000010   Code   RO          856    i.osSystickHandler  cmsis_os.o
    0x08007536   0x0000003a   Code   RO          857    i.osThreadCreate    cmsis_os.o
    0x08007570   0x00000094   Code   RO         6080    i.print_timestamp   util_func.o
    0x08007604   0x00000054   Code   RO          505    i.prvAddCurrentTaskToDelayedList  tasks.o
    0x08007658   0x00000042   Code   RO          506    i.prvAllocateTCBAndStack  tasks.o
    0x0800769a   0x00000002   PAD
    0x0800769c   0x00000080   Code   RO          107    i.prvCheckForValidListAndQueue  timers.o
    0x0800771c   0x00000064   Code   RO          507    i.prvCheckTasksWaitingTermination  tasks.o
    0x08007780   0x0000002a   Code   RO          342    i.prvCopyDataFromQueue  queue.o
    0x080077aa   0x00000080   Code   RO          343    i.prvCopyDataToQueue  queue.o
    0x0800782a   0x00000012   Code   RO          508    i.prvDeleteTCB      tasks.o
    0x0800783c   0x00000028   Code   RO          108    i.prvGetNextExpireTime  timers.o
    0x08007864   0x00000028   Code   RO          509    i.prvIdleTask       tasks.o
    0x0800788c   0x00000062   Code   RO          510    i.prvInitialiseTCBVariables  tasks.o
    0x080078ee   0x00000002   PAD
    0x080078f0   0x00000068   Code   RO          511    i.prvInitialiseTaskLists  tasks.o
    0x08007958   0x00000058   Code   RO          109    i.prvInsertTimerInActiveList  timers.o
    0x080079b0   0x0000001a   Code   RO          344    i.prvIsQueueEmpty   queue.o
    0x080079ca   0x0000001e   Code   RO          345    i.prvIsQueueFull    queue.o
    0x080079e8   0x00000064   Code   RO          110    i.prvProcessExpiredTimer  timers.o
    0x08007a4c   0x000000f8   Code   RO          111    i.prvProcessReceivedCommands  timers.o
    0x08007b44   0x00000074   Code   RO          112    i.prvProcessTimerOrBlockTask  timers.o
    0x08007bb8   0x00000034   Code   RO          513    i.prvResetNextTaskUnblockTime  tasks.o
    0x08007bec   0x0000002c   Code   RO          113    i.prvSampleTimeNow  timers.o
    0x08007c18   0x000000a0   Code   RO          114    i.prvSwitchTimerLists  timers.o
    0x08007cb8   0x00000040   Code   RO            2    i.prvTaskExitError  port.o
    0x08007cf8   0x0000001a   Code   RO          115    i.prvTimerTask      timers.o
    0x08007d12   0x0000007e   Code   RO          346    i.prvUnlockQueue    queue.o
    0x08007d90   0x00000022   Code   RO         5836    i.pump_switch       water_pump.o
    0x08007db2   0x00000002   PAD
    0x08007db4   0x00000070   Code   RO         1181    i.pvPortMalloc      heap_1.o
    0x08007e24   0x00000020   Code   RO          516    i.pvTaskIncrementMutexHeldCount  tasks.o
    0x08007e44   0x00000028   Code   RO            3    i.pxPortInitialiseStack  port.o
    0x08007e6c   0x000001c0   Code   RO         6356    i.read_data_am2302  am2302.o
    0x0800802c   0x00000034   Code   RO         6269    i.read_flow_rate    water_flow.o
    0x08008060   0x000001ec   Code   RO         6213    i.read_garden_tank_level  garden_tasks.o
    0x0800824c   0x0000005a   Code   RO         6389    i.read_soil_moisture  soil_moisture.o
    0x080082a6   0x00000002   PAD
    0x080082a8   0x000002b4   Code   RO         6214    i.read_temp_humid   garden_tasks.o
    0x0800855c   0x000000d0   Code   RO         6081    i.set_RTC_alarm     util_func.o
    0x0800862c   0x00000038   Code   RO         6270    i.start_flow_rate   water_flow.o
    0x08008664   0x0000004c   Code   RO         6083    i.status_led_task   util_func.o
    0x080086b0   0x00000034   Code   RO         6084    i.timer_delay_uS    util_func.o
    0x080086e4   0x00000028   Code   RO         6085    i.timer_uS_start    util_func.o
    0x0800870c   0x00000010   Code   RO         6086    i.timer_uS_stop     util_func.o
    0x0800871c   0x00000028   Code   RO          300    i.uxListRemove      list.o
    0x08008744   0x0000001a   Code   RO          301    i.vListInitialise   list.o
    0x0800875e   0x00000006   Code   RO          302    i.vListInitialiseItem  list.o
    0x08008764   0x00000034   Code   RO          303    i.vListInsert       list.o
    0x08008798   0x00000018   Code   RO          304    i.vListInsertEnd    list.o
    0x080087b0   0x00000054   Code   RO            5    i.vPortEnterCritical  port.o
    0x08008804   0x0000003c   Code   RO            6    i.vPortExitCritical  port.o
    0x08008840   0x00000022   Code   RO         1182    i.vPortFree         heap_1.o
    0x08008862   0x00000002   PAD
    0x08008864   0x00000020   Code   RO            7    i.vPortSetupTimerInterrupt  port.o
    0x08008884   0x00000078   Code   RO            8    i.vPortValidateInterruptPriority  port.o
    0x080088fc   0x0000002c   Code   RO          352    i.vQueueAddToRegistry  queue.o
    0x08008928   0x00000042   Code   RO          356    i.vQueueWaitForMessageRestricted  queue.o
    0x0800896a   0x00000002   PAD
    0x0800896c   0x0000008c   Code   RO          524    i.vTaskDelay        tasks.o
    0x080089f8   0x0000000c   Code   RO          527    i.vTaskMissedYield  tasks.o
    0x08008a04   0x0000007c   Code   RO          529    i.vTaskPlaceOnEventList  tasks.o
    0x08008a80   0x00000084   Code   RO          530    i.vTaskPlaceOnEventListRestricted  tasks.o
    0x08008b04   0x000000b0   Code   RO          532    i.vTaskPriorityInherit  tasks.o
    0x08008bb4   0x00000030   Code   RO          536    i.vTaskSetTimeOutState  tasks.o
    0x08008be4   0x00000088   Code   RO          537    i.vTaskStartScheduler  tasks.o
    0x08008c6c   0x00000010   Code   RO          539    i.vTaskSuspendAll   tasks.o
    0x08008c7c   0x0000008c   Code   RO          540    i.vTaskSwitchContext  tasks.o
    0x08008d08   0x0000039c   Code   RO         6215    i.water_garden      garden_tasks.o
    0x080090a4   0x000003ec   Code   RO         6011    i.water_towers      aqua_tasks.o
    0x08009490   0x0000013c   Code   RO            9    i.xPortStartScheduler  port.o
    0x080095cc   0x00000034   Code   RO           10    i.xPortSysTickHandler  port.o
    0x08009600   0x0000004c   Code   RO          357    i.xQueueCreateMutex  queue.o
    0x0800964c   0x00000086   Code   RO          358    i.xQueueGenericCreate  queue.o
    0x080096d2   0x00000002   PAD
    0x080096d4   0x000001ac   Code   RO          359    i.xQueueGenericReceive  queue.o
    0x08009880   0x00000094   Code   RO          360    i.xQueueGenericReset  queue.o
    0x08009914   0x000001a0   Code   RO          361    i.xQueueGenericSend  queue.o
    0x08009ab4   0x000000f0   Code   RO          362    i.xQueueGenericSendFromISR  queue.o
    0x08009ba4   0x0000008c   Code   RO          541    i.xTaskCheckForTimeOut  tasks.o
    0x08009c30   0x00000176   Code   RO          542    i.xTaskGenericCreate  tasks.o
    0x08009da6   0x00000002   PAD
    0x08009da8   0x00000020   Code   RO          546    i.xTaskGetSchedulerState  tasks.o
    0x08009dc8   0x0000000c   Code   RO          547    i.xTaskGetTickCount  tasks.o
    0x08009dd4   0x0000014c   Code   RO          549    i.xTaskIncrementTick  tasks.o
    0x08009f20   0x000000c8   Code   RO          552    i.xTaskPriorityDisinherit  tasks.o
    0x08009fe8   0x00000098   Code   RO          553    i.xTaskRemoveFromEventList  tasks.o
    0x0800a080   0x00000104   Code   RO          555    i.xTaskResumeAll    tasks.o
    0x0800a184   0x00000058   Code   RO          119    i.xTimerCreateTimerTask  timers.o
    0x0800a1dc   0x0000008a   Code   RO          120    i.xTimerGenericCommand  timers.o
    0x0800a266   0x00000002   PAD
    0x0800a268   0x0000021c   Code   RO         6300    i.xbee_rx_task      xbee_test.o
    0x0800a484   0x000000c0   Code   RO         6301    i.xbee_send_timestamp  xbee_test.o
    0x0800a544   0x000000ee   Code   RO         6302    i.xbee_tx           xbee_test.o
    0x0800a632   0x00000002   PAD
    0x0800a634   0x0000004c   Code   RO         6303    i.xbee_tx_packet_create  xbee_test.o
    0x0800a680   0x00000060   Code   RO         6304    i.xbee_tx_packet_send  xbee_test.o
    0x0800a6e0   0x00000038   Code   RO         6305    i.xbee_tx_packet_update  xbee_test.o
    0x0800a718   0x00000048   Data   RO         5543    .constdata          system_stm32l4xx_1.o
    0x0800a760   0x00000014   Data   RO         5881    .constdata          main.o
    0x0800a774   0x0000000c   Data   RO         5882    .conststring        main.o
    0x0800a780   0x00000055   Data   RO         6216    .conststring        garden_tasks.o
    0x0800a7d5   0x00000003   PAD
    0x0800a7d8   0x00000020   Data   RO         6774    Region$$Table       anon$$obj.o


    Execution Region RW_IRAM1 (Base: 0x20000000, Size: 0x000087e8, Max: 0x00018000, ABSOLUTE)

    Base Addr    Size         Type   Attr      Idx    E Section Name        Object

    0x20000000   0x0000000c   Data   RW           11    .data               port.o
    0x2000000c   0x00000010   Data   RW          123    .data               timers.o
    0x2000001c   0x00000038   Data   RW          558    .data               tasks.o
    0x20000054   0x00000008   Data   RW         1186    .data               heap_1.o
    0x2000005c   0x00000004   Data   RW         5375    .data               stm32l4xx_hal.o
    0x20000060   0x00000004   Data   RW         5544    .data               system_stm32l4xx_1.o
    0x20000064   0x00000004   Data   RW         5632    .data               stm32l4xx_it.o
    0x20000068   0x00000004   Data   RW         5736    .data               stm32l4xx_hal_msp.o
    0x2000006c   0x000000a0   Data   RW         5883    .data               main.o
    0x2000010c   0x00000028   Zero   RW          122    .bss                timers.o
    0x20000134   0x00000040   Zero   RW          368    .bss                queue.o
    0x20000174   0x000000f0   Zero   RW          557    .bss                tasks.o
    0x20000264   0x00007d00   Zero   RW         1185    .bss                heap_1.o
    0x20007f64   0x0000003c   Zero   RW         5581    .bss                stm32l4xx_hal_timebase_tim.o
    0x20007fa0   0x00000432   Zero   RW         5880    .bss                main.o
    0x200083d2   0x00000002   PAD
    0x200083d4   0x00000014   Zero   RW         6357    .bss                am2302.o
    0x200083e8   0x00000400   Zero   RW         1214    STACK               startup_stm32l476xx.o


==============================================================================

Image component sizes


      Code (inc. data)   RO Data    RW Data    ZI Data      Debug   Object Name

       512          8          0          0         20       2661   am2302.o
      2308        734          0          0          0       3501   aqua_tasks.o
       122          0          0          0          0      16174   cmsis_os.o
         0          0          0          0          0       3300   croutine.o
      3276        954         85          0          0       4706   garden_tasks.o
       146         14          0          8      32000       2543   heap_1.o
       148          0          0          0          0       8962   list.o
      2706        550         32        160       1074      15108   main.o
       986         90          0         12          0      25025   port.o
      1904         18          0          0         64      14805   queue.o
        90          0          0          0          0       1241   soil_moisture.o
        36          8        392          0       1024        844   startup_stm32l476xx.o
        94         16          0          4          0       3756   stm32l4xx_hal.o
      3752         88          0          0          0      10213   stm32l4xx_hal_adc.o
       344         12          0          0          0     904003   stm32l4xx_hal_adc_ex.o
       344         22          0          0          0      31821   stm32l4xx_hal_cortex.o
        88          0          0          0          0       1139   stm32l4xx_hal_dma.o
       584         40          0          0          0       5176   stm32l4xx_hal_gpio.o
       196          4          0          0          0       2759   stm32l4xx_hal_i2c.o
       106          0          0          0          0       1199   stm32l4xx_hal_i2c_ex.o
       992        104          0          4          0       6836   stm32l4xx_hal_msp.o
       156         18          0          0          0       1430   stm32l4xx_hal_pwr_ex.o
      2800        106          0          0          0       8057   stm32l4xx_hal_rcc.o
      2156         42          0          0          0       4100   stm32l4xx_hal_rcc_ex.o
      1822         34          0          0          0      10220   stm32l4xx_hal_rtc.o
         2          0          0          0          0       1560   stm32l4xx_hal_rtc_ex.o
       532          6          0          0          0       3624   stm32l4xx_hal_spi.o
      2916        228          0          0          0      20773   stm32l4xx_hal_tim.o
       112         10          0          0          0       2730   stm32l4xx_hal_tim_ex.o
       136         18          0          0         60       1612   stm32l4xx_hal_timebase_tim.o
      2974         56          0          0          0      13619   stm32l4xx_hal_uart.o
         2          0          0          0          0       1036   stm32l4xx_hal_uart_ex.o
       472         68          0          4          0       8404   stm32l4xx_it.o
        80         12         72          4          0       1573   system_stm32l4xx_1.o
       688         86          0          0          0       1556   task_manager.o
      3020        394          0         56        240      24932   tasks.o
      1176        108          0         16         40      23023   timers.o
       164          4          0          0          0       1367   ultrasonic.o
      1570        300          0          0          0       6972   util_func.o
       108         24          0          0          0       1179   water_flow.o
        34          0          0          0          0       1054   water_pump.o
      1198        226          0          0          0       5739   xbee_test.o

    ----------------------------------------------------------------------
     40896       4402        616        268      34524    1210332   Object Totals
         0          0         32          0          0          0   (incl. Generated)
        44          0          3          0          2          0   (incl. Padding)

    ----------------------------------------------------------------------

      Code (inc. data)   RO Data    RW Data    ZI Data      Debug   Library Member Name

         0          0          0          0          0          0   entry.o
         0          0          0          0          0          0   entry10a.o
         0          0          0          0          0          0   entry11a.o
         8          4          0          0          0          0   entry2.o
         4          0          0          0          0          0   entry5.o
         0          0          0          0          0          0   entry7b.o
         0          0          0          0          0          0   entry8b.o
         8          4          0          0          0          0   entry9a.o
        30          0          0          0          0          0   handlers.o
        36          8          0          0          0         68   init.o
        30          0          0          0          0         68   llshl.o
        32          0          0          0          0         68   llushr.o
        36          0          0          0          0         68   memcpya.o
        36          0          0          0          0        108   memseta.o
      1160         54          0          0          0        352   printf8.o
       104          0          0          0          0         92   uldiv.o

    ----------------------------------------------------------------------
      1488         70          0          0          0        824   Library Totals
         4          0          0          0          0          0   (incl. Padding)

    ----------------------------------------------------------------------

      Code (inc. data)   RO Data    RW Data    ZI Data      Debug   Library Name

      1484         70          0          0          0        824   mc_w.l

    ----------------------------------------------------------------------
      1488         70          0          0          0        824   Library Totals

    ----------------------------------------------------------------------

==============================================================================


      Code (inc. data)   RO Data    RW Data    ZI Data      Debug   

     42384       4472        616        268      34524    1186996   Grand Totals
     42384       4472        616        268      34524    1186996   ELF Image Totals
     42384       4472        616        268          0          0   ROM Totals

==============================================================================

    Total RO  Size (Code + RO Data)                43000 (  41.99kB)
    Total RW  Size (RW Data + ZI Data)             34792 (  33.98kB)
    Total ROM Size (Code + RO Data + RW Data)      43268 (  42.25kB)

==============================================================================

