Component: ARM Compiler 5.06 (build 20) Tool: armlink [4d35a3]

==============================================================================

Section Cross References

    port.o(.emb_text) refers to tasks.o(i.vTaskSwitchContext) for vTaskSwitchContext
    port.o(.emb_text) refers to tasks.o(.data) for pxCurrentTCB
    port.o(i.prvTaskExitError) refers to port.o(.data) for .data
    port.o(i.pxPortInitialiseStack) refers to port.o(i.prvTaskExitError) for prvTaskExitError
    port.o(i.vPortEndScheduler) refers to port.o(.data) for .data
    port.o(i.vPortEnterCritical) refers to port.o(.data) for .data
    port.o(i.vPortExitCritical) refers to port.o(.data) for .data
    port.o(i.vPortSetupTimerInterrupt) refers to system_stm32l4xx_1.o(.data) for SystemCoreClock
    port.o(i.vPortValidateInterruptPriority) refers to port.o(.emb_text) for vPortGetIPSR
    port.o(i.vPortValidateInterruptPriority) refers to port.o(.data) for .data
    port.o(i.xPortStartScheduler) refers to port.o(i.vPortSetupTimerInterrupt) for vPortSetupTimerInterrupt
    port.o(i.xPortStartScheduler) refers to port.o(.emb_text) for __asm___6_port_c_39a90d8d__prvEnableVFP
    port.o(i.xPortStartScheduler) refers to port.o(.data) for .data
    port.o(i.xPortSysTickHandler) refers to tasks.o(i.xTaskIncrementTick) for xTaskIncrementTick
    timers.o(i.prvCheckForValidListAndQueue) refers to port.o(i.vPortEnterCritical) for vPortEnterCritical
    timers.o(i.prvCheckForValidListAndQueue) refers to list.o(i.vListInitialise) for vListInitialise
    timers.o(i.prvCheckForValidListAndQueue) refers to queue.o(i.xQueueGenericCreate) for xQueueGenericCreate
    timers.o(i.prvCheckForValidListAndQueue) refers to queue.o(i.vQueueAddToRegistry) for vQueueAddToRegistry
    timers.o(i.prvCheckForValidListAndQueue) refers to port.o(i.vPortExitCritical) for vPortExitCritical
    timers.o(i.prvCheckForValidListAndQueue) refers to timers.o(.data) for .data
    timers.o(i.prvCheckForValidListAndQueue) refers to timers.o(.bss) for .bss
    timers.o(i.prvInsertTimerInActiveList) refers to list.o(i.vListInsert) for vListInsert
    timers.o(i.prvInsertTimerInActiveList) refers to timers.o(.data) for .data
    timers.o(i.prvProcessReceivedCommands) refers to list.o(i.uxListRemove) for uxListRemove
    timers.o(i.prvProcessReceivedCommands) refers to timers.o(i.prvSampleTimeNow) for prvSampleTimeNow
    timers.o(i.prvProcessReceivedCommands) refers to timers.o(i.prvInsertTimerInActiveList) for prvInsertTimerInActiveList
    timers.o(i.prvProcessReceivedCommands) refers to timers.o(i.xTimerGenericCommand) for xTimerGenericCommand
    timers.o(i.prvProcessReceivedCommands) refers to heap_4.o(i.vPortFree) for vPortFree
    timers.o(i.prvProcessReceivedCommands) refers to queue.o(i.xQueueGenericReceive) for xQueueGenericReceive
    timers.o(i.prvProcessReceivedCommands) refers to timers.o(.data) for .data
    timers.o(i.prvProcessTimerOrBlockTask) refers to tasks.o(i.vTaskSuspendAll) for vTaskSuspendAll
    timers.o(i.prvProcessTimerOrBlockTask) refers to timers.o(i.prvSampleTimeNow) for prvSampleTimeNow
    timers.o(i.prvProcessTimerOrBlockTask) refers to tasks.o(i.xTaskResumeAll) for xTaskResumeAll
    timers.o(i.prvProcessTimerOrBlockTask) refers to queue.o(i.vQueueWaitForMessageRestricted) for vQueueWaitForMessageRestricted
    timers.o(i.prvProcessTimerOrBlockTask) refers to list.o(i.uxListRemove) for uxListRemove
    timers.o(i.prvProcessTimerOrBlockTask) refers to timers.o(i.prvInsertTimerInActiveList) for prvInsertTimerInActiveList
    timers.o(i.prvProcessTimerOrBlockTask) refers to timers.o(i.xTimerGenericCommand) for xTimerGenericCommand
    timers.o(i.prvProcessTimerOrBlockTask) refers to timers.o(.data) for .data
    timers.o(i.prvSampleTimeNow) refers to tasks.o(i.xTaskGetTickCount) for xTaskGetTickCount
    timers.o(i.prvSampleTimeNow) refers to timers.o(i.prvSwitchTimerLists) for prvSwitchTimerLists
    timers.o(i.prvSampleTimeNow) refers to timers.o(.data) for .data
    timers.o(i.prvSwitchTimerLists) refers to list.o(i.uxListRemove) for uxListRemove
    timers.o(i.prvSwitchTimerLists) refers to list.o(i.vListInsert) for vListInsert
    timers.o(i.prvSwitchTimerLists) refers to timers.o(i.xTimerGenericCommand) for xTimerGenericCommand
    timers.o(i.prvSwitchTimerLists) refers to timers.o(.data) for .data
    timers.o(i.prvTimerTask) refers to timers.o(i.prvProcessTimerOrBlockTask) for prvProcessTimerOrBlockTask
    timers.o(i.prvTimerTask) refers to timers.o(i.prvProcessReceivedCommands) for prvProcessReceivedCommands
    timers.o(i.prvTimerTask) refers to timers.o(.data) for .data
    timers.o(i.pvTimerGetTimerID) refers to port.o(i.vPortEnterCritical) for vPortEnterCritical
    timers.o(i.pvTimerGetTimerID) refers to port.o(i.vPortExitCritical) for vPortExitCritical
    timers.o(i.vTimerSetTimerID) refers to port.o(i.vPortEnterCritical) for vPortEnterCritical
    timers.o(i.vTimerSetTimerID) refers to port.o(i.vPortExitCritical) for vPortExitCritical
[...]
    i.TIM_OC6_SetConfig                      0x08003ec8   Section        0  stm32l4xx_hal_tim.o(i.TIM_OC6_SetConfig)
    TIM_OC6_SetConfig                        0x08003ec9   Thumb Code    88  stm32l4xx_hal_tim.o(i.TIM_OC6_SetConfig)
    i.TIM_TI1_ConfigInputStage               0x08003f38   Section        0  stm32l4xx_hal_tim.o(i.TIM_TI1_ConfigInputStage)
    TIM_TI1_ConfigInputStage                 0x08003f39   Thumb Code    34  stm32l4xx_hal_tim.o(i.TIM_TI1_ConfigInputStage)
    i.TIM_TI2_ConfigInputStage               0x08003f5a   Section        0  stm32l4xx_hal_tim.o(i.TIM_TI2_ConfigInputStage)
    TIM_TI2_ConfigInputStage                 0x08003f5b   Thumb Code    36  stm32l4xx_hal_tim.o(i.TIM_TI2_ConfigInputStage)
    i.UART5_IRQHandler                       0x08003f80   Section        0  stm32l4xx_it.o(i.UART5_IRQHandler)
    i.UART_AdvFeatureConfig                  0x08003ffc   Section        0  stm32l4xx_hal_uart.o(i.UART_AdvFeatureConfig)
    i.UART_CheckIdleState                    0x080040c4   Section        0  stm32l4xx_hal_uart.o(i.UART_CheckIdleState)
    i.UART_DMAAbortOnError                   0x08004120   Section        0  stm32l4xx_hal_uart.o(i.UART_DMAAbortOnError)
    UART_DMAAbortOnError                     0x08004121   Thumb Code    20  stm32l4xx_hal_uart.o(i.UART_DMAAbortOnError)
    i.UART_EndRxTransfer                     0x08004134   Section        0  stm32l4xx_hal_uart.o(i.UART_EndRxTransfer)
    UART_EndRxTransfer                       0x08004135   Thumb Code    28  stm32l4xx_hal_uart.o(i.UART_EndRxTransfer)
    i.UART_Receive_IT                        0x08004150   Section        0  stm32l4xx_hal_uart.o(i.UART_Receive_IT)
    UART_Receive_IT                          0x08004151   Thumb Code   118  stm32l4xx_hal_uart.o(i.UART_Receive_IT)
    i.UART_SetConfig                         0x080041c8   Section        0  stm32l4xx_hal_uart.o(i.UART_SetConfig)
    i.UART_WaitOnFlagUntilTimeout            0x08004460   Section        0  stm32l4xx_hal_uart.o(i.UART_WaitOnFlagUntilTimeout)
    i.USART2_IRQHandler                      0x080044c4   Section        0  stm32l4xx_it.o(i.USART2_IRQHandler)
    i.__0printf$1                            0x08004528   Section        0  printf1.o(i.__0printf$1)
    i.__scatterload_copy                     0x08004548   Section       14  handlers.o(i.__scatterload_copy)
    i.__scatterload_null                     0x08004556   Section        2  handlers.o(i.__scatterload_null)
    i.__scatterload_zeroinit                 0x08004558   Section       14  handlers.o(i.__scatterload_zeroinit)
    i._printf_core                           0x08004568   Section        0  printf1.o(i._printf_core)
    _printf_core                             0x08004569   Thumb Code   336  printf1.o(i._printf_core)
    i.check_flow_meters                      0x080046c4   Section        0  garden_tasks.o(i.check_flow_meters)
    i.correct_rtc_values                     0x0800482c   Section        0  util_func.o(i.correct_rtc_values)
    i.debug_parse_data_rx                    0x080048f4   Section        0  util_func.o(i.debug_parse_data_rx)
    i.fputc                                  0x08004af4   Section        0  main.o(i.fputc)
    i.get_soil_moisture                      0x08004b18   Section        0  garden_tasks.o(i.get_soil_moisture)
    i.initialize_system                      0x08004c2c   Section        0  task_manager.o(i.initialize_system)
    i.main                                   0x08004c48   Section        0  main.o(i.main)
    i.makeFreeRtosPriority                   0x08004f2c   Section        0  cmsis_os.o(i.makeFreeRtosPriority)
    makeFreeRtosPriority                     0x08004f2d   Thumb Code    12  cmsis_os.o(i.makeFreeRtosPriority)
    i.manage_garden                          0x08004f38   Section        0  task_manager.o(i.manage_garden)
    i.measure_distance                       0x08005018   Section        0  ultrasonic.o(i.measure_distance)
    i.osDelay                                0x08005084   Section        0  cmsis_os.o(i.osDelay)
    i.osKernelStart                          0x08005092   Section        0  cmsis_os.o(i.osKernelStart)
    i.osSystickHandler                       0x0800509c   Section        0  cmsis_os.o(i.osSystickHandler)
    i.osThreadCreate                         0x080050b0   Section        0  cmsis_os.o(i.osThreadCreate)
    i.print_timestamp                        0x080050e8   Section        0  util_func.o(i.print_timestamp)
    i.prvAddCurrentTaskToDelayedList         0x08005180   Section        0  tasks.o(i.prvAddCurrentTaskToDelayedList)
    prvAddCurrentTaskToDelayedList           0x08005181   Thumb Code    48  tasks.o(i.prvAddCurrentTaskToDelayedList)
    i.prvCheckForValidListAndQueue           0x080051b4   Section        0  timers.o(i.prvCheckForValidListAndQueue)
    prvCheckForValidListAndQueue             0x080051b5   Thumb Code    78  timers.o(i.prvCheckForValidListAndQueue)
    i.prvCheckTasksWaitingTermination        0x08005214   Section        0  tasks.o(i.prvCheckTasksWaitingTermination)
    prvCheckTasksWaitingTermination          0x08005215   Thumb Code    76  tasks.o(i.prvCheckTasksWaitingTermination)
    i.prvCopyDataFromQueue                   0x08005268   Section        0  queue.o(i.prvCopyDataFromQueue)
    prvCopyDataFromQueue                     0x08005269   Thumb Code    38  queue.o(i.prvCopyDataFromQueue)
    i.prvCopyDataToQueue                     0x0800528e   Section        0  queue.o(i.prvCopyDataToQueue)
    prvCopyDataToQueue                       0x0800528f   Thumb Code   110  queue.o(i.prvCopyDataToQueue)
    i.prvHeapInit                            0x080052fc   Section        0  heap_4.o(i.prvHeapInit)
    prvHeapInit                              0x080052fd   Thumb Code    66  heap_4.o(i.prvHeapInit)
    i.prvIdleTask                            0x08005348   Section        0  tasks.o(i.prvIdleTask)
    prvIdleTask                              0x08005349   Thumb Code    30  tasks.o(i.prvIdleTask)
    i.prvInsertBlockIntoFreeList             0x08005370   Section        0  heap_4.o(i.prvInsertBlockIntoFreeList)
    prvInsertBlockIntoFreeList               0x08005371   Thumb Code    72  heap_4.o(i.prvInsertBlockIntoFreeList)
    i.prvInsertTimerInActiveList             0x080053bc   Section        0  timers.o(i.prvInsertTimerInActiveList)
    prvInsertTimerInActiveList               0x080053bd   Thumb Code    52  timers.o(i.prvInsertTimerInActiveList)
    i.prvProcessReceivedCommands             0x080053f4   Section        0  timers.o(i.prvProcessReceivedCommands)
    prvProcessReceivedCommands               0x080053f5   Thumb Code   182  timers.o(i.prvProcessReceivedCommands)
    i.prvProcessTimerOrBlockTask             0x080054b0   Section        0  timers.o(i.prvProcessTimerOrBlockTask)
    prvProcessTimerOrBlockTask               0x080054b1   Thumb Code   174  timers.o(i.prvProcessTimerOrBlockTask)
    i.prvResetNextTaskUnblockTime            0x08005568   Section        0  tasks.o(i.prvResetNextTaskUnblockTime)
    prvResetNextTaskUnblockTime              0x08005569   Thumb Code    26  tasks.o(i.prvResetNextTaskUnblockTime)
    i.prvSampleTimeNow                       0x08005588   Section        0  timers.o(i.prvSampleTimeNow)
    prvSampleTimeNow                         0x08005589   Thumb Code    36  timers.o(i.prvSampleTimeNow)
    i.prvSwitchTimerLists                    0x080055b0   Section        0  timers.o(i.prvSwitchTimerLists)
    prvSwitchTimerLists                      0x080055b1   Thumb Code   102  timers.o(i.prvSwitchTimerLists)
    i.prvTaskExitError                       0x0800561c   Section        0  port.o(i.prvTaskExitError)
    prvTaskExitError                         0x0800561d   Thumb Code    36  port.o(i.prvTaskExitError)
    i.prvTimerTask                           0x08005644   Section        0  timers.o(i.prvTimerTask)
    prvTimerTask                             0x08005645   Thumb Code    32  timers.o(i.prvTimerTask)
    i.prvUnlockQueue                         0x08005668   Section        0  queue.o(i.prvUnlockQueue)
    prvUnlockQueue                           0x08005669   Thumb Code   100  queue.o(i.prvUnlockQueue)
    i.pump_switch                            0x080056cc   Section        0  water_pump.o(i.pump_switch)
    i.pvPortMalloc                           0x080056d4   Section        0  heap_4.o(i.pvPortMalloc)
    i.pvTaskIncrementMutexHeldCount          0x080057ac   Section        0  tasks.o(i.pvTaskIncrementMutexHeldCount)
    i.pxPortInitialiseStack                  0x080057c4   Section        0  port.o(i.pxPortInitialiseStack)
    i.read_data_am2302                       0x080057ec   Section        0  am2302.o(i.read_data_am2302)
    i.read_flow_rate                         0x08005990   Section        0  water_flow.o(i.read_flow_rate)
    i.read_garden_tank_level                 0x080059b8   Section        0  garden_tasks.o(i.read_garden_tank_level)
    i.read_soil_moisture                     0x08005a48   Section        0  soil_moisture.o(i.read_soil_moisture)
    i.read_temp_humid                        0x08005aa4   Section        0  garden_tasks.o(i.read_temp_humid)
    i.set_RTC_alarm                          0x08005ba4   Section        0  util_func.o(i.set_RTC_alarm)
    i.start_flow_rate                        0x08005c74   Section        0  water_flow.o(i.start_flow_rate)
    i.timer_delay_uS                         0x08005ca0   Section        0  am2302.o(i.timer_delay_uS)
    i.timer_uS_start                         0x08005ccc   Section        0  am2302.o(i.timer_uS_start)
    i.timer_uS_stop                          0x08005cf0   Section        0  am2302.o(i.timer_uS_stop)
    i.uxListRemove                           0x08005cfc   Section        0  list.o(i.uxListRemove)
    i.vListInitialise                        0x08005d20   Section        0  list.o(i.vListInitialise)
    i.vListInitialiseItem                    0x08005d36   Section        0  list.o(i.vListInitialiseItem)
    i.vListInsert                            0x08005d3c   Section        0  list.o(i.vListInsert)
    i.vListInsertEnd                         0x08005d6c   Section        0  list.o(i.vListInsertEnd)
    i.vPortEnterCritical                     0x08005d84   Section        0  port.o(i.vPortEnterCritical)
    i.vPortExitCritical                      0x08005dc4   Section        0  port.o(i.vPortExitCritical)
    i.vPortFree                              0x08005dec   Section        0  heap_4.o(i.vPortFree)
    i.vPortSetupTimerInterrupt               0x08005e48   Section        0  port.o(i.vPortSetupTimerInterrupt)
    i.vPortValidateInterruptPriority         0x08005e68   Section        0  port.o(i.vPortValidateInterruptPriority)
    i.vQueueAddToRegistry                    0x08005ebc   Section        0  queue.o(i.vQueueAddToRegistry)
    i.vQueueWaitForMessageRestricted         0x08005ee4   Section        0  queue.o(i.vQueueWaitForMessageRestricted)
    i.vTaskDelay                             0x08005f20   Section        0  tasks.o(i.vTaskDelay)
    i.vTaskMissedYield                       0x08005f88   Section        0  tasks.o(i.vTaskMissedYield)
    i.vTaskPlaceOnEventList                  0x08005f94   Section        0  tasks.o(i.vTaskPlaceOnEventList)
    i.vTaskPlaceOnEventListRestricted        0x08005ff8   Section        0  tasks.o(i.vTaskPlaceOnEventListRestricted)
    i.vTaskPriorityInherit                   0x0800605c   Section        0  tasks.o(i.vTaskPriorityInherit)
    i.vTaskSetTimeOutState                   0x080060e0   Section        0  tasks.o(i.vTaskSetTimeOutState)
    i.vTaskStartScheduler                    0x08006104   Section        0  tasks.o(i.vTaskStartScheduler)
    i.vTaskSuspendAll                        0x08006174   Section        0  tasks.o(i.vTaskSuspendAll)
    i.vTaskSwitchContext                     0x08006184   Section        0  tasks.o(i.vTaskSwitchContext)
    i.water_garden                           0x080061e0   Section        0  garden_tasks.o(i.water_garden)
    i.xPortStartScheduler                    0x08006380   Section        0  port.o(i.xPortStartScheduler)
    i.xPortSysTickHandler                    0x08006460   Section        0  port.o(i.xPortSysTickHandler)
    i.xQueueCreateMutex                      0x0800648c   Section        0  queue.o(i.xQueueCreateMutex)
    i.xQueueGenericCreate                    0x080064d6   Section        0  queue.o(i.xQueueGenericCreate)
    i.xQueueGenericReceive                   0x0800653c   Section        0  queue.o(i.xQueueGenericReceive)
    i.xQueueGenericReset                     0x080066a8   Section        0  queue.o(i.xQueueGenericReset)
    i.xQueueGenericSend                      0x0800672c   Section        0  queue.o(i.xQueueGenericSend)
    i.xQueueGenericSendFromISR               0x0800688c   Section        0  queue.o(i.xQueueGenericSendFromISR)
    i.xTaskCheckForTimeOut                   0x08006944   Section        0  tasks.o(i.xTaskCheckForTimeOut)
    i.xTaskGenericCreate                     0x080069b0   Section        0  tasks.o(i.xTaskGenericCreate)
    i.xTaskGetSchedulerState                 0x08006b74   Section        0  tasks.o(i.xTaskGetSchedulerState)
    i.xTaskGetTickCount                      0x08006b90   Section        0  tasks.o(i.xTaskGetTickCount)
    i.xTaskIncrementTick                     0x08006b9c   Section        0  tasks.o(i.xTaskIncrementTick)
    i.xTaskPriorityDisinherit                0x08006c68   Section        0  tasks.o(i.xTaskPriorityDisinherit)
    i.xTaskRemoveFromEventList               0x08006d00   Section        0  tasks.o(i.xTaskRemoveFromEventList)
    i.xTaskResumeAll                         0x08006d74   Section        0  tasks.o(i.xTaskResumeAll)
    i.xTimerCreateTimerTask                  0x08006e38   Section        0  timers.o(i.xTimerCreateTimerTask)
    i.xTimerGenericCommand                   0x08006e84   Section        0  timers.o(i.xTimerGenericCommand)
    .constdata                               0x08006ee4   Section       64  system_stm32l4xx_1.o(.constdata)
    .constdata                               0x08006f24   Section        8  system_stm32l4xx_1.o(.constdata)
    .constdata                               0x08006f2c   Section       20  main.o(.constdata)
    .conststring                             0x08006f40   Section       12  main.o(.conststring)
    .conststring                             0x08006f4c   Section       69  garden_tasks.o(.conststring)
    .data                                    0x20000000   Section       12  port.o(.data)
    ucMaxSysCallPriority                     0x20000000   Data           1  port.o(.data)
    uxCriticalNesting                        0x20000004   Data           4  port.o(.data)
    ulMaxPRIGROUPValue                       0x20000008   Data           4  port.o(.data)
    .data                                    0x2000000c   Section       16  timers.o(.data)
    xTimerQueue                              0x2000000c   Data           4  timers.o(.data)
    xLastTime                                0x20000010   Data           4  timers.o(.data)
    pxCurrentTimerList                       0x20000014   Data           4  timers.o(.data)
    pxOverflowTimerList                      0x20000018   Data           4  timers.o(.data)
    .data                                    0x2000001c   Section       56  tasks.o(.data)
    uxTasksDeleted                           0x20000020   Data           4  tasks.o(.data)
    uxCurrentNumberOfTasks                   0x20000024   Data           4  tasks.o(.data)
    xTickCount                               0x20000028   Data           4  tasks.o(.data)
    uxTopReadyPriority                       0x2000002c   Data           4  tasks.o(.data)
    xSchedulerRunning                        0x20000030   Data           4  tasks.o(.data)
    uxPendedTicks                            0x20000034   Data           4  tasks.o(.data)
    xYieldPending                            0x20000038   Data           4  tasks.o(.data)
    xNumOfOverflows                          0x2000003c   Data           4  tasks.o(.data)
    uxTaskNumber                             0x20000040   Data           4  tasks.o(.data)
    xNextTaskUnblockTime                     0x20000044   Data           4  tasks.o(.data)
    uxSchedulerSuspended                     0x20000048   Data           4  tasks.o(.data)
    pxDelayedTaskList                        0x2000004c   Data           4  tasks.o(.data)
    pxOverflowDelayedTaskList                0x20000050   Data           4  tasks.o(.data)
    .data                                    0x20000054   Section       24  heap_4.o(.data)
    pxEnd                                    0x20000054   Data           4  heap_4.o(.data)
    xFreeBytesRemaining                      0x20000058   Data           4  heap_4.o(.data)
    xMinimumEverFreeBytesRemaining           0x2000005c   Data           4  heap_4.o(.data)
    xBlockAllocatedBit                       0x20000060   Data           4  heap_4.o(.data)
    xStart                                   0x20000064   Data           8  heap_4.o(.data)
    .data                                    0x2000006c   Section        4  stm32l4xx_hal.o(.data)
    .data                                    0x20000070   Section        4  system_stm32l4xx_1.o(.data)
    .data                                    0x20000074   Section        4  stm32l4xx_it.o(.data)
    .data                                    0x20000078   Section        4  stm32l4xx_hal_msp.o(.data)
    HAL_RCC_ADC_CLK_ENABLED                  0x20000078   Data           4  stm32l4xx_hal_msp.o(.data)
    .data                                    0x2000007c   Section       76  main.o(.data)
    .data                                    0x200000c8   Section        4  main.o(.data)
    .data                                    0x200000cc   Section        4  main.o(.data)
    .data                                    0x200000d0   Section        4  main.o(.data)
    .data                                    0x200000d4   Section        4  main.o(.data)
    .bss                                     0x200000d8   Section       40  timers.o(.bss)
    xActiveTimerList1                        0x200000d8   Data          20  timers.o(.bss)
    xActiveTimerList2                        0x200000ec   Data          20  timers.o(.bss)
    .bss                                     0x20000100   Section       64  queue.o(.bss)
    .bss                                     0x20000140   Section      240  tasks.o(.bss)
    pxReadyTasksLists                        0x20000140   Data         140  tasks.o(.bss)
    xDelayedTaskList1                        0x200001cc   Data          20  tasks.o(.bss)
    xDelayedTaskList2                        0x200001e0   Data          20  tasks.o(.bss)
    xPendingReadyList                        0x200001f4   Data          20  tasks.o(.bss)
    xTasksWaitingTermination                 0x20000208   Data          20  tasks.o(.bss)
    xSuspendedTaskList                       0x2000021c   Data          20  tasks.o(.bss)
    .bss                                     0x20000230   Section     8000  heap_4.o(.bss)
    ucHeap                                   0x20000230   Data        8000  heap_4.o(.bss)
    .bss                                     0x20002170   Section       60  stm32l4xx_hal_timebase_tim.o(.bss)
    .bss                                     0x200021ac   Section       50  main.o(.bss)
    .bss                                     0x200021de   Section      100  main.o(.bss)
    .bss                                     0x20002244   Section      660  main.o(.bss)
    .bss                                     0x200024d8   Section       20  am2302.o(.bss)
    STACK                                    0x200024f0   Section     1024  startup_stm32l476xx.o(STACK)

    Global Symbols

    Symbol Name                              Value     Ov Type        Size  Object(Section)

    BuildAttributes$$THM_ISAv4$E$P$D$K$B$S$7EM$VFPi3$EXTD16$VFPS$VFMA$PE$A:L22UL41UL21$X:L11$S22US41US21$IEEE1$IW$USESV6$~STKCKD$USESV7$~SHL$OSPACE$ROPI$EBA8$MICROLIB$REQ8$PRES8$EABIv2 0x00000000   Number         0  anon$$obj.o ABSOLUTE
    __ARM_use_no_argv                        0x00000000   Number         0  main.o ABSOLUTE
    _printf_a                                0x00000000   Number         0  stubs.o ABSOLUTE
    _printf_c                                0x00000000   Number         0  stubs.o ABSOLUTE
    _printf_charcount                        0x00000000   Number         0  stubs.o ABSOLUTE
    _printf_d                                0x00000000   Number         0  stubs.o ABSOLUTE
    _printf_e                                0x00000000   Number         0  stubs.o ABSOLUTE
    _printf_f                                0x00000000   Number         0  stubs.o ABSOLUTE
    _printf_flags                            0x00000000   Number         0  stubs.o ABSOLUTE
    _printf_fp_dec                           0x00000000   Number         0  stubs.o ABSOLUTE
    _printf_fp_hex                           0x00000000   Number         0  stubs.o ABSOLUTE
    _printf_g                                0x00000000   Number         0  stubs.o ABSOLUTE
    _printf_i                                0x00000000   Number         0  stubs.o ABSOLUTE
    _printf_int_dec                          0x00000000   Number         0  stubs.o ABSOLUTE
    _printf_l                                0x00000000   Number         0  stubs.o ABSOLUTE
    _printf_lc                               0x00000000   Number         0  stubs.o ABSOLUTE
    _printf_ll                               0x00000000   Number         0  stubs.o ABSOLUTE
    _printf_lld                              0x00000000   Number         0  stubs.o ABSOLUTE
    _printf_lli                              0x00000000   Number         0  stubs.o ABSOLUTE
    _printf_llo                              0x00000000   Number         0  stubs.o ABSOLUTE
    _printf_llu                              0x00000000   Number         0  stubs.o ABSOLUTE
    _printf_llx                              0x00000000   Number         0  stubs.o ABSOLUTE
    _printf_longlong_dec                     0x00000000   Number         0  stubs.o ABSOLUTE
    _printf_longlong_hex                     0x00000000   Number         0  stubs.o ABSOLUTE
    _printf_longlong_oct                     0x00000000   Number         0  stubs.o ABSOLUTE
    _printf_ls                               0x00000000   Number         0  stubs.o ABSOLUTE
    _printf_mbtowc                           0x00000000   Number         0  stubs.o ABSOLUTE
    _printf_n                                0x00000000   Number         0  stubs.o ABSOLUTE
    _printf_o                                0x00000000   Number         0  stubs.o ABSOLUTE
    _printf_p                                0x00000000   Number         0  stubs.o ABSOLUTE
    _printf_percent                          0x00000000   Number         0  stubs.o ABSOLUTE
    _printf_pre_padding                      0x00000000   Number         0  stubs.o ABSOLUTE
    _printf_return_value                     0x00000000   Number         0  stubs.o ABSOLUTE
    _printf_s                                0x00000000   Number         0  stubs.o ABSOLUTE
    _printf_sizespec                         0x00000000   Number         0  stubs.o ABSOLUTE
    _printf_str                              0x00000000   Number         0  stubs.o ABSOLUTE
    _printf_truncate_signed                  0x00000000   Number         0  stubs.o ABSOLUTE
    _printf_truncate_unsigned                0x00000000   Number         0  stubs.o ABSOLUTE
    _printf_u                                0x00000000   Number         0  stubs.o ABSOLUTE
    _printf_wc                               0x00000000   Number         0  stubs.o ABSOLUTE
    _printf_wctomb                           0x00000000   Number         0  stubs.o ABSOLUTE
    _printf_widthprec                        0x00000000   Number         0  stubs.o ABSOLUTE
    _printf_x                                0x00000000   Number         0  stubs.o ABSOLUTE
    __cpp_initialize__aeabi_                  - Undefined Weak Reference
    __cxa_finalize                            - Undefined Weak Reference
    __decompress                              - Undefined Weak Reference
    _clock_init                               - Undefined Weak Reference
    _microlib_exit                            - Undefined Weak Reference
    __Vectors_Size                           0x00000188   Number         0  startup_stm32l476xx.o ABSOLUTE
    __Vectors                                0x08000000   Data           4  startup_stm32l476xx.o(RESET)
    __Vectors_End                            0x08000188   Data           0  startup_stm32l476xx.o(RESET)
    __main                                   0x08000189   Thumb Code     0  entry.o(.ARM.Collect$$$$00000000)
    _main_stk                                0x08000189   Thumb Code     0  entry2.o(.ARM.Collect$$$$00000001)
    _main_scatterload                        0x0800018d   Thumb Code     0  entry5.o(.ARM.Collect$$$$00000004)
    __main_after_scatterload                 0x08000191   Thumb Code     0  entry5.o(.ARM.Collect$$$$00000004)
    _main_clock                              0x08000191   Thumb Code     0  entry7b.o(.ARM.Collect$$$$00000008)
    _main_cpp_init                           0x08000191   Thumb Code     0  entry8b.o(.ARM.Collect$$$$0000000A)
    _main_init                               0x08000191   Thumb Code     0  entry9a.o(.ARM.Collect$$$$0000000B)
    __rt_final_cpp                           0x08000199   Thumb Code     0  entry10a.o(.ARM.Collect$$$$0000000D)
    __rt_final_exit                          0x08000199   Thumb Code     0  entry11a.o(.ARM.Collect$$$$0000000F)
    SVC_Handler                              0x0800019d   Thumb Code    28  port.o(.emb_text)
    __asm___6_port_c_39a90d8d__prvStartFirstTask 0x080001bd   Thumb Code    28  port.o(.emb_text)
    __asm___6_port_c_39a90d8d__prvEnableVFP  0x080001dd   Thumb Code    16  port.o(.emb_text)
    PendSV_Handler                           0x080001f1   Thumb Code    92  port.o(.emb_text)
    vPortGetIPSR                             0x08000251   Thumb Code     6  port.o(.emb_text)
    Reset_Handler                            0x08000279   Thumb Code     8  startup_stm32l476xx.o(.text)
    NMI_Handler                              0x08000281   Thumb Code     2  startup_stm32l476xx.o(.text)
    HardFault_Handler                        0x08000283   Thumb Code     2  startup_stm32l476xx.o(.text)
    MemManage_Handler                        0x08000285   Thumb Code     2  startup_stm32l476xx.o(.text)
    BusFault_Handler                         0x08000287   Thumb Code     2  startup_stm32l476xx.o(.text)
    UsageFault_Handler                       0x08000289   Thumb Code     2  startup_stm32l476xx.o(.text)
    DebugMon_Handler                         0x0800028d   Thumb Code     2  startup_stm32l476xx.o(.text)
    ADC1_2_IRQHandler                        0x08000293   Thumb Code     0  startup_stm32l476xx.o(.text)
    ADC3_IRQHandler                          0x08000293   Thumb Code     0  startup_stm32l476xx.o(.text)
    CAN1_RX0_IRQHandler                      0x08000293   Thumb Code     0  startup_stm32l476xx.o(.text)
    CAN1_RX1_IRQHandler                      0x08000293   Thumb Code     0  startup_stm32l476xx.o(.text)
    CAN1_SCE_IRQHandler                      0x08000293   Thumb Code     0  startup_stm32l476xx.o(.text)
    CAN1_TX_IRQHandler                       0x08000293   Thumb Code     0  startup_stm32l476xx.o(.text)
    COMP_IRQHandler                          0x08000293   Thumb Code     0  startup_stm32l476xx.o(.text)
    DFSDM1_FLT0_IRQHandler                   0x08000293   Thumb Code     0  startup_stm32l476xx.o(.text)
    DFSDM1_FLT1_IRQHandler                   0x08000293   Thumb Code     0  startup_stm32l476xx.o(.text)
    DFSDM1_FLT2_IRQHandler                   0x08000293   Thumb Code     0  startup_stm32l476xx.o(.text)
    DFSDM1_FLT3_IRQHandler                   0x08000293   Thumb Code     0  startup_stm32l476xx.o(.text)
    DMA1_Channel1_IRQHandler                 0x08000293   Thumb Code     0  startup_stm32l476xx.o(.text)
    DMA1_Channel2_IRQHandler                 0x08000293   Thumb Code     0  startup_stm32l476xx.o(.text)
    DMA1_Channel3_IRQHandler                 0x08000293   Thumb Code     0  startup_stm32l476xx.o(.text)
    DMA1_Channel4_IRQHandler                 0x08000293   Thumb Code     0  startup_stm32l476xx.o(.text)
    DMA1_Channel5_IRQHandler                 0x08000293   Thumb Code     0  startup_stm32l476xx.o(.text)
    DMA1_Channel6_IRQHandler                 0x08000293   Thumb Code     0  startup_stm32l476xx.o(.text)
    DMA1_Channel7_IRQHandler                 0x08000293   Thumb Code     0  startup_stm32l476xx.o(.text)
    DMA2_Channel1_IRQHandler                 0x08000293   Thumb Code     0  startup_stm32l476xx.o(.text)
    DMA2_Channel2_IRQHandler                 0x08000293   Thumb Code     0  startup_stm32l476xx.o(.text)
    DMA2_Channel3_IRQHandler                 0x08000293   Thumb Code     0  startup_stm32l476xx.o(.text)
    DMA2_Channel4_IRQHandler                 0x08000293   Thumb Code     0  startup_stm32l476xx.o(.text)
    DMA2_Channel5_IRQHandler                 0x08000293   Thumb Code     0  startup_stm32l476xx.o(.text)
    DMA2_Channel6_IRQHandler                 0x08000293   Thumb Code     0  startup_stm32l476xx.o(.text)
    DMA2_Channel7_IRQHandler                 0x08000293   Thumb Code     0  startup_stm32l476xx.o(.text)
    EXTI0_IRQHandler                         0x08000293   Thumb Code     0  startup_stm32l476xx.o(.text)
    EXTI1_IRQHandler                         0x08000293   Thumb Code     0  startup_stm32l476xx.o(.text)
    EXTI2_IRQHandler                         0x08000293   Thumb Code     0  startup_stm32l476xx.o(.text)
    EXTI3_IRQHandler                         0x08000293   Thumb Code     0  startup_stm32l476xx.o(.text)
    EXTI4_IRQHandler                         0x08000293   Thumb Code     0  startup_stm32l476xx.o(.text)
    FLASH_IRQHandler                         0x08000293   Thumb Code     0  startup_stm32l476xx.o(.text)
    FMC_IRQHandler                           0x08000293   Thumb Code     0  startup_stm32l476xx.o(.text)
    FPU_IRQHandler                           0x08000293   Thumb Code     0  startup_stm32l476xx.o(.text)
    I2C1_ER_IRQHandler                       0x08000293   Thumb Code     0  startup_stm32l476xx.o(.text)
    I2C1_EV_IRQHandler                       0x08000293   Thumb Code     0  startup_stm32l476xx.o(.text)
    I2C2_ER_IRQHandler                       0x08000293   Thumb Code     0  startup_stm32l476xx.o(.text)
    I2C2_EV_IRQHandler                       0x08000293   Thumb Code     0  startup_stm32l476xx.o(.text)
    I2C3_ER_IRQHandler                       0x08000293   Thumb Code     0  startup_stm32l476xx.o(.text)
    I2C3_EV_IRQHandler                       0x08000293   Thumb Code     0  startup_stm32l476xx.o(.text)
    LCD_IRQHandler                           0x08000293   Thumb Code     0  startup_stm32l476xx.o(.text)
    LPTIM1_IRQHandler                        0x08000293   Thumb Code     0  startup_stm32l476xx.o(.text)
    LPTIM2_IRQHandler                        0x08000293   Thumb Code     0  startup_stm32l476xx.o(.text)
    LPUART1_IRQHandler                       0x08000293   Thumb Code     0  startup_stm32l476xx.o(.text)
    OTG_FS_IRQHandler                        0x08000293   Thumb Code     0  startup_stm32l476xx.o(.text)
    PVD_PVM_IRQHandler                       0x08000293   Thumb Code     0  startup_stm32l476xx.o(.text)
    QUADSPI_IRQHandler                       0x08000293   Thumb Code     0  startup_stm32l476xx.o(.text)
    RCC_IRQHandler                           0x08000293   Thumb Code     0  startup_stm32l476xx.o(.text)
    RNG_IRQHandler                           0x08000293   Thumb Code     0  startup_stm32l476xx.o(.text)
    RTC_WKUP_IRQHandler                      0x08000293   Thumb Code     0  startup_stm32l476xx.o(.text)
    SAI1_IRQHandler                          0x08000293   Thumb Code     0  startup_stm32l476xx.o(.text)
    SAI2_IRQHandler                          0x08000293   Thumb Code     0  startup_stm32l476xx.o(.text)
    SDMMC1_IRQHandler                        0x08000293   Thumb Code     0  startup_stm32l476xx.o(.text)
    SPI2_IRQHandler                          0x08000293   Thumb Code     0  startup_stm32l476xx.o(.text)
    SPI3_IRQHandler                          0x08000293   Thumb Code     0  startup_stm32l476xx.o(.text)
    SWPMI1_IRQHandler                        0x08000293   Thumb Code     0  startup_stm32l476xx.o(.text)
    TAMP_STAMP_IRQHandler                    0x08000293   Thumb Code     0  startup_stm32l476xx.o(.text)
    TIM1_BRK_TIM15_IRQHandler                0x08000293   Thumb Code     0  startup_stm32l476xx.o(.text)
    TIM1_CC_IRQHandler                       0x08000293   Thumb Code     0  startup_stm32l476xx.o(.text)
    TIM1_TRG_COM_TIM17_IRQHandler            0x08000293   Thumb Code     0  startup_stm32l476xx.o(.text)
    TIM2_IRQHandler                          0x08000293   Thumb Code     0  startup_stm32l476xx.o(.text)
    TIM3_IRQHandler                          0x08000293   Thumb Code     0  startup_stm32l476xx.o(.text)
    TIM4_IRQHandler                          0x08000293   Thumb Code     0  startup_stm32l476xx.o(.text)
    TIM5_IRQHandler                          0x08000293   Thumb Code     0  startup_stm32l476xx.o(.text)
    TIM6_DAC_IRQHandler                      0x08000293   Thumb Code     0  startup_stm32l476xx.o(.text)
    TIM7_IRQHandler                          0x08000293   Thumb Code     0  startup_stm32l476xx.o(.text)
    TIM8_BRK_IRQHandler                      0x08000293   Thumb Code     0  startup_stm32l476xx.o(.text)
    TIM8_CC_IRQHandler                       0x08000293   Thumb Code     0  startup_stm32l476xx.o(.text)
    TIM8_TRG_COM_IRQHandler                  0x08000293   Thumb Code     0  startup_stm32l476xx.o(.text)
    TIM8_UP_IRQHandler                       0x08000293   Thumb Code     0  startup_stm32l476xx.o(.text)
    TSC_IRQHandler                           0x08000293   Thumb Code     0  startup_stm32l476xx.o(.text)
    UART4_IRQHandler                         0x08000293   Thumb Code     0  startup_stm32l476xx.o(.text)
    USART1_IRQHandler                        0x08000293   Thumb Code     0  startup_stm32l476xx.o(.text)
    USART3_IRQHandler                        0x08000293   Thumb Code     0  startup_stm32l476xx.o(.text)
    WWDG_IRQHandler                          0x08000293   Thumb Code     0  startup_stm32l476xx.o(.text)
    __aeabi_uldivmod                         0x0800029d   Thumb Code    98  uldiv.o(.text)
    __aeabi_memcpy                           0x08000305   Thumb Code    36  memcpya.o(.text)
    __aeabi_memcpy4                          0x08000305   Thumb Code     0  memcpya.o(.text)
    __aeabi_memcpy8                          0x08000305   Thumb Code     0  memcpya.o(.text)
    __aeabi_memset                           0x08000329   Thumb Code    14  memseta.o(.text)
    __aeabi_memset4                          0x08000329   Thumb Code     0  memseta.o(.text)
    __aeabi_memset8                          0x08000329   Thumb Code     0  memseta.o(.text)
    __aeabi_memclr                           0x08000337   Thumb Code     4  memseta.o(.text)
    __aeabi_memclr4                          0x08000337   Thumb Code     0  memseta.o(.text)
    __aeabi_memclr8                          0x08000337   Thumb Code     0  memseta.o(.text)
    _memset$wrapper                          0x0800033b   Thumb Code    18  memseta.o(.text)
    __aeabi_uidiv                            0x0800034d   Thumb Code     0  uidiv.o(.text)
    __aeabi_uidivmod                         0x0800034d   Thumb Code    44  uidiv.o(.text)
    __aeabi_llsl                             0x08000379   Thumb Code    30  llshl.o(.text)
    _ll_shift_l                              0x08000379   Thumb Code     0  llshl.o(.text)
    __aeabi_llsr                             0x08000397   Thumb Code    32  llushr.o(.text)
    _ll_ushift_r                             0x08000397   Thumb Code     0  llushr.o(.text)
    __scatterload                            0x080003b9   Thumb Code    28  init.o(.text)
    __scatterload_rt2                        0x080003b9   Thumb Code     0  init.o(.text)
    ADC_ConversionStop                       0x080003dd   Thumb Code   182  stm32l4xx_hal_adc.o(i.ADC_ConversionStop)
    ADC_Disable                              0x08000499   Thumb Code    98  stm32l4xx_hal_adc.o(i.ADC_Disable)
    ADC_Enable                               0x080004fd   Thumb Code    98  stm32l4xx_hal_adc.o(i.ADC_Enable)
    EXTI15_10_IRQHandler                     0x08000565   Thumb Code    30  stm32l4xx_it.o(i.EXTI15_10_IRQHandler)
    EXTI9_5_IRQHandler                       0x08000585   Thumb Code    70  stm32l4xx_it.o(i.EXTI9_5_IRQHandler)
    HAL_ADCEx_MultiModeConfigChannel         0x080005dd   Thumb Code   240  stm32l4xx_hal_adc_ex.o(i.HAL_ADCEx_MultiModeConfigChannel)
    HAL_ADC_ConfigChannel                    0x080006d9   Thumb Code  1124  stm32l4xx_hal_adc.o(i.HAL_ADC_ConfigChannel)
    HAL_ADC_GetValue                         0x08000b5f   Thumb Code     6  stm32l4xx_hal_adc.o(i.HAL_ADC_GetValue)
    HAL_ADC_Init                             0x08000b65   Thumb Code   540  stm32l4xx_hal_adc.o(i.HAL_ADC_Init)
    HAL_ADC_MspInit                          0x08000d99   Thumb Code   112  stm32l4xx_hal_msp.o(i.HAL_ADC_MspInit)
    HAL_ADC_PollForConversion                0x08000e1d   Thumb Code   298  stm32l4xx_hal_adc.o(i.HAL_ADC_PollForConversion)
    HAL_ADC_Start                            0x08000f55   Thumb Code   224  stm32l4xx_hal_adc.o(i.HAL_ADC_Start)
    HAL_ADC_Stop                             0x0800103d   Thumb Code    62  stm32l4xx_hal_adc.o(i.HAL_ADC_Stop)
    HAL_DMA_Abort_IT                         0x0800107b   Thumb Code    74  stm32l4xx_hal_dma.o(i.HAL_DMA_Abort_IT)
    HAL_GPIO_EXTI_Callback                   0x080010c5   Thumb Code     2  stm32l4xx_hal_gpio.o(i.HAL_GPIO_EXTI_Callback)
    HAL_GPIO_EXTI_IRQHandler                 0x080010c9   Thumb Code    18  stm32l4xx_hal_gpio.o(i.HAL_GPIO_EXTI_IRQHandler)
    HAL_GPIO_Init                            0x080010e1   Thumb Code   414  stm32l4xx_hal_gpio.o(i.HAL_GPIO_Init)
    HAL_GPIO_ReadPin                         0x080012ab   Thumb Code    10  stm32l4xx_hal_gpio.o(i.HAL_GPIO_ReadPin)
    HAL_GPIO_WritePin                        0x080012b5   Thumb Code    10  stm32l4xx_hal_gpio.o(i.HAL_GPIO_WritePin)
    HAL_GetTick                              0x080012c1   Thumb Code     6  stm32l4xx_hal.o(i.HAL_GetTick)
    HAL_I2CEx_ConfigAnalogFilter             0x080012cd   Thumb Code    86  stm32l4xx_hal_i2c_ex.o(i.HAL_I2CEx_ConfigAnalogFilter)
    HAL_I2C_Init                             0x08001325   Thumb Code   178  stm32l4xx_hal_i2c.o(i.HAL_I2C_Init)
    HAL_I2C_MspInit                          0x080013dd   Thumb Code    60  stm32l4xx_hal_msp.o(i.HAL_I2C_MspInit)
    HAL_IncTick                              0x08001425   Thumb Code    10  stm32l4xx_hal.o(i.HAL_IncTick)
    HAL_Init                                 0x08001435   Thumb Code    32  stm32l4xx_hal.o(i.HAL_Init)
    HAL_InitTick                             0x08001459   Thumb Code    98  stm32l4xx_hal_timebase_tim.o(i.HAL_InitTick)
    HAL_MspInit                              0x080014cd   Thumb Code   122  stm32l4xx_hal_msp.o(i.HAL_MspInit)
    HAL_NVIC_EnableIRQ                       0x0800154d   Thumb Code    22  stm32l4xx_hal_cortex.o(i.HAL_NVIC_EnableIRQ)
    HAL_NVIC_SetPriority                     0x08001565   Thumb Code    60  stm32l4xx_hal_cortex.o(i.HAL_NVIC_SetPriority)
    HAL_NVIC_SetPriorityGrouping             0x080015a5   Thumb Code    26  stm32l4xx_hal_cortex.o(i.HAL_NVIC_SetPriorityGrouping)
    HAL_PWREx_ControlVoltageScaling          0x080015c9   Thumb Code    86  stm32l4xx_hal_pwr_ex.o(i.HAL_PWREx_ControlVoltageScaling)
    HAL_PWREx_GetVoltageRange                0x0800162d   Thumb Code    10  stm32l4xx_hal_pwr_ex.o(i.HAL_PWREx_GetVoltageRange)
    HAL_RCCEx_PeriphCLKConfig                0x0800163d   Thumb Code   928  stm32l4xx_hal_rcc_ex.o(i.HAL_RCCEx_PeriphCLKConfig)
    HAL_RCC_ClockConfig                      0x080019ed   Thumb Code   368  stm32l4xx_hal_rcc.o(i.HAL_RCC_ClockConfig)
    HAL_RCC_GetClockConfig                   0x08001b6d   Thumb Code    54  stm32l4xx_hal_rcc.o(i.HAL_RCC_GetClockConfig)
    HAL_RCC_GetHCLKFreq                      0x08001bad   Thumb Code     6  stm32l4xx_hal_rcc.o(i.HAL_RCC_GetHCLKFreq)
    HAL_RCC_GetPCLK1Freq                     0x08001bb9   Thumb Code    34  stm32l4xx_hal_rcc.o(i.HAL_RCC_GetPCLK1Freq)
    HAL_RCC_GetPCLK2Freq                     0x08001be9   Thumb Code    34  stm32l4xx_hal_rcc.o(i.HAL_RCC_GetPCLK2Freq)
    HAL_RCC_GetSysClockFreq                  0x08001c19   Thumb Code   238  stm32l4xx_hal_rcc.o(i.HAL_RCC_GetSysClockFreq)
    HAL_RCC_OscConfig                        0x08001d15   Thumb Code  1152  stm32l4xx_hal_rcc.o(i.HAL_RCC_OscConfig)
    HAL_RTCEx_AlarmBEventCallback            0x08002195   Thumb Code     2  stm32l4xx_hal_rtc_ex.o(i.HAL_RTCEx_AlarmBEventCallback)
    HAL_RTC_AlarmAEventCallback              0x08002197   Thumb Code     2  stm32l4xx_hal_rtc.o(i.HAL_RTC_AlarmAEventCallback)
    HAL_RTC_AlarmIRQHandler                  0x08002199   Thumb Code    88  stm32l4xx_hal_rtc.o(i.HAL_RTC_AlarmIRQHandler)
    HAL_RTC_GetDate                          0x080021f5   Thumb Code    62  stm32l4xx_hal_rtc.o(i.HAL_RTC_GetDate)
    HAL_RTC_GetTime                          0x08002239   Thumb Code    82  stm32l4xx_hal_rtc.o(i.HAL_RTC_GetTime)
    HAL_RTC_Init                             0x08002291   Thumb Code   164  stm32l4xx_hal_rtc.o(i.HAL_RTC_Init)
    HAL_RTC_MspInit                          0x08002339   Thumb Code    44  stm32l4xx_hal_msp.o(i.HAL_RTC_MspInit)
    HAL_RTC_SetAlarm_IT                      0x0800236d   Thumb Code   410  stm32l4xx_hal_rtc.o(i.HAL_RTC_SetAlarm_IT)
    HAL_RTC_SetDate                          0x08002515   Thumb Code   212  stm32l4xx_hal_rtc.o(i.HAL_RTC_SetDate)
    HAL_RTC_SetTime                          0x080025ed   Thumb Code   224  stm32l4xx_hal_rtc.o(i.HAL_RTC_SetTime)
    HAL_RTC_WaitForSynchro                   0x080026d1   Thumb Code    54  stm32l4xx_hal_rtc.o(i.HAL_RTC_WaitForSynchro)
    HAL_SPI_ErrorCallback                    0x08002707   Thumb Code     2  stm32l4xx_hal_spi.o(i.HAL_SPI_ErrorCallback)
    HAL_SPI_IRQHandler                       0x08002709   Thumb Code   212  stm32l4xx_hal_spi.o(i.HAL_SPI_IRQHandler)
    HAL_SPI_Init                             0x080027e1   Thumb Code   172  stm32l4xx_hal_spi.o(i.HAL_SPI_Init)
    HAL_SPI_MspInit                          0x0800288d   Thumb Code    88  stm32l4xx_hal_msp.o(i.HAL_SPI_MspInit)
    HAL_SYSTICK_CLKSourceConfig              0x080028f1   Thumb Code    24  stm32l4xx_hal_cortex.o(i.HAL_SYSTICK_CLKSourceConfig)
    HAL_SYSTICK_Config                       0x08002909   Thumb Code    40  stm32l4xx_hal_cortex.o(i.HAL_SYSTICK_Config)
    HAL_TIMEx_BreakCallback                  0x08002931   Thumb Code     2  stm32l4xx_hal_tim_ex.o(i.HAL_TIMEx_BreakCallback)
    HAL_TIMEx_CommutationCallback            0x08002933   Thumb Code     2  stm32l4xx_hal_tim_ex.o(i.HAL_TIMEx_CommutationCallback)
    HAL_TIMEx_MasterConfigSynchronization    0x08002935   Thumb Code    78  stm32l4xx_hal_tim_ex.o(i.HAL_TIMEx_MasterConfigSynchronization)
    HAL_TIM_Base_Init                        0x0800298d   Thumb Code    54  stm32l4xx_hal_tim.o(i.HAL_TIM_Base_Init)
    HAL_TIM_Base_MspInit                     0x080029c5   Thumb Code    30  stm32l4xx_hal_msp.o(i.HAL_TIM_Base_MspInit)
    HAL_TIM_Base_Start                       0x080029e9   Thumb Code    26  stm32l4xx_hal_tim.o(i.HAL_TIM_Base_Start)
    HAL_TIM_Base_Start_IT                    0x08002a03   Thumb Code    24  stm32l4xx_hal_tim.o(i.HAL_TIM_Base_Start_IT)
    HAL_TIM_Base_Stop                        0x08002a1b   Thumb Code    44  stm32l4xx_hal_tim.o(i.HAL_TIM_Base_Stop)
    HAL_TIM_ConfigClockSource                0x08002a49   Thumb Code   246  stm32l4xx_hal_tim.o(i.HAL_TIM_ConfigClockSource)
    HAL_TIM_IC_CaptureCallback               0x08002b45   Thumb Code     2  stm32l4xx_hal_tim.o(i.HAL_TIM_IC_CaptureCallback)
    HAL_TIM_IRQHandler                       0x08002b47   Thumb Code   358  stm32l4xx_hal_tim.o(i.HAL_TIM_IRQHandler)
    HAL_TIM_MspPostInit                      0x08002cad   Thumb Code    40  stm32l4xx_hal_msp.o(i.HAL_TIM_MspPostInit)
    HAL_TIM_OC_DelayElapsedCallback          0x08002cdd   Thumb Code     2  stm32l4xx_hal_tim.o(i.HAL_TIM_OC_DelayElapsedCallback)
    HAL_TIM_PWM_ConfigChannel                0x08002cdf   Thumb Code   296  stm32l4xx_hal_tim.o(i.HAL_TIM_PWM_ConfigChannel)
    HAL_TIM_PWM_Init                         0x08002e07   Thumb Code    54  stm32l4xx_hal_tim.o(i.HAL_TIM_PWM_Init)
    HAL_TIM_PWM_MspInit                      0x08002e3d   Thumb Code    30  stm32l4xx_hal_msp.o(i.HAL_TIM_PWM_MspInit)
    HAL_TIM_PWM_PulseFinishedCallback        0x08002e65   Thumb Code     2  stm32l4xx_hal_tim.o(i.HAL_TIM_PWM_PulseFinishedCallback)
    HAL_TIM_PeriodElapsedCallback            0x08002e69   Thumb Code    14  main.o(i.HAL_TIM_PeriodElapsedCallback)
    HAL_TIM_TriggerCallback                  0x08002e7d   Thumb Code     2  stm32l4xx_hal_tim.o(i.HAL_TIM_TriggerCallback)
    HAL_UARTEx_WakeupCallback                0x08002e7f   Thumb Code     2  stm32l4xx_hal_uart_ex.o(i.HAL_UARTEx_WakeupCallback)
    HAL_UART_ErrorCallback                   0x08002e81   Thumb Code     2  stm32l4xx_hal_uart.o(i.HAL_UART_ErrorCallback)
    HAL_UART_IRQHandler                      0x08002e85   Thumb Code   408  stm32l4xx_hal_uart.o(i.HAL_UART_IRQHandler)
    HAL_UART_Init                            0x08003021   Thumb Code   106  stm32l4xx_hal_uart.o(i.HAL_UART_Init)
    HAL_UART_MspInit                         0x0800308d   Thumb Code   156  stm32l4xx_hal_msp.o(i.HAL_UART_MspInit)
    HAL_UART_Receive                         0x0800313d   Thumb Code   230  stm32l4xx_hal_uart.o(i.HAL_UART_Receive)
    HAL_UART_RxCpltCallback                  0x08003229   Thumb Code     2  stm32l4xx_hal_uart.o(i.HAL_UART_RxCpltCallback)
    HAL_UART_Transmit                        0x0800322b   Thumb Code   180  stm32l4xx_hal_uart.o(i.HAL_UART_Transmit)
    HAL_UART_TxCpltCallback                  0x080032df   Thumb Code     2  stm32l4xx_hal_uart.o(i.HAL_UART_TxCpltCallback)
    MX_RTC_Init                              0x080034e1   Thumb Code    40  main.o(i.MX_RTC_Init)
    RTC_Alarm_IRQHandler                     0x08003961   Thumb Code    28  stm32l4xx_it.o(i.RTC_Alarm_IRQHandler)
    RTC_Bcd2ToByte                           0x08003985   Thumb Code    18  stm32l4xx_hal_rtc.o(i.RTC_Bcd2ToByte)
    RTC_ByteToBcd2                           0x08003997   Thumb Code    22  stm32l4xx_hal_rtc.o(i.RTC_ByteToBcd2)
    RTC_EnterInitMode                        0x080039ad   Thumb Code    58  stm32l4xx_hal_rtc.o(i.RTC_EnterInitMode)
    Reinit_SW_Pin                            0x080039e9   Thumb Code    42  am2302.o(i.Reinit_SW_Pin)
    SPI1_IRQHandler                          0x08003a19   Thumb Code     6  stm32l4xx_it.o(i.SPI1_IRQHandler)
    StartDefaultTask                         0x08003a37   Thumb Code     8  main.o(i.StartDefaultTask)
    SysTick_Handler                          0x08003a3f   Thumb Code     4  stm32l4xx_it.o(i.SysTick_Handler)
    SystemClock_Config                       0x08003a45   Thumb Code   180  main.o(i.SystemClock_Config)
    SystemInit                               0x08003afd   Thumb Code    56  system_stm32l4xx_1.o(i.SystemInit)
    TIM1_UP_TIM16_IRQHandler                 0x08003b41   Thumb Code     6  stm32l4xx_it.o(i.TIM1_UP_TIM16_IRQHandler)
    TIM_Base_SetConfig                       0x08003b4d   Thumb Code   152  stm32l4xx_hal_tim.o(i.TIM_Base_SetConfig)
    TIM_ETR_SetConfig                        0x08003c05   Thumb Code    20  stm32l4xx_hal_tim.o(i.TIM_ETR_SetConfig)
    TIM_OC2_SetConfig                        0x08003cc5   Thumb Code   120  stm32l4xx_hal_tim.o(i.TIM_OC2_SetConfig)
    UART5_IRQHandler                         0x08003f81   Thumb Code   106  stm32l4xx_it.o(i.UART5_IRQHandler)
    UART_AdvFeatureConfig                    0x08003ffd   Thumb Code   200  stm32l4xx_hal_uart.o(i.UART_AdvFeatureConfig)
    UART_CheckIdleState                      0x080040c5   Thumb Code    92  stm32l4xx_hal_uart.o(i.UART_CheckIdleState)
    UART_SetConfig                           0x080041c9   Thumb Code   614  stm32l4xx_hal_uart.o(i.UART_SetConfig)
    UART_WaitOnFlagUntilTimeout              0x08004461   Thumb Code   100  stm32l4xx_hal_uart.o(i.UART_WaitOnFlagUntilTimeout)
    USART2_IRQHandler                        0x080044c5   Thumb Code    82  stm32l4xx_it.o(i.USART2_IRQHandler)
    __0printf$1                              0x08004529   Thumb Code    22  printf1.o(i.__0printf$1)
    __1printf$1                              0x08004529   Thumb Code     0  printf1.o(i.__0printf$1)
    __2printf                                0x08004529   Thumb Code     0  printf1.o(i.__0printf$1)
    __scatterload_copy                       0x08004549   Thumb Code    14  handlers.o(i.__scatterload_copy)
    __scatterload_null                       0x08004557   Thumb Code     2  handlers.o(i.__scatterload_null)
    __scatterload_zeroinit                   0x08004559   Thumb Code    14  handlers.o(i.__scatterload_zeroinit)
    check_flow_meters                        0x080046c5   Thumb Code   220  garden_tasks.o(i.check_flow_meters)
    correct_rtc_values                       0x0800482d   Thumb Code   198  util_func.o(i.correct_rtc_values)
    debug_parse_data_rx                      0x080048f5   Thumb Code   322  util_func.o(i.debug_parse_data_rx)
    fputc                                    0x08004af5   Thumb Code    30  main.o(i.fputc)
    get_soil_moisture                        0x08004b19   Thumb Code   258  garden_tasks.o(i.get_soil_moisture)
    initialize_system                        0x08004c2d   Thumb Code    22  task_manager.o(i.initialize_system)
    main                                     0x08004c49   Thumb Code   552  main.o(i.main)
    manage_garden                            0x08004f39   Thumb Code   200  task_manager.o(i.manage_garden)
    measure_distance                         0x08005019   Thumb Code    96  ultrasonic.o(i.measure_distance)
    osDelay                                  0x08005085   Thumb Code    14  cmsis_os.o(i.osDelay)
    osKernelStart                            0x08005093   Thumb Code    10  cmsis_os.o(i.osKernelStart)
    osSystickHandler                         0x0800509d   Thumb Code    20  cmsis_os.o(i.osSystickHandler)
    osThreadCreate                           0x080050b1   Thumb Code    56  cmsis_os.o(i.osThreadCreate)
    print_timestamp                          0x080050e9   Thumb Code    96  util_func.o(i.print_timestamp)
    pump_switch                              0x080056cd   Thumb Code     8  water_pump.o(i.pump_switch)
    pvPortMalloc                             0x080056d5   Thumb Code   210  heap_4.o(i.pvPortMalloc)
    pvTaskIncrementMutexHeldCount            0x080057ad   Thumb Code    18  tasks.o(i.pvTaskIncrementMutexHeldCount)
    pxPortInitialiseStack                    0x080057c5   Thumb Code    36  port.o(i.pxPortInitialiseStack)
    read_data_am2302                         0x080057ed   Thumb Code   408  am2302.o(i.read_data_am2302)
    read_flow_rate                           0x08005991   Thumb Code    28  water_flow.o(i.read_flow_rate)
    read_garden_tank_level                   0x080059b9   Thumb Code    96  garden_tasks.o(i.read_garden_tank_level)
    read_soil_moisture                       0x08005a49   Thumb Code    90  soil_moisture.o(i.read_soil_moisture)
    read_temp_humid                          0x08005aa5   Thumb Code   164  garden_tasks.o(i.read_temp_humid)
    set_RTC_alarm                            0x08005ba5   Thumb Code   170  util_func.o(i.set_RTC_alarm)
    start_flow_rate                          0x08005c75   Thumb Code    30  water_flow.o(i.start_flow_rate)
    timer_delay_uS                           0x08005ca1   Thumb Code    38  am2302.o(i.timer_delay_uS)
    timer_uS_start                           0x08005ccd   Thumb Code    30  am2302.o(i.timer_uS_start)
    timer_uS_stop                            0x08005cf1   Thumb Code     6  am2302.o(i.timer_uS_stop)
    uxListRemove                             0x08005cfd   Thumb Code    36  list.o(i.uxListRemove)
    vListInitialise                          0x08005d21   Thumb Code    22  list.o(i.vListInitialise)
    vListInitialiseItem                      0x08005d37   Thumb Code     6  list.o(i.vListInitialiseItem)
    vListInsert                              0x08005d3d   Thumb Code    48  list.o(i.vListInsert)
    vListInsertEnd                           0x08005d6d   Thumb Code    24  list.o(i.vListInsertEnd)
    vPortEnterCritical                       0x08005d85   Thumb Code    54  port.o(i.vPortEnterCritical)
    vPortExitCritical                        0x08005dc5   Thumb Code    34  port.o(i.vPortExitCritical)
    vPortFree                                0x08005ded   Thumb Code    88  heap_4.o(i.vPortFree)
    vPortSetupTimerInterrupt                 0x08005e49   Thumb Code    26  port.o(i.vPortSetupTimerInterrupt)
    vPortValidateInterruptPriority           0x08005e69   Thumb Code    74  port.o(i.vPortValidateInterruptPriority)
    vQueueAddToRegistry                      0x08005ebd   Thumb Code    34  queue.o(i.vQueueAddToRegistry)
    vQueueWaitForMessageRestricted           0x08005ee5   Thumb Code    60  queue.o(i.vQueueWaitForMessageRestricted)
    vTaskDelay                               0x08005f21   Thumb Code    94  tasks.o(i.vTaskDelay)
    vTaskMissedYield                         0x08005f89   Thumb Code     8  tasks.o(i.vTaskMissedYield)
    vTaskPlaceOnEventList                    0x08005f95   Thumb Code    90  tasks.o(i.vTaskPlaceOnEventList)
    vTaskPlaceOnEventListRestricted          0x08005ff9   Thumb Code    92  tasks.o(i.vTaskPlaceOnEventListRestricted)
    vTaskPriorityInherit                     0x0800605d   Thumb Code   124  tasks.o(i.vTaskPriorityInherit)
    vTaskSetTimeOutState                     0x080060e1   Thumb Code    30  tasks.o(i.vTaskSetTimeOutState)
    vTaskStartScheduler                      0x08006105   Thumb Code    94  tasks.o(i.vTaskStartScheduler)
    vTaskSuspendAll                          0x08006175   Thumb Code    10  tasks.o(i.vTaskSuspendAll)
    vTaskSwitchContext                       0x08006185   Thumb Code    82  tasks.o(i.vTaskSwitchContext)
    water_garden                             0x080061e1   Thumb Code   238  garden_tasks.o(i.water_garden)
    xPortStartScheduler                      0x08006381   Thumb Code   202  port.o(i.xPortStartScheduler)
    xPortSysTickHandler                      0x08006461   Thumb Code    38  port.o(i.xPortSysTickHandler)
    xQueueCreateMutex                        0x0800648d   Thumb Code    74  queue.o(i.xQueueCreateMutex)
    xQueueGenericCreate                      0x080064d7   Thumb Code   100  queue.o(i.xQueueGenericCreate)
    xQueueGenericReceive                     0x0800653d   Thumb Code   358  queue.o(i.xQueueGenericReceive)
    xQueueGenericReset                       0x080066a9   Thumb Code   126  queue.o(i.xQueueGenericReset)
    xQueueGenericSend                        0x0800672d   Thumb Code   348  queue.o(i.xQueueGenericSend)
    xQueueGenericSendFromISR                 0x0800688d   Thumb Code   182  queue.o(i.xQueueGenericSendFromISR)
    xTaskCheckForTimeOut                     0x08006945   Thumb Code   102  tasks.o(i.xTaskCheckForTimeOut)
    xTaskGenericCreate                       0x080069b1   Thumb Code   430  tasks.o(i.xTaskGenericCreate)
    xTaskGetSchedulerState                   0x08006b75   Thumb Code    22  tasks.o(i.xTaskGetSchedulerState)
    xTaskGetTickCount                        0x08006b91   Thumb Code     6  tasks.o(i.xTaskGetTickCount)
    xTaskIncrementTick                       0x08006b9d   Thumb Code   194  tasks.o(i.xTaskIncrementTick)
    xTaskPriorityDisinherit                  0x08006c69   Thumb Code   144  tasks.o(i.xTaskPriorityDisinherit)
    xTaskRemoveFromEventList                 0x08006d01   Thumb Code   108  tasks.o(i.xTaskRemoveFromEventList)
    xTaskResumeAll                           0x08006d75   Thumb Code   182  tasks.o(i.xTaskResumeAll)
    xTimerCreateTimerTask                    0x08006e39   Thumb Code    60  timers.o(i.xTimerCreateTimerTask)
    xTimerGenericCommand                     0x08006e85   Thumb Code    92  timers.o(i.xTimerGenericCommand)
    AHBPrescTable                            0x08006ee4   Data          16  system_stm32l4xx_1.o(.constdata)
    MSIRangeTable                            0x08006ef4   Data          48  system_stm32l4xx_1.o(.constdata)
    APBPrescTable                            0x08006f24   Data           8  system_stm32l4xx_1.o(.constdata)
    Region$$Table$$Base                      0x08006f94   Number         0  anon$$obj.o(Region$$Table)
    Region$$Table$$Limit                     0x08006fb4   Number         0  anon$$obj.o(Region$$Table)
    pxCurrentTCB                             0x2000001c   Data           4  tasks.o(.data)
    uwTick                                   0x2000006c   Data           4  stm32l4xx_hal.o(.data)
    SystemCoreClock                          0x20000070   Data           4  system_stm32l4xx_1.o(.data)
    xHigherPriorityTaskWoken                 0x20000074   Data           4  stm32l4xx_it.o(.data)
    sys_stat                                 0x2000007c   Data           1  main.o(.data)
    ret_val                                  0x20000080   Data           4  main.o(.data)
    xSemaphore_printf                        0x20000084   Data           4  main.o(.data)
    xQueue_debug_parse_data_rx               0x20000088   Data           4  main.o(.data)
    xQueue_rtc_alarm                         0x2000008c   Data           4  main.o(.data)
    xQueue_water_garden                      0x20000090   Data           4  main.o(.data)
    xQueue_check_flow_meters                 0x20000094   Data           4  main.o(.data)
    xQueue_read_temp_humid                   0x20000098   Data           4  main.o(.data)
    xQueue_read_soil_moisture                0x2000009c   Data           4  main.o(.data)
    xQueue_parse_xbee_rx                     0x200000a0   Data           4  main.o(.data)
    xQueue_read_garden_tank_level            0x200000a4   Data           4  main.o(.data)
    debug_parse_data_rx_handle               0x200000a8   Data           4  main.o(.data)
    manage_garden_handle                     0x200000ac   Data           4  main.o(.data)
    water_garden_handle                      0x200000b0   Data           4  main.o(.data)
    check_flow_meters_handle                 0x200000b4   Data           4  main.o(.data)
    read_temp_humid_handle                   0x200000b8   Data           4  main.o(.data)
    read_soil_moisture_handle                0x200000bc   Data           4  main.o(.data)
    read_garden_tank_level_handle            0x200000c0   Data           4  main.o(.data)
    defaultTaskHandle                        0x200000c4   Data           4  main.o(.data)
    GARDEN_PUMP_FLOW_METER_count             0x200000c8   Data           4  main.o(.data)
    AQUA_PUMP_FISH_TANK_FLOW_METER_count     0x200000cc   Data           4  main.o(.data)
    AQUA_PUMP_TOWER_FLOW_METER_count         0x200000d0   Data           4  main.o(.data)
    __stdout                                 0x200000d4   Data           4  main.o(.data)
    xQueueRegistry                           0x20000100   Data          64  queue.o(.bss)
    htim1                                    0x20002170   Data          60  stm32l4xx_hal_timebase_tim.o(.bss)
    debug_rx_buf                             0x200021ac   Data          50  main.o(.bss)
    xbee_rx_buff                             0x200021de   Data         100  main.o(.bss)
    hadc1                                    0x20002244   Data         104  main.o(.bss)
    hi2c3                                    0x200022ac   Data          76  main.o(.bss)
    hrtc                                     0x200022f8   Data          36  main.o(.bss)
    hspi1                                    0x2000231c   Data         100  main.o(.bss)
    htim2                                    0x20002380   Data          60  main.o(.bss)
    htim4                                    0x200023bc   Data          60  main.o(.bss)
    huart5                                   0x200023f8   Data         112  main.o(.bss)
    huart2                                   0x20002468   Data         112  main.o(.bss)
    GPIO_InitStruct                          0x200024d8   Data          20  am2302.o(.bss)
    __initial_sp                             0x200028f0   Data           0  startup_stm32l476xx.o(STACK)



==============================================================================

Memory Map of the image

  Image Entry point : 0x08000189

  Load Region LR_IROM1 (Base: 0x08000000, Size: 0x0000708c, Max: 0x00100000, ABSOLUTE)

    Execution Region ER_IROM1 (Base: 0x08000000, Size: 0x00006fb4, Max: 0x00100000, ABSOLUTE)

    Base Addr    Size         Type   Attr      Idx    E Section Name        Object

    0x08000000   0x00000188   Data   RO         1186    RESET               startup_stm32l476xx.o
    0x08000188   0x00000000   Code   RO         6299  * .ARM.Collect$$$$00000000  mc_w.l(entry.o)
    0x08000188   0x00000004   Code   RO         6571    .ARM.Collect$$$$00000001  mc_w.l(entry2.o)
    0x0800018c   0x00000004   Code   RO         6574    .ARM.Collect$$$$00000004  mc_w.l(entry5.o)
    0x08000190   0x00000000   Code   RO         6576    .ARM.Collect$$$$00000008  mc_w.l(entry7b.o)
    0x08000190   0x00000000   Code   RO         6578    .ARM.Collect$$$$0000000A  mc_w.l(entry8b.o)
    0x08000190   0x00000008   Code   RO         6579    .ARM.Collect$$$$0000000B  mc_w.l(entry9a.o)
    0x08000198   0x00000000   Code   RO         6581    .ARM.Collect$$$$0000000D  mc_w.l(entry10a.o)
    0x08000198   0x00000000   Code   RO         6583    .ARM.Collect$$$$0000000F  mc_w.l(entry11a.o)
    0x08000198   0x00000004   Code   RO         6572    .ARM.Collect$$$$00002712  mc_w.l(entry2.o)
    0x0800019c   0x000000da   Code   RO            1    .emb_text           port.o
    0x08000276   0x00000002   PAD
    0x08000278   0x00000024   Code   RO         1187    .text               startup_stm32l476xx.o
    0x0800029c   0x00000068   Code   RO         6302    .text               mc_w.l(uldiv.o)
    0x08000304   0x00000024   Code   RO         6304    .text               mc_w.l(memcpya.o)
    0x08000328   0x00000024   Code   RO         6306    .text               mc_w.l(memseta.o)
    0x0800034c   0x0000002c   Code   RO         6585    .text               mc_w.l(uidiv.o)
    0x08000378   0x0000001e   Code   RO         6587    .text               mc_w.l(llshl.o)
    0x08000396   0x00000020   Code   RO         6589    .text               mc_w.l(llushr.o)
    0x080003b6   0x00000002   PAD
    0x080003b8   0x00000024   Code   RO         6602    .text               mc_w.l(init.o)
    0x080003dc   0x000000bc   Code   RO         2365    i.ADC_ConversionStop  stm32l4xx_hal_adc.o
    0x08000498   0x00000062   Code   RO         2369    i.ADC_Disable       stm32l4xx_hal_adc.o
    0x080004fa   0x00000002   PAD
    0x080004fc   0x00000068   Code   RO         2370    i.ADC_Enable        stm32l4xx_hal_adc.o
    0x08000564   0x0000001e   Code   RO         5543    i.EXTI15_10_IRQHandler  stm32l4xx_it.o
    0x08000582   0x00000002   PAD
    0x08000584   0x00000058   Code   RO         5544    i.EXTI9_5_IRQHandler  stm32l4xx_it.o
    0x080005dc   0x000000fc   Code   RO         1213    i.HAL_ADCEx_MultiModeConfigChannel  stm32l4xx_hal_adc_ex.o
    0x080006d8   0x00000486   Code   RO         2372    i.HAL_ADC_ConfigChannel  stm32l4xx_hal_adc.o
    0x08000b5e   0x00000006   Code   RO         2379    i.HAL_ADC_GetValue  stm32l4xx_hal_adc.o
    0x08000b64   0x00000234   Code   RO         2381    i.HAL_ADC_Init      stm32l4xx_hal_adc.o
    0x08000d98   0x00000084   Code   RO         5640    i.HAL_ADC_MspInit   stm32l4xx_hal_msp.o
    0x08000e1c   0x00000138   Code   RO         2385    i.HAL_ADC_PollForConversion  stm32l4xx_hal_adc.o
    0x08000f54   0x000000e8   Code   RO         2387    i.HAL_ADC_Start     stm32l4xx_hal_adc.o
    0x0800103c   0x0000003e   Code   RO         2390    i.HAL_ADC_Stop      stm32l4xx_hal_adc.o
    0x0800107a   0x0000004a   Code   RO         3480    i.HAL_DMA_Abort_IT  stm32l4xx_hal_dma.o
    0x080010c4   0x00000002   Code   RO         3277    i.HAL_GPIO_EXTI_Callback  stm32l4xx_hal_gpio.o
    0x080010c6   0x00000002   PAD
    0x080010c8   0x00000018   Code   RO         3278    i.HAL_GPIO_EXTI_IRQHandler  stm32l4xx_hal_gpio.o
    0x080010e0   0x000001ca   Code   RO         3279    i.HAL_GPIO_Init     stm32l4xx_hal_gpio.o
    0x080012aa   0x0000000a   Code   RO         3281    i.HAL_GPIO_ReadPin  stm32l4xx_hal_gpio.o
    0x080012b4   0x0000000a   Code   RO         3283    i.HAL_GPIO_WritePin  stm32l4xx_hal_gpio.o
    0x080012be   0x00000002   PAD
    0x080012c0   0x0000000c   Code   RO         5275    i.HAL_GetTick       stm32l4xx_hal.o
    0x080012cc   0x00000056   Code   RO         4549    i.HAL_I2CEx_ConfigAnalogFilter  stm32l4xx_hal_i2c_ex.o
    0x08001322   0x00000002   PAD
    0x08001324   0x000000b8   Code   RO         1594    i.HAL_I2C_Init      stm32l4xx_hal_i2c.o
    0x080013dc   0x00000048   Code   RO         5642    i.HAL_I2C_MspInit   stm32l4xx_hal_msp.o
    0x08001424   0x00000010   Code   RO         5276    i.HAL_IncTick       stm32l4xx_hal.o
    0x08001434   0x00000024   Code   RO         5277    i.HAL_Init          stm32l4xx_hal.o
    0x08001458   0x00000074   Code   RO         5497    i.HAL_InitTick      stm32l4xx_hal_timebase_tim.o
    0x080014cc   0x00000080   Code   RO         5643    i.HAL_MspInit       stm32l4xx_hal_msp.o
    0x0800154c   0x00000016   Code   RO         2554    i.HAL_NVIC_EnableIRQ  stm32l4xx_hal_cortex.o
    0x08001562   0x00000002   PAD
    0x08001564   0x00000040   Code   RO         2560    i.HAL_NVIC_SetPriority  stm32l4xx_hal_cortex.o
    0x080015a4   0x00000024   Code   RO         2561    i.HAL_NVIC_SetPriorityGrouping  stm32l4xx_hal_cortex.o
    0x080015c8   0x00000064   Code   RO         2120    i.HAL_PWREx_ControlVoltageScaling  stm32l4xx_hal_pwr_ex.o
    0x0800162c   0x00000010   Code   RO         2151    i.HAL_PWREx_GetVoltageRange  stm32l4xx_hal_pwr_ex.o
    0x0800163c   0x000003ae   Code   RO         3357    i.HAL_RCCEx_PeriphCLKConfig  stm32l4xx_hal_rcc_ex.o
    0x080019ea   0x00000002   PAD
    0x080019ec   0x00000180   Code   RO         1483    i.HAL_RCC_ClockConfig  stm32l4xx_hal_rcc.o
    0x08001b6c   0x00000040   Code   RO         1486    i.HAL_RCC_GetClockConfig  stm32l4xx_hal_rcc.o
    0x08001bac   0x0000000c   Code   RO         1487    i.HAL_RCC_GetHCLKFreq  stm32l4xx_hal_rcc.o
    0x08001bb8   0x00000030   Code   RO         1489    i.HAL_RCC_GetPCLK1Freq  stm32l4xx_hal_rcc.o
    0x08001be8   0x00000030   Code   RO         1490    i.HAL_RCC_GetPCLK2Freq  stm32l4xx_hal_rcc.o
    0x08001c18   0x000000fc   Code   RO         1491    i.HAL_RCC_GetSysClockFreq  stm32l4xx_hal_rcc.o
    0x08001d14   0x00000480   Code   RO         1494    i.HAL_RCC_OscConfig  stm32l4xx_hal_rcc.o
    0x08002194   0x00000002   Code   RO         4603    i.HAL_RTCEx_AlarmBEventCallback  stm32l4xx_hal_rtc_ex.o
    0x08002196   0x00000002   Code   RO         4358    i.HAL_RTC_AlarmAEventCallback  stm32l4xx_hal_rtc.o
    0x08002198   0x0000005c   Code   RO         4359    i.HAL_RTC_AlarmIRQHandler  stm32l4xx_hal_rtc.o
    0x080021f4   0x00000044   Code   RO         4363    i.HAL_RTC_GetDate   stm32l4xx_hal_rtc.o
    0x08002238   0x00000058   Code   RO         4365    i.HAL_RTC_GetTime   stm32l4xx_hal_rtc.o
    0x08002290   0x000000a8   Code   RO         4366    i.HAL_RTC_Init      stm32l4xx_hal_rtc.o
    0x08002338   0x00000034   Code   RO         5645    i.HAL_RTC_MspInit   stm32l4xx_hal_msp.o
    0x0800236c   0x000001a6   Code   RO         4371    i.HAL_RTC_SetAlarm_IT  stm32l4xx_hal_rtc.o
    0x08002512   0x00000002   PAD
    0x08002514   0x000000d8   Code   RO         4372    i.HAL_RTC_SetDate   stm32l4xx_hal_rtc.o
    0x080025ec   0x000000e4   Code   RO         4373    i.HAL_RTC_SetTime   stm32l4xx_hal_rtc.o
    0x080026d0   0x00000036   Code   RO         4374    i.HAL_RTC_WaitForSynchro  stm32l4xx_hal_rtc.o
    0x08002706   0x00000002   Code   RO         2681    i.HAL_SPI_ErrorCallback  stm32l4xx_hal_spi.o
    0x08002708   0x000000d8   Code   RO         2684    i.HAL_SPI_IRQHandler  stm32l4xx_hal_spi.o
    0x080027e0   0x000000ac   Code   RO         2685    i.HAL_SPI_Init      stm32l4xx_hal_spi.o
    0x0800288c   0x00000064   Code   RO         5647    i.HAL_SPI_MspInit   stm32l4xx_hal_msp.o
    0x080028f0   0x00000018   Code   RO         2563    i.HAL_SYSTICK_CLKSourceConfig  stm32l4xx_hal_cortex.o
    0x08002908   0x00000028   Code   RO         2565    i.HAL_SYSTICK_Config  stm32l4xx_hal_cortex.o
    0x08002930   0x00000002   Code   RO         3025    i.HAL_TIMEx_BreakCallback  stm32l4xx_hal_tim_ex.o
    0x08002932   0x00000002   Code   RO         3026    i.HAL_TIMEx_CommutationCallback  stm32l4xx_hal_tim_ex.o
    0x08002934   0x00000058   Code   RO         3044    i.HAL_TIMEx_MasterConfigSynchronization  stm32l4xx_hal_tim_ex.o
    0x0800298c   0x00000036   Code   RO         3575    i.HAL_TIM_Base_Init  stm32l4xx_hal_tim.o
    0x080029c2   0x00000002   PAD
    0x080029c4   0x00000024   Code   RO         5649    i.HAL_TIM_Base_MspInit  stm32l4xx_hal_msp.o
    0x080029e8   0x0000001a   Code   RO         3578    i.HAL_TIM_Base_Start  stm32l4xx_hal_tim.o
    0x08002a02   0x00000018   Code   RO         3580    i.HAL_TIM_Base_Start_IT  stm32l4xx_hal_tim.o
    0x08002a1a   0x0000002c   Code   RO         3581    i.HAL_TIM_Base_Stop  stm32l4xx_hal_tim.o
    0x08002a46   0x00000002   PAD
    0x08002a48   0x000000fc   Code   RO         3584    i.HAL_TIM_ConfigClockSource  stm32l4xx_hal_tim.o
    0x08002b44   0x00000002   Code   RO         3604    i.HAL_TIM_IC_CaptureCallback  stm32l4xx_hal_tim.o
    0x08002b46   0x00000166   Code   RO         3617    i.HAL_TIM_IRQHandler  stm32l4xx_hal_tim.o
    0x08002cac   0x00000030   Code   RO         5650    i.HAL_TIM_MspPostInit  stm32l4xx_hal_msp.o
    0x08002cdc   0x00000002   Code   RO         3620    i.HAL_TIM_OC_DelayElapsedCallback  stm32l4xx_hal_tim.o
    0x08002cde   0x00000128   Code   RO         3641    i.HAL_TIM_PWM_ConfigChannel  stm32l4xx_hal_tim.o
    0x08002e06   0x00000036   Code   RO         3644    i.HAL_TIM_PWM_Init  stm32l4xx_hal_tim.o
    0x08002e3c   0x00000028   Code   RO         5652    i.HAL_TIM_PWM_MspInit  stm32l4xx_hal_msp.o
    0x08002e64   0x00000002   Code   RO         3647    i.HAL_TIM_PWM_PulseFinishedCallback  stm32l4xx_hal_tim.o
    0x08002e66   0x00000002   PAD
    0x08002e68   0x00000014   Code   RO         5783    i.HAL_TIM_PeriodElapsedCallback  main.o
    0x08002e7c   0x00000002   Code   RO         3658    i.HAL_TIM_TriggerCallback  stm32l4xx_hal_tim.o
    0x08002e7e   0x00000002   Code   RO         4500    i.HAL_UARTEx_WakeupCallback  stm32l4xx_hal_uart_ex.o
    0x08002e80   0x00000002   Code   RO         4865    i.HAL_UART_ErrorCallback  stm32l4xx_hal_uart.o
    0x08002e82   0x00000002   PAD
    0x08002e84   0x0000019c   Code   RO         4868    i.HAL_UART_IRQHandler  stm32l4xx_hal_uart.o
    0x08003020   0x0000006a   Code   RO         4869    i.HAL_UART_Init     stm32l4xx_hal_uart.o
    0x0800308a   0x00000002   PAD
    0x0800308c   0x000000b0   Code   RO         5654    i.HAL_UART_MspInit  stm32l4xx_hal_msp.o
    0x0800313c   0x000000ec   Code   RO         4872    i.HAL_UART_Receive  stm32l4xx_hal_uart.o
    0x08003228   0x00000002   Code   RO         4875    i.HAL_UART_RxCpltCallback  stm32l4xx_hal_uart.o
    0x0800322a   0x000000b4   Code   RO         4877    i.HAL_UART_Transmit  stm32l4xx_hal_uart.o
    0x080032de   0x00000002   Code   RO         4880    i.HAL_UART_TxCpltCallback  stm32l4xx_hal_uart.o
    0x080032e0   0x0000006c   Code   RO         5784    i.MX_ADC1_Init      main.o
    0x0800334c   0x0000014e   Code   RO         5785    i.MX_GPIO_Init      main.o
    0x0800349a   0x00000002   PAD
    0x0800349c   0x00000044   Code   RO         5786    i.MX_I2C3_Init      main.o
    0x080034e0   0x00000030   Code   RO         5787    i.MX_RTC_Init       main.o
    0x08003510   0x00000048   Code   RO         5788    i.MX_SPI1_Init      main.o
    0x08003558   0x00000058   Code   RO         5789    i.MX_TIM4_Init      main.o
    0x080035b0   0x00000038   Code   RO         5790    i.MX_UART5_Init     main.o
    0x080035e8   0x00000038   Code   RO         5791    i.MX_USART2_UART_Init  main.o
    0x08003620   0x00000020   Code   RO         2567    i.NVIC_SetPriority  stm32l4xx_hal_cortex.o
    0x08003640   0x00000168   Code   RO         3360    i.RCCEx_PLLSAI1_Config  stm32l4xx_hal_rcc_ex.o
    0x080037a8   0x0000013c   Code   RO         3361    i.RCCEx_PLLSAI2_Config  stm32l4xx_hal_rcc_ex.o
    0x080038e4   0x0000007c   Code   RO         1495    i.RCC_SetFlashLatencyFromMSIRange  stm32l4xx_hal_rcc.o
    0x08003960   0x00000024   Code   RO         5545    i.RTC_Alarm_IRQHandler  stm32l4xx_it.o
    0x08003984   0x00000012   Code   RO         4375    i.RTC_Bcd2ToByte    stm32l4xx_hal_rtc.o
    0x08003996   0x00000016   Code   RO         4376    i.RTC_ByteToBcd2    stm32l4xx_hal_rtc.o
    0x080039ac   0x0000003a   Code   RO         4377    i.RTC_EnterInitMode  stm32l4xx_hal_rtc.o
    0x080039e6   0x00000002   PAD
    0x080039e8   0x00000030   Code   RO         6203    i.Reinit_SW_Pin     am2302.o
    0x08003a18   0x0000000c   Code   RO         5546    i.SPI1_IRQHandler   stm32l4xx_it.o
    0x08003a24   0x00000012   Code   RO         2712    i.SPI_DMAAbortOnError  stm32l4xx_hal_spi.o
    0x08003a36   0x00000008   Code   RO         5792    i.StartDefaultTask  main.o
    0x08003a3e   0x00000004   Code   RO         5547    i.SysTick_Handler   stm32l4xx_it.o
    0x08003a42   0x00000002   PAD
    0x08003a44   0x000000b8   Code   RO         5793    i.SystemClock_Config  main.o
    0x08003afc   0x00000044   Code   RO         5460    i.SystemInit        system_stm32l4xx_1.o
    0x08003b40   0x0000000c   Code   RO         5548    i.TIM1_UP_TIM16_IRQHandler  stm32l4xx_it.o
    0x08003b4c   0x000000b8   Code   RO         3659    i.TIM_Base_SetConfig  stm32l4xx_hal_tim.o
    0x08003c04   0x00000014   Code   RO         3666    i.TIM_ETR_SetConfig  stm32l4xx_hal_tim.o
    0x08003c18   0x00000010   Code   RO         3667    i.TIM_ITRx_SetConfig  stm32l4xx_hal_tim.o
    0x08003c28   0x0000009c   Code   RO         3668    i.TIM_OC1_SetConfig  stm32l4xx_hal_tim.o
    0x08003cc4   0x00000090   Code   RO         3669    i.TIM_OC2_SetConfig  stm32l4xx_hal_tim.o
    0x08003d54   0x00000090   Code   RO         3670    i.TIM_OC3_SetConfig  stm32l4xx_hal_tim.o
    0x08003de4   0x00000074   Code   RO         3671    i.TIM_OC4_SetConfig  stm32l4xx_hal_tim.o
    0x08003e58   0x00000070   Code   RO         3672    i.TIM_OC5_SetConfig  stm32l4xx_hal_tim.o
    0x08003ec8   0x00000070   Code   RO         3673    i.TIM_OC6_SetConfig  stm32l4xx_hal_tim.o
    0x08003f38   0x00000022   Code   RO         3675    i.TIM_TI1_ConfigInputStage  stm32l4xx_hal_tim.o
    0x08003f5a   0x00000024   Code   RO         3677    i.TIM_TI2_ConfigInputStage  stm32l4xx_hal_tim.o
    0x08003f7e   0x00000002   PAD
    0x08003f80   0x0000007c   Code   RO         5549    i.UART5_IRQHandler  stm32l4xx_it.o
    0x08003ffc   0x000000c8   Code   RO         4882    i.UART_AdvFeatureConfig  stm32l4xx_hal_uart.o
    0x080040c4   0x0000005c   Code   RO         4883    i.UART_CheckIdleState  stm32l4xx_hal_uart.o
    0x08004120   0x00000014   Code   RO         4884    i.UART_DMAAbortOnError  stm32l4xx_hal_uart.o
    0x08004134   0x0000001c   Code   RO         4894    i.UART_EndRxTransfer  stm32l4xx_hal_uart.o
    0x08004150   0x00000076   Code   RO         4896    i.UART_Receive_IT   stm32l4xx_hal_uart.o
    0x080041c6   0x00000002   PAD
    0x080041c8   0x00000298   Code   RO         4897    i.UART_SetConfig    stm32l4xx_hal_uart.o
    0x08004460   0x00000064   Code   RO         4898    i.UART_WaitOnFlagUntilTimeout  stm32l4xx_hal_uart.o
    0x080044c4   0x00000064   Code   RO         5550    i.USART2_IRQHandler  stm32l4xx_it.o
    0x08004528   0x00000020   Code   RO         6355    i.__0printf$1       mc_w.l(printf1.o)
    0x08004548   0x0000000e   Code   RO         6610    i.__scatterload_copy  mc_w.l(handlers.o)
    0x08004556   0x00000002   Code   RO         6611    i.__scatterload_null  mc_w.l(handlers.o)
    0x08004558   0x0000000e   Code   RO         6612    i.__scatterload_zeroinit  mc_w.l(handlers.o)
    0x08004566   0x00000002   PAD
    0x08004568   0x0000015a   Code   RO         6362    i._printf_core      mc_w.l(printf1.o)
    0x080046c2   0x00000002   PAD
    0x080046c4   0x00000168   Code   RO         6117    i.check_flow_meters  garden_tasks.o
    0x0800482c   0x000000c6   Code   RO         5982    i.correct_rtc_values  util_func.o
    0x080048f2   0x00000002   PAD
    0x080048f4   0x00000200   Code   RO         5983    i.debug_parse_data_rx  util_func.o
    0x08004af4   0x00000024   Code   RO         5794    i.fputc             main.o
    0x08004b18   0x00000114   Code   RO         6118    i.get_soil_moisture  garden_tasks.o
    0x08004c2c   0x0000001c   Code   RO         6037    i.initialize_system  task_manager.o
    0x08004c48   0x000002e4   Code   RO         5795    i.main              main.o
    0x08004f2c   0x0000000c   Code   RO          826    i.makeFreeRtosPriority  cmsis_os.o
    0x08004f38   0x000000e0   Code   RO         6038    i.manage_garden     task_manager.o
    0x08005018   0x0000006c   Code   RO         6277    i.measure_distance  ultrasonic.o
    0x08005084   0x0000000e   Code   RO          827    i.osDelay           cmsis_os.o
    0x08005092   0x0000000a   Code   RO          830    i.osKernelStart     cmsis_os.o
    0x0800509c   0x00000014   Code   RO          859    i.osSystickHandler  cmsis_os.o
    0x080050b0   0x00000038   Code   RO          860    i.osThreadCreate    cmsis_os.o
    0x080050e8   0x00000098   Code   RO         5984    i.print_timestamp   util_func.o
    0x08005180   0x00000034   Code   RO          485    i.prvAddCurrentTaskToDelayedList  tasks.o
    0x080051b4   0x00000060   Code   RO          107    i.prvCheckForValidListAndQueue  timers.o
    0x08005214   0x00000054   Code   RO          486    i.prvCheckTasksWaitingTermination  tasks.o
    0x08005268   0x00000026   Code   RO          332    i.prvCopyDataFromQueue  queue.o
    0x0800528e   0x0000006e   Code   RO          333    i.prvCopyDataToQueue  queue.o
    0x080052fc   0x0000004c   Code   RO          773    i.prvHeapInit       heap_4.o
    0x08005348   0x00000028   Code   RO          487    i.prvIdleTask       tasks.o
    0x08005370   0x0000004c   Code   RO          774    i.prvInsertBlockIntoFreeList  heap_4.o
    0x080053bc   0x00000038   Code   RO          108    i.prvInsertTimerInActiveList  timers.o
    0x080053f4   0x000000bc   Code   RO          109    i.prvProcessReceivedCommands  timers.o
    0x080054b0   0x000000b8   Code   RO          110    i.prvProcessTimerOrBlockTask  timers.o
    0x08005568   0x00000020   Code   RO          489    i.prvResetNextTaskUnblockTime  tasks.o
    0x08005588   0x00000028   Code   RO          111    i.prvSampleTimeNow  timers.o
    0x080055b0   0x0000006c   Code   RO          112    i.prvSwitchTimerLists  timers.o
    0x0800561c   0x00000028   Code   RO            2    i.prvTaskExitError  port.o
    0x08005644   0x00000024   Code   RO          113    i.prvTimerTask      timers.o
    0x08005668   0x00000064   Code   RO          334    i.prvUnlockQueue    queue.o
    0x080056cc   0x00000008   Code   RO         5755    i.pump_switch       water_pump.o
    0x080056d4   0x000000d8   Code   RO          775    i.pvPortMalloc      heap_4.o
    0x080057ac   0x00000018   Code   RO          491    i.pvTaskIncrementMutexHeldCount  tasks.o
    0x080057c4   0x00000028   Code   RO            3    i.pxPortInitialiseStack  port.o
    0x080057ec   0x000001a2   Code   RO         6204    i.read_data_am2302  am2302.o
    0x0800598e   0x00000002   PAD
    0x08005990   0x00000028   Code   RO         6087    i.read_flow_rate    water_flow.o
    0x080059b8   0x00000090   Code   RO         6119    i.read_garden_tank_level  garden_tasks.o
    0x08005a48   0x0000005a   Code   RO         6253    i.read_soil_moisture  soil_moisture.o
    0x08005aa2   0x00000002   PAD
    0x08005aa4   0x00000100   Code   RO         6120    i.read_temp_humid   garden_tasks.o
    0x08005ba4   0x000000d0   Code   RO         5985    i.set_RTC_alarm     util_func.o
    0x08005c74   0x0000002c   Code   RO         6088    i.start_flow_rate   water_flow.o
    0x08005ca0   0x0000002c   Code   RO         6205    i.timer_delay_uS    am2302.o
    0x08005ccc   0x00000024   Code   RO         6206    i.timer_uS_start    am2302.o
    0x08005cf0   0x0000000c   Code   RO         6207    i.timer_uS_stop     am2302.o
    0x08005cfc   0x00000024   Code   RO          290    i.uxListRemove      list.o
    0x08005d20   0x00000016   Code   RO          291    i.vListInitialise   list.o
    0x08005d36   0x00000006   Code   RO          292    i.vListInitialiseItem  list.o
    0x08005d3c   0x00000030   Code   RO          293    i.vListInsert       list.o
    0x08005d6c   0x00000018   Code   RO          294    i.vListInsertEnd    list.o
    0x08005d84   0x00000040   Code   RO            5    i.vPortEnterCritical  port.o
    0x08005dc4   0x00000028   Code   RO            6    i.vPortExitCritical  port.o
    0x08005dec   0x0000005c   Code   RO          776    i.vPortFree         heap_4.o
    0x08005e48   0x00000020   Code   RO            7    i.vPortSetupTimerInterrupt  port.o
    0x08005e68   0x00000054   Code   RO            8    i.vPortValidateInterruptPriority  port.o
    0x08005ebc   0x00000028   Code   RO          340    i.vQueueAddToRegistry  queue.o
    0x08005ee4   0x0000003c   Code   RO          344    i.vQueueWaitForMessageRestricted  queue.o
    0x08005f20   0x00000068   Code   RO          499    i.vTaskDelay        tasks.o
    0x08005f88   0x0000000c   Code   RO          502    i.vTaskMissedYield  tasks.o
    0x08005f94   0x00000064   Code   RO          504    i.vTaskPlaceOnEventList  tasks.o
    0x08005ff8   0x00000064   Code   RO          505    i.vTaskPlaceOnEventListRestricted  tasks.o
    0x0800605c   0x00000084   Code   RO          507    i.vTaskPriorityInherit  tasks.o
    0x080060e0   0x00000024   Code   RO          511    i.vTaskSetTimeOutState  tasks.o
    0x08006104   0x00000070   Code   RO          512    i.vTaskStartScheduler  tasks.o
    0x08006174   0x00000010   Code   RO          514    i.vTaskSuspendAll   tasks.o
    0x08006184   0x0000005c   Code   RO          515    i.vTaskSwitchContext  tasks.o
    0x080061e0   0x000001a0   Code   RO         6121    i.water_garden      garden_tasks.o
    0x08006380   0x000000e0   Code   RO            9    i.xPortStartScheduler  port.o
    0x08006460   0x0000002c   Code   RO           10    i.xPortSysTickHandler  port.o
    0x0800648c   0x0000004a   Code   RO          345    i.xQueueCreateMutex  queue.o
    0x080064d6   0x00000064   Code   RO          346    i.xQueueGenericCreate  queue.o
    0x0800653a   0x00000002   PAD
    0x0800653c   0x0000016c   Code   RO          347    i.xQueueGenericReceive  queue.o
    0x080066a8   0x00000084   Code   RO          348    i.xQueueGenericReset  queue.o
    0x0800672c   0x00000160   Code   RO          349    i.xQueueGenericSend  queue.o
    0x0800688c   0x000000b6   Code   RO          350    i.xQueueGenericSendFromISR  queue.o
    0x08006942   0x00000002   PAD
    0x08006944   0x0000006c   Code   RO          516    i.xTaskCheckForTimeOut  tasks.o
    0x080069b0   0x000001c2   Code   RO          517    i.xTaskGenericCreate  tasks.o
    0x08006b72   0x00000002   PAD
    0x08006b74   0x0000001c   Code   RO          521    i.xTaskGetSchedulerState  tasks.o
    0x08006b90   0x0000000c   Code   RO          522    i.xTaskGetTickCount  tasks.o
    0x08006b9c   0x000000cc   Code   RO          524    i.xTaskIncrementTick  tasks.o
    0x08006c68   0x00000098   Code   RO          527    i.xTaskPriorityDisinherit  tasks.o
    0x08006d00   0x00000074   Code   RO          528    i.xTaskRemoveFromEventList  tasks.o
    0x08006d74   0x000000c4   Code   RO          530    i.xTaskResumeAll    tasks.o
    0x08006e38   0x0000004c   Code   RO          117    i.xTimerCreateTimerTask  timers.o
    0x08006e84   0x00000060   Code   RO          118    i.xTimerGenericCommand  timers.o
    0x08006ee4   0x00000040   Data   RO         5461    .constdata          system_stm32l4xx_1.o
    0x08006f24   0x00000008   Data   RO         5462    .constdata          system_stm32l4xx_1.o
    0x08006f2c   0x00000014   Data   RO         5803    .constdata          main.o
    0x08006f40   0x0000000c   Data   RO         5804    .conststring        main.o
    0x08006f4c   0x00000045   Data   RO         6122    .conststring        garden_tasks.o
    0x08006f91   0x00000003   PAD
    0x08006f94   0x00000020   Data   RO         6608    Region$$Table       anon$$obj.o


    Execution Region RW_IRAM1 (Base: 0x20000000, Size: 0x000028f0, Max: 0x00018000, ABSOLUTE)

    Base Addr    Size         Type   Attr      Idx    E Section Name        Object

    0x20000000   0x0000000c   Data   RW           11    .data               port.o
    0x2000000c   0x00000010   Data   RW          121    .data               timers.o
    0x2000001c   0x00000038   Data   RW          533    .data               tasks.o
    0x20000054   0x00000018   Data   RW          781    .data               heap_4.o
    0x2000006c   0x00000004   Data   RW         5293    .data               stm32l4xx_hal.o
    0x20000070   0x00000004   Data   RW         5463    .data               system_stm32l4xx_1.o
    0x20000074   0x00000004   Data   RW         5551    .data               stm32l4xx_it.o
    0x20000078   0x00000004   Data   RW         5655    .data               stm32l4xx_hal_msp.o
    0x2000007c   0x0000004c   Data   RW         5805    .data               main.o
    0x200000c8   0x00000004   Data   RW         5806    .data               main.o
    0x200000cc   0x00000004   Data   RW         5807    .data               main.o
    0x200000d0   0x00000004   Data   RW         5808    .data               main.o
    0x200000d4   0x00000004   Data   RW         5817    .data               main.o
    0x200000d8   0x00000028   Zero   RW          120    .bss                timers.o
    0x20000100   0x00000040   Zero   RW          356    .bss                queue.o
    0x20000140   0x000000f0   Zero   RW          532    .bss                tasks.o
    0x20000230   0x00001f40   Zero   RW          780    .bss                heap_4.o
    0x20002170   0x0000003c   Zero   RW         5500    .bss                stm32l4xx_hal_timebase_tim.o
    0x200021ac   0x00000032   Zero   RW         5797    .bss                main.o
    0x200021de   0x00000064   Zero   RW         5798    .bss                main.o
    0x20002242   0x00000002   PAD
    0x20002244   0x00000294   Zero   RW         5799    .bss                main.o
    0x200024d8   0x00000014   Zero   RW         6208    .bss                am2302.o
    0x200024ec   0x00000004   PAD
    0x200024f0   0x00000400   Zero   RW         1184    STACK               startup_stm32l476xx.o


==============================================================================

Image component sizes


      Code (inc. data)   RO Data    RW Data    ZI Data      Debug   Object Name

       558         28          0          0         20       4499   am2302.o
       112          0          0          0          0      16456   cmsis_os.o
         0          0          0          0          0       3300   croutine.o
      1452        476         69          0          0       3554   garden_tasks.o
       460         24          0         24       8000       5015   heap_4.o
       136          0          0          0          0       8942   list.o
      1818        292         32         92        810      16950   main.o
       786         84          0         12          0      24885   port.o
      1552         22          0          0         64      14277   queue.o
        90          0          0          0          0        817   soil_moisture.o
        36          8        392          0       1024        844   startup_stm32l476xx.o
        64         16          0          4          0       3104   stm32l4xx_hal.o
      2724         86          0          0          0      10269   stm32l4xx_hal_adc.o
       252         12          0          0          0     908611   stm32l4xx_hal_adc_ex.o
       218         14          0          0          0      31317   stm32l4xx_hal_cortex.o
        74          0          0          0          0       1163   stm32l4xx_hal_dma.o
       504         44          0          0          0       4603   stm32l4xx_hal_gpio.o
       184          6          0          0          0       3031   stm32l4xx_hal_i2c.o
        86          0          0          0          0       1211   stm32l4xx_hal_i2c_ex.o
       784        102          0          4          0       6832   stm32l4xx_hal_msp.o
       116         20          0          0          0       1438   stm32l4xx_hal_pwr_ex.o
      2084        106          0          0          0       8293   stm32l4xx_hal_rcc.o
      1618         40          0          0          0       4340   stm32l4xx_hal_rcc_ex.o
      1436         34          0          0          0      10502   stm32l4xx_hal_rtc.o
         2          0          0          0          0       1536   stm32l4xx_hal_rtc_ex.o
       408          4          0          0          0       3712   stm32l4xx_hal_spi.o
      2190        186          0          0          0      18245   stm32l4xx_hal_tim.o
        92         10          0          0          0       2722   stm32l4xx_hal_tim_ex.o
       116         18          0          0         60       1572   stm32l4xx_hal_timebase_tim.o
      2162         74          0          0          0      13067   stm32l4xx_hal_uart.o
         2          0          0          0          0       1080   stm32l4xx_hal_uart_ex.o
       406         74          0          4          0       4684   stm32l4xx_it.o
        68         12         72          4          0       1569   system_stm32l4xx_1.o
       252         30          0          0          0       1300   task_manager.o
      2202        186          0         56        240      23234   tasks.o
       880         82          0         16         40      22291   timers.o
       108         12          0          0          0       1327   ultrasonic.o
      1070        284          0          0          0       3791   util_func.o
        84         26          0          0          0       1167   water_flow.o
         8          0          0          0          0        986   water_pump.o

    ----------------------------------------------------------------------
     27244       2412        600        216      10264    1196536   Object Totals
         0          0         32          0          0          0   (incl. Generated)
        50          0          3          0          6          0   (incl. Padding)

    ----------------------------------------------------------------------

      Code (inc. data)   RO Data    RW Data    ZI Data      Debug   Library Member Name

         0          0          0          0          0          0   entry.o
         0          0          0          0          0          0   entry10a.o
         0          0          0          0          0          0   entry11a.o
         8          4          0          0          0          0   entry2.o
         4          0          0          0          0          0   entry5.o
         0          0          0          0          0          0   entry7b.o
         0          0          0          0          0          0   entry8b.o
         8          4          0          0          0          0   entry9a.o
        30          0          0          0          0          0   handlers.o
        36          8          0          0          0         68   init.o
        30          0          0          0          0         68   llshl.o
        32          0          0          0          0         68   llushr.o
        36          0          0          0          0         68   memcpya.o
        36          0          0          0          0        108   memseta.o
       378         14          0          0          0        184   printf1.o
        44          0          0          0          0         80   uidiv.o
       104          0          0          0          0         92   uldiv.o

    ----------------------------------------------------------------------
       752         30          0          0          0        736   Library Totals
         6          0          0          0          0          0   (incl. Padding)

    ----------------------------------------------------------------------

      Code (inc. data)   RO Data    RW Data    ZI Data      Debug   Library Name

       746         30          0          0          0        736   mc_w.l

    ----------------------------------------------------------------------
       752         30          0          0          0        736   Library Totals

    ----------------------------------------------------------------------

==============================================================================


      Code (inc. data)   RO Data    RW Data    ZI Data      Debug   

     27996       2442        600        216      10264    1176264   Grand Totals
     27996       2442        600        216      10264    1176264   ELF Image Totals
     27996       2442        600        216          0          0   ROM Totals

==============================================================================

    Total RO  Size (Code + RO Data)                28596 (  27.93kB)
    Total RW  Size (RW Data + ZI Data)             10480 (  10.23kB)
    Total ROM Size (Code + RO Data + RW Data)      28812 (  28.14kB)

==============================================================================

